#
# There is insufficient memory for the Java Runtime Environment to continue.
# Native memory allocation (mmap) failed to map 29360128 bytes. Error detail: G1 virtual space
# Possible reasons:
#   The system is out of physical RAM or swap space
#   This process is running with CompressedOops enabled, and the Java Heap may be blocking the growth of the native heap
# Possible solutions:
#   Reduce memory load on the system
#   Increase physical memory or swap space
#   Check if swap backing store is full
#   Decrease Java heap size (-Xmx/-Xms)
#   Decrease number of Java threads
#   Decrease Java thread stack sizes (-Xss)
#   Set larger code cache with -XX:ReservedCodeCacheSize=
#   JVM is running with Zero Based Compressed Oops mode in which the Java heap is
#     placed in the first 32GB address space. The Java Heap base address is the
#     maximum limit for the native heap growth. Please use -XX:HeapBaseMinAddress
#     to set the Java Heap base and to place the Java Heap above 32GB virtual address.
# This output file may be truncated or incomplete.
#
#  Out of Memory Error (os_windows.cpp:3583), pid=8900, tid=17984
#
# JRE version: OpenJDK Runtime Environment Temurin-26.0.2+10 (26.0.2+10) (build 26.0.2+10)
# Java VM: OpenJDK 64-Bit Server VM Temurin-26.0.2+10 (26.0.2+10, mixed mode, sharing, tiered, compressed oops, compressed class ptrs, g1 gc, windows-amd64)
# No core dump will be written. Minidumps are not enabled by default on client versions of Windows
#

---------------  S U M M A R Y ------------

Command Line: --enable-native-access=ALL-UNNAMED -Dclassworlds.conf=D:\Apache NetBeans\java\maven\bin\m2.conf -Dmaven.home=D:\Apache NetBeans\java\maven -Dlibrary.jansi.path=D:\Apache NetBeans\java\maven\lib\jansi-native -Dmaven.multiModuleProjectDirectory=D:\PBO\SistemPemesananTiketPesawat org.codehaus.plexus.classworlds.launcher.Launcher -Dexec.vmArgs= -Dexec.args=${exec.vmArgs} -classpath %classpath ${exec.mainClass} ${exec.appArgs} -Dexec.appArgs= -Dexec.mainClass=main.SistemPemesananTiketPesawat -Dexec.executable=D:\Apache NetBeans\jdk\bin\java.exe -Dmaven.ext.class.path=D:\Apache NetBeans\java\maven-nblib\netbeans-eventspy.jar --no-transfer-progress process-classes org.codehaus.mojo:exec-maven-plugin:3.6.3:exec

Host: 11th Gen Intel(R) Core(TM) i7-1165G7 @ 2.80GHz, 8 cores, 11G,  Windows 11 , 64 bit Build 26100 (10.0.26100.7019)
Time: Thu Sep 24 09:46:23 2026 Malay Peninsula Standard Time elapsed time: 1.584779 seconds (0d 0h 0m 1s)

---------------  T H R E A D  ---------------

Current thread (0x000001cd05ef9e20):  VMThread "VM Thread"          [id=17984, stack(0x00000089e1e00000,0x00000089e1f00000) (1024K)]

Stack: [0x00000089e1e00000,0x00000089e1f00000]
Native frames: (J=compiled Java code, j=interpreted, Vv=VM code, C=native code)
V  [jvm.dll+0x7dcd79]  (no source info available)
V  [jvm.dll+0x7a98ad]  (no source info available)
V  [jvm.dll+0xa461e0]  (no source info available)
V  [jvm.dll+0xa48631]  (no source info available)
V  [jvm.dll+0xa48d43]  (no source info available)
V  [jvm.dll+0x312fe6]  (no source info available)
V  [jvm.dll+0x7dc245]  (no source info available)
V  [jvm.dll+0x7cf427]  (no source info available)
V  [jvm.dll+0x40dd98]  (no source info available)
V  [jvm.dll+0x416116]  (no source info available)
V  [jvm.dll+0x4024c4]  (no source info available)
V  [jvm.dll+0x4027b5]  (no source info available)
V  [jvm.dll+0x3d961f]  (no source info available)
V  [jvm.dll+0x3dc85c]  (no source info available)
V  [jvm.dll+0x427a9c]  (no source info available)
V  [jvm.dll+0x4263d0]  (no source info available)
V  [jvm.dll+0x3d8d98]  (no source info available)
V  [jvm.dll+0x425793]  (no source info available)
V  [jvm.dll+0xa4f1d2]  (no source info available)
V  [jvm.dll+0xa5019b]  (no source info available)
V  [jvm.dll+0xa506a6]  (no source info available)
V  [jvm.dll+0xa50b28]  (no source info available)
V  [jvm.dll+0xa50dc3]  (no source info available)
V  [jvm.dll+0x9e4749]  (no source info available)
V  [jvm.dll+0x7de858]  (no source info available)
C  [ucrtbase.dll+0x37b0]  (no source info available)
C  [KERNEL32.DLL+0x2e8d7]  (no source info available)
C  [ntdll.dll+0x8c53c]  (no source info available)

VM_Operation (0x00000089e16fddc8): G1CollectForAllocation, mode: safepoint, requested by thread 0x000001cd64dbd260


---------------  P R O C E S S  ---------------

Threads class SMR info:
_java_thread_list=0x000001cd0aeea120, length=13, elements={
0x000001cd64dbd260, 0x000001cd05f092e0, 0x000001cd05f09d30, 0x000001cd05f0ccc0,
0x000001cd05f10050, 0x000001cd05f12c10, 0x000001cd05f1bf10, 0x000001cd05f5db40,
0x000001cd05f60350, 0x000001cd0a0ba7a0, 0x000001cd0a118560, 0x000001cd0a21bb70,
0x000001cd0af47100
}

Java Threads: ( => current thread )
  0x000001cd64dbd260 JavaThread "main"                              [_thread_blocked, id=21980, stack(0x00000089e1600000,0x00000089e1700000) (1024K)]
  0x000001cd05f092e0 JavaThread "Reference Handler"          daemon [_thread_blocked, id=10664, stack(0x00000089e1f00000,0x00000089e2000000) (1024K)]
  0x000001cd05f09d30 JavaThread "Finalizer"                  daemon [_thread_blocked, id=21612, stack(0x00000089e2000000,0x00000089e2100000) (1024K)]
  0x000001cd05f0ccc0 JavaThread "Signal Dispatcher"          daemon [_thread_blocked, id=1832, stack(0x00000089e2100000,0x00000089e2200000) (1024K)]
  0x000001cd05f10050 JavaThread "Attach Listener"            daemon [_thread_blocked, id=2720, stack(0x00000089e2200000,0x00000089e2300000) (1024K)]
  0x000001cd05f12c10 JavaThread "Service Thread"             daemon [_thread_blocked, id=23448, stack(0x00000089e2300000,0x00000089e2400000) (1024K)]
  0x000001cd05f1bf10 JavaThread "Monitor Deflation Thread"   daemon [_thread_blocked, id=14680, stack(0x00000089e2400000,0x00000089e2500000) (1024K)]
  0x000001cd05f5db40 JavaThread "C2 CompilerThread0"         daemon [_thread_blocked, id=13732, stack(0x00000089e2500000,0x00000089e2600000) (1024K)]
  0x000001cd05f60350 JavaThread "C1 CompilerThread0"         daemon [_thread_blocked, id=23084, stack(0x00000089e2600000,0x00000089e2700000) (1024K)]
  0x000001cd0a0ba7a0 JavaThread "Notification Thread"        daemon [_thread_blocked, id=21188, stack(0x00000089e2700000,0x00000089e2800000) (1024K)]
  0x000001cd0a118560 JavaThread "Common-Cleaner"             daemon [_thread_blocked, id=6760, stack(0x00000089e2800000,0x00000089e2900000) (1024K)]
  0x000001cd0a21bb70 JavaThread "C2 CompilerThread1"         daemon [_thread_blocked, id=1008, stack(0x00000089e2b00000,0x00000089e2c00000) (1024K)]
  0x000001cd0af47100 JavaThread "C2 CompilerThread2"         daemon [_thread_blocked, id=22988, stack(0x00000089e2900000,0x00000089e2a00000) (1024K)]
Total: 13

Other Threads:
=>0x000001cd05ef9e20 VMThread "VM Thread"                           [id=17984, stack(0x00000089e1e00000,0x00000089e1f00000) (1024K)]
  0x000001cd05ee8aa0 WatcherThread "VM Periodic Task Thread"        [id=17864, stack(0x00000089e1d00000,0x00000089e1e00000) (1024K)]
  0x000001cd67158f30 WorkerThread "GC Thread#0"                     [id=12228, stack(0x00000089e1700000,0x00000089e1800000) (1024K)]
  0x000001cd0a61d9c0 WorkerThread "GC Thread#1"                     [id=22792, stack(0x00000089e2a00000,0x00000089e2b00000) (1024K)]
  0x000001cd0b0e1150 WorkerThread "GC Thread#2"                     [id=21908, stack(0x00000089e2c00000,0x00000089e2d00000) (1024K)]
  0x000001cd0b431480 WorkerThread "GC Thread#3"                     [id=11488, stack(0x00000089e2d00000,0x00000089e2e00000) (1024K)]
  0x000001cd0af95000 WorkerThread "GC Thread#4"                     [id=4708, stack(0x00000089e2e00000,0x00000089e2f00000) (1024K)]
  0x000001cd0af80e30 WorkerThread "GC Thread#5"                     [id=19028, stack(0x00000089e2f00000,0x00000089e3000000) (1024K)]
  0x000001cd0af81250 WorkerThread "GC Thread#6"                     [id=22732, stack(0x00000089e3000000,0x00000089e3100000) (1024K)]
  0x000001cd0b00e760 WorkerThread "GC Thread#7"                     [id=20848, stack(0x00000089e3100000,0x00000089e3200000) (1024K)]
  0x000001cd6716c8c0 ConcurrentGCThread "G1 Main Marker"            [id=21148, stack(0x00000089e1800000,0x00000089e1900000) (1024K)]
  0x000001cd6716dbe0 WorkerThread "G1 Conc#0"                       [id=14356, stack(0x00000089e1900000,0x00000089e1a00000) (1024K)]
  0x000001cd05db1e80 WorkerThread "G1 Refinement Workers#0"         [id=2144, stack(0x00000089e1b00000,0x00000089e1c00000) (1024K)]
  0x000001cd671aea40 ConcurrentGCThread "G1 Refine Control"         [id=3044, stack(0x00000089e1a00000,0x00000089e1b00000) (1024K)]
  0x000001cd05db5910 ConcurrentGCThread "G1 Service"                [id=5004, stack(0x00000089e1c00000,0x00000089e1d00000) (1024K)]
Total: 15

Threads with active compile tasks:
C2 CompilerThread0  1791 2806       4       jdk.internal.loader.URLClassPath::getResource (71 bytes)
C1 CompilerThread0  1791 2855       3       jdk.internal.module.SystemModuleFinders$SystemModuleReader::find (63 bytes)
Total: 2

VM state: at safepoint (normal execution)

VM Mutex/Monitor currently owned by a thread:  ([mutex/lock_event])
[0x00007fffe2751b88] Threads_lock - owner thread: 0x000001cd05ef9e20
[0x00007fffe2751e08] Heap_lock - owner thread: 0x000001cd64dbd260

Heap address: 0x0000000743200000, size: 3022 MB, Compressed Oops mode: Zero based, Oop shift amount: 3

CDS archive(s) mapped at: [0x0000000083000000-0x0000000083de0000-0x0000000083de0000), size 14548992, SharedBaseAddress: 0x0000000083000000, ArchiveRelocationMode: 1.
Compressed class space mapped at: 0x0000000084000000-0x00000000c4000000, reserved size: 1073741824
UseCompressedClassPointers 1, UseCompactObjectHeaders 0
Narrow klass pointer bits 32, Max shift 3
Narrow klass base: 0x0000000083000000, Narrow klass shift: 0
Encoding Range: [0x0000000083000000 - 0x0000000183000000), (4294967296 bytes)
Klass Range:    [0x0000000083000000 - 0x00000000c4000000), (1090519040 bytes)
Klass ID Range:  [8 - 1090519033) (1090519025)
Protection zone: [0x0000000083000000 - 0x0000000083010000), (65536 bytes)

GC Precious Log:
 CardTable entry size: 512
 Card Set container configuration: InlinePtr #cards 4 size 8 Array Of Cards #cards 16 size 48 Howl #buckets 8 coarsen threshold 3686 Howl Bitmap #cards 512 size 80 coarsen threshold 460 Card regions per heap region 1 cards per card region 4096
 CPUs: 8 total, 8 available
 Memory: 12087M
 Large Page Support: Disabled
 NUMA Support: Disabled
 Compressed Oops: Enabled (Zero based)
 Heap Region Size: 2M
 Heap Min Capacity: 8M
 Heap Initial Capacity: 8M
 Heap Max Capacity: 3022M
 Pre-touch: Disabled
 Parallel Workers: 8
 Concurrent Workers: 2
 Concurrent Refinement Workers: 8
 Periodic GC: Disabled

Heap:
 garbage-first heap   total reserved 3094528K, committed 28672K, used 8338K [0x0000000743200000, 0x0000000800000000)
  region size 2M, 0 eden (0M), 1 survivor (2M), 4 old (8M), 0 humongous (0M), 9 free (18M)

Heap Regions: E=young(eden), S=young(survivor), O=old, HS=humongous(starts), HC=humongous(continues), CS=collection set, F=free, TAMS=top-at-mark-start, PB=parsable bottom
|    0|0x0000000743200000, 0x0000000743400000, 0x0000000743400000|100%| O|  |TAMS 0x0000000743200000| PB 0x0000000743200000| Untracked |  0
|    1|0x0000000743400000, 0x0000000743600000, 0x0000000743600000|100%| O|  |TAMS 0x0000000743400000| PB 0x0000000743400000| Untracked |  0
|    2|0x0000000743600000, 0x000000074374f5c0, 0x0000000743800000| 65%| O|  |TAMS 0x0000000743600000| PB 0x0000000743600000| Untracked |  0
|    3|0x0000000743800000, 0x0000000743800000, 0x0000000743a00000|  0%| F|  |TAMS 0x0000000743800000| PB 0x0000000743800000| Untracked |  0
|    4|0x0000000743a00000, 0x0000000743a00000, 0x0000000743c00000|  0%| F|  |TAMS 0x0000000743a00000| PB 0x0000000743a00000| Untracked |  0
|    5|0x0000000743c00000, 0x0000000743dad920, 0x0000000743e00000| 83%| S|CS|TAMS 0x0000000743c00000| PB 0x0000000743c00000| Complete  |  0
|    6|0x0000000743e00000, 0x0000000743e00000, 0x0000000744000000|  0%| F|  |TAMS 0x0000000743e00000| PB 0x0000000743e00000| Untracked |  0
|    7|0x0000000744000000, 0x0000000744000000, 0x0000000744200000|  0%| F|  |TAMS 0x0000000744000000| PB 0x0000000744000000| Untracked |  0
|    8|0x0000000744200000, 0x0000000744200000, 0x0000000744400000|  0%| F|  |TAMS 0x0000000744200000| PB 0x0000000744200000| Untracked |  0
|    9|0x0000000744400000, 0x0000000744400000, 0x0000000744600000|  0%| F|  |TAMS 0x0000000744400000| PB 0x0000000744400000| Untracked |  0
|   10|0x0000000744600000, 0x0000000744600000, 0x0000000744800000|  0%| F|  |TAMS 0x0000000744600000| PB 0x0000000744600000| Untracked |  0
|   11|0x0000000744800000, 0x0000000744800000, 0x0000000744a00000|  0%| F|  |TAMS 0x0000000744800000| PB 0x0000000744800000| Untracked |  0
|   12|0x0000000744a00000, 0x0000000744a00000, 0x0000000744c00000|  0%| F|  |TAMS 0x0000000744a00000| PB 0x0000000744a00000| Untracked |  0
| 1510|0x00000007ffe00000, 0x00000007fff27c00, 0x0000000800000000| 57%| O|  |TAMS 0x00000007ffe00000| PB 0x00000007ffe00000| Untracked |  0

Card table byte_map: [0x000001cd7f940000,0x000001cd7ff30000] _byte_map_base: 0x000001cd7bf27000
Refinement table byte_map: [0x000001cd00000000,0x000001cd005f0000] _byte_map_base: 0x000001ccfc5e7000

Marking Bits: (CMBitMap*) 0x000001cd671596b0
 Bits: [0x000001cd005f0000, 0x000001cd03528000)

Polling page: 0x000001cd64f80000

Metaspace:
Metaspace        used 13564K, committed 13760K, reserved 1114112K
 class space     used 1726K, committed 1856K, reserved 1048576K

Usage:
  Non-class:     11.56 MB used.
      Class:      1.69 MB used.
       Both:     13.25 MB used.

Virtual space:
  Non-class space:       64.00 MB reserved,      11.62 MB ( 18%) committed,  1 nodes.
      Class space:        1.00 GB reserved,       1.81 MB ( <1%) committed,  1 nodes.
             Both:        1.06 GB reserved,      13.44 MB (  1%) committed. 

Chunk freelists:
   Non-Class:  3.38 MB
       Class:  14.04 MB
        Both:  17.41 MB

MaxMetaspaceSize: unlimited
CompressedClassSpaceSize: 1.00 GB
Initial GC threshold: 21.00 MB
Current GC threshold: 21.00 MB
CDS: on
 - commit_granule_bytes: 65536.
 - commit_granule_words: 8192.
 - virtual_space_node_default_size: 8388608.
 - enlarge_chunks_in_place: 1.
UseCompressedClassPointers 1, UseCompactObjectHeaders 0
Narrow klass pointer bits 32, Max shift 3
Narrow klass base: 0x0000000083000000, Narrow klass shift: 0
Encoding Range: [0x0000000083000000 - 0x0000000183000000), (4294967296 bytes)
Klass Range:    [0x0000000083000000 - 0x00000000c4000000), (1090519040 bytes)
Klass ID Range:  [8 - 1090519033) (1090519025)
Protection zone: [0x0000000083000000 - 0x0000000083010000), (65536 bytes)


Internal statistics:

num_allocs_failed_limit: 0.
num_arena_births: 90.
num_arena_deaths: 0.
num_vsnodes_births: 2.
num_vsnodes_deaths: 0.
num_space_committed: 215.
num_space_uncommitted: 0.
num_chunks_returned_to_freelist: 0.
num_chunks_taken_from_freelist: 572.
num_chunk_merges: 0.
num_chunk_splits: 385.
num_chunks_enlarged: 307.
num_inconsistent_stats: 0.

CodeHeap 'non-profiled nmethods': size=120064Kb used=912Kb max_used=912Kb free=119151Kb
 bounds [0x000001cd77ae0000, 0x000001cd77d50000, 0x000001cd7f020000]
CodeHeap 'profiled nmethods': size=120064Kb used=4329Kb max_used=4329Kb free=115734Kb
 bounds [0x000001cd70000000, 0x000001cd70440000, 0x000001cd77540000]
CodeHeap 'non-nmethods': size=5760Kb used=1498Kb max_used=1537Kb free=4261Kb
 bounds [0x000001cd77540000, 0x000001cd777b0000, 0x000001cd77ae0000]
CodeCache: size=245888Kb, used=6739Kb, max_used=6778Kb, free=239146Kb
 total_blobs=3350, nmethods=2853, adapters=401, full_count=0
Compilation: enabled, stopped_count=0, restarted_count=0

Compilation events (20 events):
Event: 1.563 Thread 0x000001cd05f60350 nmethod 2848 0x000001cd70437d08 code [0x000001cd70437e00, 0x000001cd70438280]
Event: 1.563 Thread 0x000001cd05f60350 2846       3       org.eclipse.sisu.inject.RankedSequence::peek (21 bytes)
Event: 1.563 Thread 0x000001cd05f60350 nmethod 2846 0x000001cd70438288 code [0x000001cd70438380, 0x000001cd70438528]
Event: 1.563 Thread 0x000001cd05f60350 2845   !   3       com.google.inject.internal.ProvisionListenerStackCallback::provision (107 bytes)
Event: 1.564 Thread 0x000001cd05f60350 nmethod 2845 0x000001cd70438588 code [0x000001cd70438680, 0x000001cd704391f8]
Event: 1.564 Thread 0x000001cd05f60350 2844       1       org.eclipse.sisu.inject.RankedBindings::type (5 bytes)
Event: 1.564 Thread 0x000001cd05f60350 nmethod 2844 0x000001cd77bc3e08 code [0x000001cd77bc3f00, 0x000001cd77bc3fb8]
Event: 1.564 Thread 0x000001cd05f60350 2849       3       sun.net.util.IPAddressUtil::checkHostString (65 bytes)
Event: 1.564 Thread 0x000001cd05f60350 nmethod 2849 0x000001cd70439288 code [0x000001cd70439380, 0x000001cd70439578]
Event: 1.564 Thread 0x000001cd05f60350 2850       3       java.util.regex.Pattern$$Lambda/0x800000035::is (9 bytes)
Event: 1.565 Thread 0x000001cd05f60350 nmethod 2850 0x000001cd70439588 code [0x000001cd70439680, 0x000001cd704398f0]
Event: 1.565 Thread 0x000001cd05f60350 2851       3       java.util.regex.Pattern::lambda$negate$0 (16 bytes)
Event: 1.565 Thread 0x000001cd05f60350 nmethod 2851 0x000001cd70439908 code [0x000001cd70439a00, 0x000001cd70439bf0]
Event: 1.565 Thread 0x000001cd05f60350 2852       3       java.util.regex.Pattern$BitClass::is (22 bytes)
Event: 1.565 Thread 0x000001cd05f60350 nmethod 2852 0x000001cd70439c08 code [0x000001cd70439d00, 0x000001cd70439ea8]
Event: 1.573 Thread 0x000001cd05f60350 2854       3       java.util.Arrays$ArrayList::indexOf (62 bytes)
Event: 1.573 Thread 0x000001cd05f60350 nmethod 2854 0x000001cd70439f08 code [0x000001cd7043a000, 0x000001cd7043a438]
Event: 1.573 Thread 0x000001cd05f60350 2853       3       java.util.Arrays$ArrayList::contains (14 bytes)
Event: 1.573 Thread 0x000001cd05f60350 nmethod 2853 0x000001cd7043a488 code [0x000001cd7043a580, 0x000001cd7043a718]
Event: 1.574 Thread 0x000001cd05f60350 2855       3       jdk.internal.module.SystemModuleFinders$SystemModuleReader::find (63 bytes)

GC Heap Usage History (15 events):
Event: 0.185 {heap Before GC invocations=0 (full 0):
 garbage-first heap   total reserved 3094528K, committed 10240K, used 5279K [0x0000000743200000, 0x0000000800000000)
  region size 2M, 2 eden (4M), 0 survivor (0M), 1 old (2M), 0 humongous (0M), 2 free (4M)
}
Event: 0.188 {heap After GC invocations=1 (full 0):
 garbage-first heap   total reserved 3094528K, committed 10240K, used 2737K [0x0000000743200000, 0x0000000800000000)
  region size 2M, 0 eden (0M), 1 survivor (2M), 1 old (2M), 0 humongous (0M), 3 free (6M)
}
Event: 0.256 {heap Before GC invocations=1 (full 0):
 garbage-first heap   total reserved 3094528K, committed 10240K, used 4785K [0x0000000743200000, 0x0000000800000000)
  region size 2M, 1 eden (2M), 1 survivor (2M), 1 old (2M), 0 humongous (0M), 2 free (4M)
}
Event: 0.259 {heap After GC invocations=2 (full 0):
 garbage-first heap   total reserved 3094528K, committed 10240K, used 2954K [0x0000000743200000, 0x0000000800000000)
  region size 2M, 0 eden (0M), 1 survivor (2M), 2 old (4M), 0 humongous (0M), 2 free (4M)
}
Event: 0.311 {heap Before GC invocations=2 (full 0):
 garbage-first heap   total reserved 3094528K, committed 10240K, used 5002K [0x0000000743200000, 0x0000000800000000)
  region size 2M, 1 eden (2M), 1 survivor (2M), 2 old (4M), 0 humongous (0M), 1 free (2M)
}
Event: 0.313 {heap After GC invocations=3 (full 0):
 garbage-first heap   total reserved 3094528K, committed 28672K, used 3274K [0x0000000743200000, 0x0000000800000000)
  region size 2M, 0 eden (0M), 1 survivor (2M), 2 old (4M), 0 humongous (0M), 11 free (22M)
}
Event: 0.572 {heap Before GC invocations=3 (full 0):
 garbage-first heap   total reserved 3094528K, committed 28672K, used 13514K [0x0000000743200000, 0x0000000800000000)
  region size 2M, 6 eden (12M), 1 survivor (2M), 2 old (4M), 0 humongous (0M), 5 free (10M)
}
Event: 0.576 {heap After GC invocations=4 (full 0):
 garbage-first heap   total reserved 3094528K, committed 28672K, used 4387K [0x0000000743200000, 0x0000000800000000)
  region size 2M, 0 eden (0M), 1 survivor (2M), 2 old (4M), 0 humongous (0M), 11 free (22M)
}
Event: 0.758 {heap Before GC invocations=4 (full 0):
 garbage-first heap   total reserved 3094528K, committed 28672K, used 16675K [0x0000000743200000, 0x0000000800000000)
  region size 2M, 6 eden (12M), 1 survivor (2M), 2 old (4M), 0 humongous (0M), 5 free (10M)
}
Event: 0.762 {heap After GC invocations=5 (full 0):
 garbage-first heap   total reserved 3094528K, committed 28672K, used 4838K [0x0000000743200000, 0x0000000800000000)
  region size 2M, 0 eden (0M), 1 survivor (2M), 3 old (6M), 0 humongous (0M), 10 free (20M)
}
Event: 0.987 {heap Before GC invocations=5 (full 0):
 garbage-first heap   total reserved 3094528K, committed 28672K, used 17126K [0x0000000743200000, 0x0000000800000000)
  region size 2M, 6 eden (12M), 1 survivor (2M), 3 old (6M), 0 humongous (0M), 4 free (8M)
}
Event: 0.989 {heap After GC invocations=6 (full 0):
 garbage-first heap   total reserved 3094528K, committed 28672K, used 5244K [0x0000000743200000, 0x0000000800000000)
  region size 2M, 0 eden (0M), 1 survivor (2M), 3 old (6M), 0 humongous (0M), 10 free (20M)
}
Event: 1.256 {heap Before GC invocations=6 (full 0):
 garbage-first heap   total reserved 3094528K, committed 28672K, used 19580K [0x0000000743200000, 0x0000000800000000)
  region size 2M, 7 eden (14M), 1 survivor (2M), 3 old (6M), 0 humongous (0M), 3 free (6M)
}
Event: 1.261 {heap After GC invocations=7 (full 0):
 garbage-first heap   total reserved 3094528K, committed 28672K, used 6570K [0x0000000743200000, 0x0000000800000000)
  region size 2M, 0 eden (0M), 1 survivor (2M), 3 old (6M), 0 humongous (0M), 10 free (20M)
}
Event: 1.574 {heap Before GC invocations=7 (full 0):
 garbage-first heap   total reserved 3094528K, committed 28672K, used 20906K [0x0000000743200000, 0x0000000800000000)
  region size 2M, 7 eden (14M), 1 survivor (2M), 3 old (6M), 0 humongous (0M), 3 free (6M)
}

Metaspace Usage History (15 events):
Event: 0.185 {metaspace Before GC invocations=0 (full 0):
 Metaspace       used 978K, committed 1088K, reserved 1114112K
  class space    used 74K, committed 128K, reserved 1048576K
}
Event: 0.188 {metaspace After GC invocations=1 (full 0):
 Metaspace       used 978K, committed 1088K, reserved 1114112K
  class space    used 74K, committed 128K, reserved 1048576K
}
Event: 0.256 {metaspace Before GC invocations=1 (full 0):
 Metaspace       used 1865K, committed 2048K, reserved 1114112K
  class space    used 170K, committed 256K, reserved 1048576K
}
Event: 0.259 {metaspace After GC invocations=2 (full 0):
 Metaspace       used 1865K, committed 2048K, reserved 1114112K
  class space    used 170K, committed 256K, reserved 1048576K
}
Event: 0.311 {metaspace Before GC invocations=2 (full 0):
 Metaspace       used 2476K, committed 2688K, reserved 1114112K
  class space    used 235K, committed 320K, reserved 1048576K
}
Event: 0.313 {metaspace After GC invocations=3 (full 0):
 Metaspace       used 2476K, committed 2688K, reserved 1114112K
  class space    used 235K, committed 320K, reserved 1048576K
}
Event: 0.572 {metaspace Before GC invocations=3 (full 0):
 Metaspace       used 5548K, committed 5760K, reserved 1114112K
  class space    used 669K, committed 768K, reserved 1048576K
}
Event: 0.576 {metaspace After GC invocations=4 (full 0):
 Metaspace       used 5548K, committed 5760K, reserved 1114112K
  class space    used 669K, committed 768K, reserved 1048576K
}
Event: 0.758 {metaspace Before GC invocations=4 (full 0):
 Metaspace       used 6544K, committed 6720K, reserved 1114112K
  class space    used 798K, committed 896K, reserved 1048576K
}
Event: 0.762 {metaspace After GC invocations=5 (full 0):
 Metaspace       used 6544K, committed 6720K, reserved 1114112K
  class space    used 798K, committed 896K, reserved 1048576K
}
Event: 0.987 {metaspace Before GC invocations=5 (full 0):
 Metaspace       used 8045K, committed 8256K, reserved 1114112K
  class space    used 982K, committed 1088K, reserved 1048576K
}
Event: 0.989 {metaspace After GC invocations=6 (full 0):
 Metaspace       used 8045K, committed 8256K, reserved 1114112K
  class space    used 982K, committed 1088K, reserved 1048576K
}
Event: 1.256 {metaspace Before GC invocations=6 (full 0):
 Metaspace       used 10937K, committed 11136K, reserved 1114112K
  class space    used 1387K, committed 1472K, reserved 1048576K
}
Event: 1.261 {metaspace After GC invocations=7 (full 0):
 Metaspace       used 10937K, committed 11136K, reserved 1114112K
  class space    used 1387K, committed 1472K, reserved 1048576K
}
Event: 1.574 {metaspace Before GC invocations=7 (full 0):
 Metaspace       used 13564K, committed 13760K, reserved 1114112K
  class space    used 1726K, committed 1856K, reserved 1048576K
}

Dll operation events (14 events):
Event: 0.014 Attempting to load shared library D:\Apache NetBeans\jdk\bin\java.dll
Event: 0.016 Loaded shared library D:\Apache NetBeans\jdk\bin\java.dll
Event: 0.060 Attempting to load shared library D:\Apache NetBeans\jdk\bin\net.dll
Event: 0.061 Loaded shared library D:\Apache NetBeans\jdk\bin\net.dll
Event: 0.062 Attempting to load shared library D:\Apache NetBeans\jdk\bin\nio.dll
Event: 0.063 Loaded shared library D:\Apache NetBeans\jdk\bin\nio.dll
Event: 0.066 Attempting to load shared library D:\Apache NetBeans\jdk\bin\zip.dll
Event: 0.066 Loaded shared library D:\Apache NetBeans\jdk\bin\zip.dll
Event: 0.188 Attempting to load shared library D:\Apache NetBeans\java\maven\lib\jansi-native\Windows\x86_64\jansi.dll
Event: 0.189 Loaded shared library D:\Apache NetBeans\java\maven\lib\jansi-native\Windows\x86_64\jansi.dll
Event: 0.189 Attempting to load shared library D:\Apache NetBeans\jdk\bin\jimage.dll
Event: 0.189 Loaded shared library D:\Apache NetBeans\jdk\bin\jimage.dll
Event: 0.198 Attempting to load shared library D:\Apache NetBeans\jdk\bin\verify.dll
Event: 0.198 Loaded shared library D:\Apache NetBeans\jdk\bin\verify.dll

Deoptimization events (20 events):
Event: 1.553 Thread 0x000001cd64dbd260 Uncommon trap: trap_request=0xffffff45 fr.pc=0x000001cd77b68420 relative=0x00000000000000a0
Event: 1.553 Thread 0x000001cd64dbd260 Uncommon trap: reason=unstable_if action=reinterpret pc=0x000001cd77b68420 method=sun.net.util.IPAddressUtil.scan(Ljava/lang/String;JJ[C)I @ 14 c2
Event: 1.553 Thread 0x000001cd64dbd260 DEOPT PACKING pc=0x000001cd77b68420 sp=0x00000089e16fe6c0
Event: 1.553 Thread 0x000001cd64dbd260 DEOPT UNPACKING pc=0x000001cd77673602 sp=0x00000089e16fe540 mode 2
Event: 1.560 Thread 0x000001cd64dbd260 Uncommon trap: trap_request=0xffffff5e fr.pc=0x000001cd77bc0db8 relative=0x00000000000003b8
Event: 1.560 Thread 0x000001cd64dbd260 Uncommon trap: reason=speculate_class_check action=maybe_recompile pc=0x000001cd77bc0db8 method=java.lang.String.<init>(Ljava/lang/AbstractStringBuilder;Ljava/lang/Void;)V @ 10 c2
Event: 1.560 Thread 0x000001cd64dbd260 DEOPT PACKING pc=0x000001cd77bc0db8 sp=0x00000089e16fe660
Event: 1.560 Thread 0x000001cd64dbd260 DEOPT UNPACKING pc=0x000001cd77673602 sp=0x00000089e16fe630 mode 2
Event: 1.560 Thread 0x000001cd64dbd260 Uncommon trap: trap_request=0xffffff5e fr.pc=0x000001cd77bc0db8 relative=0x00000000000003b8
Event: 1.560 Thread 0x000001cd64dbd260 Uncommon trap: reason=speculate_class_check action=maybe_recompile pc=0x000001cd77bc0db8 method=java.lang.String.<init>(Ljava/lang/AbstractStringBuilder;Ljava/lang/Void;)V @ 10 c2
Event: 1.560 Thread 0x000001cd64dbd260 DEOPT PACKING pc=0x000001cd77bc0db8 sp=0x00000089e16fe6d0
Event: 1.560 Thread 0x000001cd64dbd260 DEOPT UNPACKING pc=0x000001cd77673602 sp=0x00000089e16fe6a0 mode 2
Event: 1.560 Thread 0x000001cd64dbd260 Uncommon trap: trap_request=0xffffff5e fr.pc=0x000001cd77bc0db8 relative=0x00000000000003b8
Event: 1.560 Thread 0x000001cd64dbd260 Uncommon trap: reason=speculate_class_check action=maybe_recompile pc=0x000001cd77bc0db8 method=java.lang.String.<init>(Ljava/lang/AbstractStringBuilder;Ljava/lang/Void;)V @ 10 c2
Event: 1.560 Thread 0x000001cd64dbd260 DEOPT PACKING pc=0x000001cd77bc0db8 sp=0x00000089e16fe730
Event: 1.560 Thread 0x000001cd64dbd260 DEOPT UNPACKING pc=0x000001cd77673602 sp=0x00000089e16fe700 mode 2
Event: 1.560 Thread 0x000001cd64dbd260 Uncommon trap: trap_request=0xffffff5e fr.pc=0x000001cd77bc0db8 relative=0x00000000000003b8
Event: 1.560 Thread 0x000001cd64dbd260 Uncommon trap: reason=speculate_class_check action=maybe_recompile pc=0x000001cd77bc0db8 method=java.lang.String.<init>(Ljava/lang/AbstractStringBuilder;Ljava/lang/Void;)V @ 10 c2
Event: 1.560 Thread 0x000001cd64dbd260 DEOPT PACKING pc=0x000001cd77bc0db8 sp=0x00000089e16fe7a0
Event: 1.560 Thread 0x000001cd64dbd260 DEOPT UNPACKING pc=0x000001cd77673602 sp=0x00000089e16fe770 mode 2

Classes loaded (20 events):
Event: 1.549 Loading class java/lang/ScopedValue$Carrier
Event: 1.549 Loading class java/lang/ScopedValue$Carrier done
Event: 1.549 Loading class java/lang/ScopedValue$CallableOp
Event: 1.549 Loading class java/lang/ScopedValue$CallableOp done
Event: 1.550 Loading class jdk/internal/vm/ScopedValueContainer
Event: 1.550 Loading class jdk/internal/vm/ScopedValueContainer done
Event: 1.550 Loading class java/util/concurrent/StructureViolationException
Event: 1.550 Loading class java/util/concurrent/StructureViolationException done
Event: 1.550 Loading class java/net/spi/URLStreamHandlerProvider
Event: 1.550 Loading class java/net/spi/URLStreamHandlerProvider done
Event: 1.550 Loading class sun/net/www/protocol/https/Handler
Event: 1.551 Loading class sun/net/www/protocol/http/Handler
Event: 1.551 Loading class sun/net/www/protocol/http/Handler done
Event: 1.551 Loading class sun/net/www/protocol/https/Handler done
Event: 1.552 Loading class java/util/regex/Pattern$Pos
Event: 1.552 Loading class java/util/regex/Pattern$Pos done
Event: 1.555 Loading class java/util/ArrayList$SubList$1
Event: 1.555 Loading class java/util/ArrayList$SubList$1 done
Event: 1.558 Loading class java/util/concurrent/atomic/AtomicReference
Event: 1.558 Loading class java/util/concurrent/atomic/AtomicReference done

Classes unloaded (0 events):
No events

Classes redefined (0 events):
No events

Internal exceptions (20 events):
Event: 0.197 Thread 0x000001cd64dbd260 Exception <a 'sun/nio/fs/WindowsException'{0x000000074385b640}> (0x000000074385b640) 
thrown [s\src\hotspot\share\prims\jni.cpp, line 514]
Event: 0.205 Thread 0x000001cd64dbd260 Exception <a 'java/lang/NoSuchMethodError'{0x0000000743898da0}: 'void java.lang.invoke.DirectMethodHandle$Holder.invokeVirtual(java.lang.Object, java.lang.Object)'> (0x0000000743898da0) 
thrown [s\src\hotspot\share\interpreter\linkResolver.cpp, line 804]
Event: 0.209 Thread 0x000001cd64dbd260 Exception <a 'java/lang/NoSuchMethodError'{0x00000007438badb0}: 'void java.lang.invoke.DirectMethodHandle$Holder.invokeStatic(java.lang.Object, java.lang.Object)'> (0x00000007438badb0) 
thrown [s\src\hotspot\share\interpreter\linkResolver.cpp, line 804]
Event: 0.209 Thread 0x000001cd64dbd260 Exception <a 'java/lang/NoSuchMethodError'{0x00000007438c2b58}: 'void java.lang.invoke.DirectMethodHandle$Holder.invokeStaticInit(java.lang.Object, java.lang.Object)'> (0x00000007438c2b58) 
thrown [s\src\hotspot\share\interpreter\linkResolver.cpp, line 804]
Event: 0.214 Thread 0x000001cd64dbd260 Exception <a 'java/lang/NoSuchMethodError'{0x00000007438f32d8}: 'void java.lang.invoke.DirectMethodHandle$Holder.invokeSpecial(java.lang.Object, java.lang.Object, java.lang.Object, java.lang.Object, java.lang.Object)'> (0x00000007438f32d8) 
thrown [s\src\hotspot\share\interpreter\linkResolver.cpp, line 804]
Event: 0.225 Thread 0x000001cd64dbd260 Exception <a 'java/lang/NoSuchMethodError'{0x000000074393d038}: 'void java.lang.invoke.DirectMethodHandle$Holder.invokeStatic(java.lang.Object, java.lang.Object, java.lang.Object)'> (0x000000074393d038) 
thrown [s\src\hotspot\share\interpreter\linkResolver.cpp, line 804]
Event: 0.278 Thread 0x000001cd64dbd260 Exception <a 'java/lang/NoSuchMethodError'{0x00000007438e5f60}: 'java.lang.Object java.lang.invoke.DirectMethodHandle$Holder.invokeSpecialIFC(java.lang.Object, java.lang.Object, java.lang.Object, java.lang.Object)'> (0x00000007438e5f60) 
thrown [s\src\hotspot\share\interpreter\linkResolver.cpp, line 804]
Event: 0.410 Thread 0x000001cd64dbd260 Exception <a 'java/lang/NoSuchMethodError'{0x00000007446abe38}: 'void java.lang.invoke.DirectMethodHandle$Holder.invokeSpecial(java.lang.Object, java.lang.Object, java.lang.Object)'> (0x00000007446abe38) 
thrown [s\src\hotspot\share\interpreter\linkResolver.cpp, line 804]
Event: 0.454 Thread 0x000001cd64dbd260 Exception <a 'java/lang/NoSuchMethodError'{0x0000000744474808}: 'java.lang.Object java.lang.invoke.DirectMethodHandle$Holder.invokeInterface(java.lang.Object, java.lang.Object)'> (0x0000000744474808) 
thrown [s\src\hotspot\share\interpreter\linkResolver.cpp, line 804]
Event: 0.467 Thread 0x000001cd64dbd260 Exception <a 'java/lang/NoSuchMethodError'{0x000000074452ff60}: 'int java.lang.invoke.DirectMethodHandle$Holder.invokeStatic(java.lang.Object, java.lang.Object, java.lang.Object, java.lang.Object)'> (0x000000074452ff60) 
thrown [s\src\hotspot\share\interpreter\linkResolver.cpp, line 804]
Event: 0.470 Thread 0x000001cd64dbd260 Exception <a 'java/lang/NoSuchMethodError'{0x00000007445599f0}: 'int java.lang.invoke.DirectMethodHandle$Holder.invokeSpecialIFC(java.lang.Object, java.lang.Object, java.lang.Object, java.lang.Object, java.lang.Object)'> (0x00000007445599f0) 
thrown [s\src\hotspot\share\interpreter\linkResolver.cpp, line 804]
Event: 0.499 Thread 0x000001cd64dbd260 Exception <a 'java/lang/NoSuchMethodError'{0x00000007442cd450}: 'java.lang.Object java.lang.invoke.DirectMethodHandle$Holder.newInvokeSpecial(java.lang.Object, java.lang.Object, java.lang.Object, java.lang.Object, java.lang.Object)'> (0x00000007442cd450) 
thrown [s\src\hotspot\share\interpreter\linkResolver.cpp, line 804]
Event: 0.529 Thread 0x000001cd64dbd260 Exception <a 'java/lang/NoSuchMethodError'{0x00000007443fe2b8}: 'int java.lang.invoke.DirectMethodHandle$Holder.invokeStaticInit(java.lang.Object, java.lang.Object)'> (0x00000007443fe2b8) 
thrown [s\src\hotspot\share\interpreter\linkResolver.cpp, line 804]
Event: 0.539 Thread 0x000001cd64dbd260 Exception <a 'java/lang/NoClassDefFoundError'{0x000000074403cff8}: javax/enterprise/inject/Typed> (0x000000074403cff8) 
thrown [s\src\hotspot\share\classfile\systemDictionary.cpp, line 319]
Event: 1.212 Thread 0x000001cd64dbd260 Exception <a 'java/lang/NoSuchMethodError'{0x00000007441c7410}: 'void java.lang.invoke.DirectMethodHandle$Holder.invokeStaticInit(java.lang.Object, java.lang.Object, java.lang.Object)'> (0x00000007441c7410) 
thrown [s\src\hotspot\share\interpreter\linkResolver.cpp, line 804]
Event: 1.221 Thread 0x000001cd64dbd260 Implicit null exception at 0x000001cd77b6799d to 0x000001cd77b67b24
Event: 1.223 Thread 0x000001cd64dbd260 Exception <a 'java/lang/NoSuchMethodError'{0x0000000743c55df8}: 'java.lang.Object java.lang.invoke.Invokers$Holder.invokeExact_MT(java.lang.Object, int, java.lang.Object)'> (0x0000000743c55df8) 
thrown [s\src\hotspot\share\interpreter\linkResolver.cpp, line 804]
Event: 1.406 Thread 0x000001cd64dbd260 Exception <a 'java/lang/NoSuchMethodError'{0x00000007444cd9f8}: 'void java.lang.invoke.Invokers$Holder.invokeExact_MT(java.lang.Object, java.lang.Object, java.lang.Object, java.lang.Object)'> (0x00000007444cd9f8) 
thrown [s\src\hotspot\share\interpreter\linkResolver.cpp, line 804]
Event: 1.419 Thread 0x000001cd64dbd260 Exception <a 'java/lang/NoClassDefFoundError'{0x0000000744555e60}: com/google/inject/servlet/ServletModuleTargetVisitor> (0x0000000744555e60) 
thrown [s\src\hotspot\share\classfile\systemDictionary.cpp, line 319]
Event: 1.503 Thread 0x000001cd64dbd260 Exception <a 'java/lang/NoSuchMethodError'{0x000000074409a010}: 'java.lang.Object java.lang.invoke.DirectMethodHandle$Holder.invokeStaticInit(java.lang.Object, int, int, int, int)'> (0x000000074409a010) 
thrown [s\src\hotspot\share\interpreter\linkResolver.cpp, line 804]

VM Operations (20 events):
Event: 1.253 Executing non-safepoint VM operation: HandshakeAllThreads (Deoptimize) done
Event: 1.255 Executing non-safepoint VM operation: HandshakeAllThreads (Deoptimize)
Event: 1.255 Executing non-safepoint VM operation: HandshakeAllThreads (Deoptimize) done
Event: 1.256 Executing safepoint VM operation: G1CollectForAllocation (G1 Evacuation Pause)
Event: 1.261 Executing safepoint VM operation: G1CollectForAllocation (G1 Evacuation Pause) done
Event: 1.305 Executing non-safepoint VM operation: HandshakeAllThreads (Deoptimize)
Event: 1.305 Executing non-safepoint VM operation: HandshakeAllThreads (Deoptimize) done
Event: 1.401 Executing non-safepoint VM operation: HandshakeAllThreads (Deoptimize)
Event: 1.401 Executing non-safepoint VM operation: HandshakeAllThreads (Deoptimize) done
Event: 1.473 Executing non-safepoint VM operation: HandshakeAllThreads (Deoptimize)
Event: 1.473 Executing non-safepoint VM operation: HandshakeAllThreads (Deoptimize) done
Event: 1.492 Executing non-safepoint VM operation: HandshakeAllThreads (Deoptimize)
Event: 1.492 Executing non-safepoint VM operation: HandshakeAllThreads (Deoptimize) done
Event: 1.515 Executing non-safepoint VM operation: HandshakeAllThreads (Deoptimize)
Event: 1.516 Executing non-safepoint VM operation: HandshakeAllThreads (Deoptimize) done
Event: 1.550 Executing non-safepoint VM operation: HandshakeAllThreads (Deoptimize)
Event: 1.550 Executing non-safepoint VM operation: HandshakeAllThreads (Deoptimize) done
Event: 1.551 Executing non-safepoint VM operation: HandshakeAllThreads (Deoptimize)
Event: 1.551 Executing non-safepoint VM operation: HandshakeAllThreads (Deoptimize) done
Event: 1.574 Executing safepoint VM operation: G1CollectForAllocation (G1 Evacuation Pause)

Memory protections (0 events):
No events

Nmethod flushes (0 events):
No events

Events (18 events):
Event: 0.036 Thread 0x000001cd64dbd260 Thread added: 0x000001cd64dbd260
Event: 0.041 Thread 0x000001cd64dbd260 JVMTI - enter early start phase
Event: 0.049 Thread 0x000001cd64dbd260 Thread added: 0x000001cd05f092e0
Event: 0.049 Thread 0x000001cd64dbd260 Thread added: 0x000001cd05f09d30
Event: 0.049 Thread 0x000001cd64dbd260 Thread added: 0x000001cd05f0ccc0
Event: 0.049 Thread 0x000001cd64dbd260 Thread added: 0x000001cd05f10050
Event: 0.049 Thread 0x000001cd64dbd260 Thread added: 0x000001cd05f12c10
Event: 0.050 Thread 0x000001cd64dbd260 Thread added: 0x000001cd05f1bf10
Event: 0.050 Thread 0x000001cd64dbd260 Thread added: 0x000001cd05f5db40
Event: 0.050 Thread 0x000001cd64dbd260 Thread added: 0x000001cd05f60350
Event: 0.057 Thread 0x000001cd64dbd260 JVMTI - enter start phase
Event: 0.057 Thread 0x000001cd64dbd260 JVMTI - enter live phase
Event: 0.057 Thread 0x000001cd64dbd260 Thread added: 0x000001cd0a0ba7a0
Event: 0.058 Thread 0x000001cd64dbd260 Thread added: 0x000001cd0a118560
Event: 0.184 Thread 0x000001cd64dbd260 Thread added: 0x000001cd0a33e610
Event: 0.192 Thread 0x000001cd05f60350 Thread added: 0x000001cd0a21bb70
Event: 0.194 Thread 0x000001cd0a33e610 Thread exited: 0x000001cd0a33e610
Event: 0.565 Thread 0x000001cd05f60350 Thread added: 0x000001cd0af47100


Dynamic libraries:
0x00007ff68db70000 - 0x00007ff68db7e000 	D:\Apache NetBeans\jdk\bin\java.exe
0x00007ff86dac0000 - 0x00007ff86dd28000 	C:\WINDOWS\SYSTEM32\ntdll.dll
0x00007ff86c980000 - 0x00007ff86ca49000 	C:\WINDOWS\System32\KERNEL32.DLL
0x00007ff86b270000 - 0x00007ff86b668000 	C:\WINDOWS\System32\KERNELBASE.dll
0x00007ff86b030000 - 0x00007ff86b17b000 	C:\WINDOWS\System32\ucrtbase.dll
0x00007ff81ff60000 - 0x00007ff81ff77000 	D:\Apache NetBeans\jdk\bin\jli.dll
0x00007ff82f1c0000 - 0x00007ff82f1de000 	D:\Apache NetBeans\jdk\bin\VCRUNTIME140.dll
0x00007ff86c6e0000 - 0x00007ff86c8a7000 	C:\WINDOWS\System32\USER32.dll
0x00007ff86b180000 - 0x00007ff86b1a7000 	C:\WINDOWS\System32\win32u.dll
0x00007ff86c500000 - 0x00007ff86c52b000 	C:\WINDOWS\System32\GDI32.dll
0x00007ff86af00000 - 0x00007ff86b02c000 	C:\WINDOWS\System32\gdi32full.dll
0x00007ff86b670000 - 0x00007ff86b713000 	C:\WINDOWS\System32\msvcp_win.dll
0x00007ff8546b0000 - 0x00007ff854944000 	C:\WINDOWS\WinSxS\amd64_microsoft.windows.common-controls_6595b64144ccf1df_6.0.26100.7019_none_3e06ffa0e335b8a8\COMCTL32.dll
0x00007ff86c8b0000 - 0x00007ff86c959000 	C:\WINDOWS\System32\msvcrt.dll
0x00007ff86d0d0000 - 0x00007ff86d101000 	C:\WINDOWS\System32\IMM32.DLL
0x0000000060410000 - 0x000000006041d000 	D:\Program Files (x86)\360\Total Security\safemon\SafeWrapper.dll
0x00007ff86c440000 - 0x00007ff86c4f4000 	C:\WINDOWS\System32\ADVAPI32.dll
0x00007ff86d6a0000 - 0x00007ff86d746000 	C:\WINDOWS\System32\sechost.dll
0x00007ff86d750000 - 0x00007ff86d868000 	C:\WINDOWS\System32\RPCRT4.dll
0x00007ff8684b0000 - 0x00007ff8685b5000 	D:\Program Files (x86)\360\Total Security\safemon\libzdtp64.dll
0x00007ff86bc60000 - 0x00007ff86c3af000 	C:\WINDOWS\System32\SHELL32.dll
0x00007ff86ad90000 - 0x00007ff86aefb000 	C:\WINDOWS\System32\wintypes.dll
0x00007ff86cbd0000 - 0x00007ff86cf5b000 	C:\WINDOWS\System32\combase.dll
0x00007ff86d060000 - 0x00007ff86d0c7000 	C:\WINDOWS\System32\SHLWAPI.dll
0x00007ff86a700000 - 0x00007ff86a70b000 	C:\WINDOWS\SYSTEM32\VERSION.dll
0x00007ff84ab70000 - 0x00007ff84ab7c000 	D:\Apache NetBeans\jdk\bin\vcruntime140_1.dll
0x00007ff8186b0000 - 0x00007ff81873d000 	D:\Apache NetBeans\jdk\bin\msvcp140.dll
0x00007fffe18b0000 - 0x00007fffe284b000 	D:\Apache NetBeans\jdk\bin\server\jvm.dll
0x00007ff86d190000 - 0x00007ff86d204000 	C:\WINDOWS\System32\WS2_32.dll
0x00007ff861eb0000 - 0x00007ff861ee5000 	C:\WINDOWS\SYSTEM32\WINMM.dll
0x00007ff86aa70000 - 0x00007ff86aace000 	C:\WINDOWS\SYSTEM32\POWRPROF.dll
0x00007ff86aa50000 - 0x00007ff86aa64000 	C:\WINDOWS\SYSTEM32\UMPDC.dll
0x00007ff869920000 - 0x00007ff86993b000 	C:\WINDOWS\SYSTEM32\kernel.appcore.dll
0x00007ff83eda0000 - 0x00007ff83edaa000 	D:\Apache NetBeans\jdk\bin\jimage.dll
0x00007ff867d30000 - 0x00007ff867f72000 	C:\WINDOWS\SYSTEM32\DBGHELP.DLL
0x00007ff86cf60000 - 0x00007ff86d037000 	C:\WINDOWS\System32\OLEAUT32.dll
0x00007ff82cf80000 - 0x00007ff82cfbc000 	C:\WINDOWS\SYSTEM32\dbgcore.DLL
0x00007ff86b7b0000 - 0x00007ff86b855000 	C:\WINDOWS\System32\bcryptPrimitives.dll
0x00007ff82a890000 - 0x00007ff82a8ae000 	D:\Apache NetBeans\jdk\bin\java.dll
0x00007ff86c530000 - 0x00007ff86c6c7000 	C:\WINDOWS\System32\ole32.dll
0x00007ff868780000 - 0x00007ff868fdd000 	C:\WINDOWS\SYSTEM32\windows.storage.dll
0x00007ff86d870000 - 0x00007ff86d962000 	C:\WINDOWS\System32\SHCORE.dll
0x00007ff86ab30000 - 0x00007ff86ab59000 	C:\WINDOWS\SYSTEM32\profapi.dll
0x00007ff819580000 - 0x00007ff819591000 	D:\Apache NetBeans\jdk\bin\net.dll
0x00007ff869e70000 - 0x00007ff869edb000 	C:\WINDOWS\system32\mswsock.dll
0x00007ff819040000 - 0x00007ff819056000 	D:\Apache NetBeans\jdk\bin\nio.dll
0x00007ff81fce0000 - 0x00007ff81fcf6000 	D:\Apache NetBeans\jdk\bin\zip.dll
0x00007ff8654d0000 - 0x00007ff8654f4000 	D:\Apache NetBeans\java\maven\lib\jansi-native\Windows\x86_64\jansi.dll
0x00007ff8347b0000 - 0x00007ff8347c0000 	D:\Apache NetBeans\jdk\bin\verify.dll

JVMTI agents: none

dbghelp: loaded successfully - version: 4.0.5 - missing functions: none
symbol engine: initialized successfully - sym options: 0x614 - pdb path: .;D:\Apache NetBeans\jdk\bin;C:\WINDOWS\SYSTEM32;C:\WINDOWS\WinSxS\amd64_microsoft.windows.common-controls_6595b64144ccf1df_6.0.26100.7019_none_3e06ffa0e335b8a8;D:\Program Files (x86)\360\Total Security\safemon;D:\Apache NetBeans\jdk\bin\server;D:\Apache NetBeans\java\maven\lib\jansi-native\Windows\x86_64

VM Arguments:
jvm_args: --enable-native-access=ALL-UNNAMED -Dclassworlds.conf=D:\Apache NetBeans\java\maven\bin\m2.conf -Dmaven.home=D:\Apache NetBeans\java\maven -Dlibrary.jansi.path=D:\Apache NetBeans\java\maven\lib\jansi-native -Dmaven.multiModuleProjectDirectory=D:\PBO\SistemPemesananTiketPesawat 
java_command: org.codehaus.plexus.classworlds.launcher.Launcher -Dexec.vmArgs= -Dexec.args=${exec.vmArgs} -classpath %classpath ${exec.mainClass} ${exec.appArgs} -Dexec.appArgs= -Dexec.mainClass=main.SistemPemesananTiketPesawat -Dexec.executable=D:\Apache NetBeans\jdk\bin\java.exe -Dmaven.ext.class.path=D:\Apache NetBeans\java\maven-nblib\netbeans-eventspy.jar --no-transfer-progress process-classes org.codehaus.mojo:exec-maven-plugin:3.6.3:exec
java_class_path (initial): D:\Apache NetBeans\java\maven\boot\plexus-classworlds-2.11.0.jar
Launcher Type: SUN_STANDARD

[Global flags]
     bool AOTAdapterCaching                        = false                                  {diagnostic} {ergonomic}
     bool AOTInvokeDynamicLinking                  = false                                  {diagnostic} {ergonomic}
     bool AOTRecordTraining                        = false                                  {diagnostic} {ergonomic}
     bool AOTReplayTraining                        = false                                  {diagnostic} {ergonomic}
     bool AOTStubCaching                           = false                                  {diagnostic} {ergonomic}
     intx CICompilerCount                          = 4                                         {product} {ergonomic}
     uint ConcGCThreads                            = 2                                         {product} {ergonomic}
     uint G1ConcRefinementThreads                  = 8                                         {product} {ergonomic}
     uint G1EagerReclaimRemSetThreshold            = 16                                   {experimental} {ergonomic}
   size_t G1HeapRegionSize                         = 2097152                                   {product} {ergonomic}
     uint G1RemSetArrayOfCardsEntries              = 16                                   {experimental} {ergonomic}
     uint G1RemSetHowlMaxNumBuckets                = 8                                    {experimental} {ergonomic}
     uint G1RemSetHowlNumBuckets                   = 8                                    {experimental} {ergonomic}
   size_t InitialHeapSize                          = 8388608                                   {product} {ergonomic}
     bool IntelJccErratumMitigation                = false                             {ARCH diagnostic} {ergonomic}
   size_t MarkStackSize                            = 4194304                                   {product} {ergonomic}
   size_t MarkStackSizeMax                         = 536870912                                 {product} {ergonomic}
   size_t MaxHeapSize                              = 3168796672                                {product} {ergonomic}
   size_t MaxNewSize                               = 1900019712                                {product} {ergonomic}
 uint64_t MaxRAM                                   = 12674457600                               {product} {ergonomic}
   size_t MinHeapDeltaBytes                        = 2097152                                   {product} {ergonomic}
   size_t MinHeapSize                              = 8388608                                   {product} {ergonomic}
   size_t NonNMethodCodeHeapSize                   = 5898240                                {pd product} {ergonomic}
   size_t NonProfiledCodeHeapSize                  = 122945536                              {pd product} {ergonomic}
   size_t ProfiledCodeHeapSize                     = 122945536                              {pd product} {ergonomic}
   size_t ReservedCodeCacheSize                    = 251789312                              {pd product} {ergonomic}
     bool SegmentedCodeCache                       = true                                      {product} {ergonomic}
   size_t SoftMaxHeapSize                          = 3168796672                             {manageable} {ergonomic}
     bool UseCompressedOops                        = true                           {product lp64_product} {ergonomic}
     bool UseCondCardMark                          = true                                      {product} {ergonomic}
     bool UseFastUnorderedTimeStamps               = true                                 {experimental} {ergonomic}
     bool UseG1GC                                  = true                                      {product} {ergonomic}
     bool UseLargePagesIndividualAllocation        = false                                  {pd product} {ergonomic}
      int X86ICacheSync                            = 3                                 {ARCH diagnostic} {ergonomic}

Logging:
Log output configuration:
 #0: stdout all=warning uptime,level,tags foldmultilines=false
 #1: stderr all=off uptime,level,tags foldmultilines=false

Release file:
IMPLEMENTOR="Eclipse Adoptium" 
IMPLEMENTOR_VERSION="Temurin-26.0.2+10" 
JAVA_RUNTIME_VERSION="26.0.2+10" 
JAVA_VERSION="26.0.2" 
JAVA_VERSION_DATE="2026-07-21" 
LIBC="default" 
MODULES="java.base java.compiler java.datatransfer java.xml java.prefs java.desktop java.instrument java.logging java.management java.security.sasl java.naming java.rmi java.management.rmi java.net.http java.scripting java.security.jgss java.transaction.xa java.sql java.sql.rowset java.xml.crypto java.se java.smartcardio jdk.accessibility jdk.internal.jvmstat jdk.attach jdk.charsets jdk.internal.opt jdk.zipfs jdk.compiler jdk.crypto.cryptoki jdk.crypto.ec jdk.crypto.mscapi jdk.dynalink jdk.internal.ed jdk.editpad jdk.internal.vm.ci jdk.graal.compiler jdk.graal.compiler.management jdk.hotspot.agent jdk.httpserver jdk.incubator.vector jdk.internal.le jdk.internal.md jdk.jartool jdk.javadoc jdk.jcmd jdk.management jdk.management.agent jdk.jconsole jdk.jdeps jdk.jdwp.agent jdk.jdi jdk.jfr jdk.jlink jdk.jpackage jdk.jshell jdk.jstatd jdk.localedata jdk.management.jfr jdk.naming.dns jdk.naming.rmi jdk.net jdk.nio.mapmode jdk.sctp jdk.security.auth jdk.security.jgss jdk.unsupported jdk.unsupported.desktop jdk.xml.dom" 
OS_ARCH="x86_64" 
OS_NAME="Windows" 
SOURCE=".:git:8ef08853c5a2" 
BUILD_SOURCE="git:e6ba7dec3d07654074559310376a3ae89da5f4ac"
BUILD_SOURCE_REPO="https://github.com/adoptium/temurin-build.git"
SOURCE_REPO="https://github.com/adoptium/jdk26u.git"
FULL_VERSION="26.0.2+10"
SEMANTIC_VERSION="26.0.2+10"
BUILD_INFO="OS: Windows Server 2022 Version: 10.0"
JVM_VARIANT="Hotspot"
JVM_VERSION="26.0.2+10"
IMAGE_TYPE="JDK"

Environment Variables:
JAVA_HOME=D:\Apache NetBeans\jdk
PATH=C:\Windows\system32;C:\Windows;C:\Windows\System32\Wbem;C:\Windows\System32\WindowsPowerShell\v1.0\;C:\Windows\System32\OpenSSH\;C:\Program Files (x86)\NVIDIA Corporation\PhysX\Common;C:\WINDOWS\system32;C:\WINDOWS;C:\WINDOWS\System32\Wbem;C:\WINDOWS\System32\WindowsPowerShell\v1.0\;C:\WINDOWS\System32\OpenSSH\;C:\Program Files\dotnet\;D:\Git\cmd;C:\Users\Adbang 18\AppData\Local\Programs\Python\Python313\Scripts\;C:\Users\Adbang 18\AppData\Local\Programs\Python\Python313\;C:\Users\Adbang 18\AppData\Local\Microsoft\WindowsApps;C:\Users\Adbang 18\AppData\Local\Packages\PythonSoftwareFoundation.Python.3.12_qbz5n2kfra8p0\LocalCache\local-packages\Python312\site-packages\pip (python 3.12);C:\Users\Adbang 18\AppData\Local\Programs\Microsoft VS Code\bin;D:\Apache NetBeans\bin\
USERNAME=Adbang 18
OS=Windows_NT
PROCESSOR_IDENTIFIER=Intel64 Family 6 Model 140 Stepping 1, GenuineIntel
TMP=C:\Users\ADBANG~1\AppData\Local\Temp
TEMP=C:\Users\ADBANG~1\AppData\Local\Temp




Compilation memory statistics disabled.

Periodic native trim disabled

---------------  S Y S T E M  ---------------

OS:
 Windows 11 , 64 bit Build 26100 (10.0.26100.7019)
OS uptime: 0 days 0:41 hours
Hyper-V role detected

CPU: total 8 (initial active 8) (4 cores per cpu, 2 threads per core) family 6 model 140 stepping 1 microcode 0x66, cx8, cmov, fxsr, ht, mmx, 3dnowpref, sse, sse2, sse3, ssse3, sse4.1, sse4.2, popcnt, lzcnt, tsc, tscinvbit, avx, avx2, aes, erms, clmul, bmi1, bmi2, adx, avx512f, avx512dq, avx512cd, avx512bw, avx512vl, sha, fma, vzeroupper, avx512_vpopcntdq, avx512_vpclmulqdq, avx512_vaes, avx512_vnni, clflush, clflushopt, clwb, avx512_vbmi2, avx512_vbmi, hv, rdtscp, rdpid, fsrm, gfni, avx512_bitalg, f16c, cet_ibt, cet_ss, avx512_ifma
Processor Information for processor 0
  Max Mhz: 2803, Current Mhz: 2803, Mhz Limit: 2803
Processor Information for processor 1
  Max Mhz: 2803, Current Mhz: 2803, Mhz Limit: 2803
Processor Information for processor 2
  Max Mhz: 2803, Current Mhz: 2803, Mhz Limit: 2803
Processor Information for processor 3
  Max Mhz: 2803, Current Mhz: 2803, Mhz Limit: 2803
Processor Information for processor 4
  Max Mhz: 2803, Current Mhz: 2803, Mhz Limit: 2803
Processor Information for processor 5
  Max Mhz: 2803, Current Mhz: 1001, Mhz Limit: 2803
Processor Information for processor 6
  Max Mhz: 2803, Current Mhz: 2803, Mhz Limit: 2803
Processor Information for processor 7
  Max Mhz: 2803, Current Mhz: 2803, Mhz Limit: 2803

Memory: 4k page, system-wide physical 12087M (1320M free)
TotalPageFile size 12933M (AvailPageFile size 23M)
current process WorkingSet (physical memory assigned to process): 110M, peak: 111M
current process commit charge ("private bytes"): 146M, peak: 175M

vm_info: OpenJDK 64-Bit Server VM (26.0.2+10) for windows-amd64 JRE (26.0.2+10), built on 2026-07-21T00:00:00Z with MS VC++ 17.12 (VS2022)

END.
