#
# There is insufficient memory for the Java Runtime Environment to continue.
# Native memory allocation (malloc) failed to allocate 3329304 bytes. Error detail: Chunk::new
# Possible reasons:
#   The system is out of physical RAM or swap space
#   This process is running with CompressedOops enabled, and the Java Heap may be blocking the growth of the native heap
# Possible solutions:
#   Reduce memory load on the system
#   Increase physical memory or swap space
#   Check if swap backing store is full
#   Decrease Java heap size (-Xmx/-Xms)
#   Decrease number of Java threads
#   Decrease Java thread stack sizes (-Xss)
#   Set larger code cache with -XX:ReservedCodeCacheSize=
#   JVM is running with Zero Based Compressed Oops mode in which the Java heap is
#     placed in the first 32GB address space. The Java Heap base address is the
#     maximum limit for the native heap growth. Please use -XX:HeapBaseMinAddress
#     to set the Java Heap base and to place the Java Heap above 32GB virtual address.
# This output file may be truncated or incomplete.
#
#  Out of Memory Error (arena.cpp:193), pid=14996, tid=2340
#
# JRE version: OpenJDK Runtime Environment Temurin-26.0.2+10 (26.0.2+10) (build 26.0.2+10)
# Java VM: OpenJDK 64-Bit Server VM Temurin-26.0.2+10 (26.0.2+10, mixed mode, sharing, tiered, compressed oops, compressed class ptrs, g1 gc, windows-amd64)
# No core dump will be written. Minidumps are not enabled by default on client versions of Windows
#

---------------  S U M M A R Y ------------

Command Line: -Dclassworlds.conf=D:\Apache NetBeans\java\maven\bin\m2.conf -Dmaven.home=D:\Apache NetBeans\java\maven -Dlibrary.jansi.path=D:\Apache NetBeans\java\maven\lib\jansi-native -Dmaven.multiModuleProjectDirectory=D:\PBO\SistemPemesananTiketPesawat org.codehaus.plexus.classworlds.launcher.Launcher -Dexec.vmArgs= -Dexec.args=${exec.vmArgs} -classpath %classpath ${exec.mainClass} ${exec.appArgs} -Dexec.appArgs= -Dexec.mainClass=main.SistemPemesananTiketPesawat -Dexec.executable=D:\Apache NetBeans\jdk\bin\java.exe -Dmaven.ext.class.path=D:\Apache NetBeans\java\maven-nblib\netbeans-eventspy.jar --no-transfer-progress process-classes org.codehaus.mojo:exec-maven-plugin:3.6.3:exec

Host: 11th Gen Intel(R) Core(TM) i7-1165G7 @ 2.80GHz, 8 cores, 11G,  Windows 11 , 64 bit Build 26100 (10.0.26100.7019)
Time: Thu Sep 24 09:48:35 2026 Malay Peninsula Standard Time elapsed time: 0.431014 seconds (0d 0h 0m 0s)

---------------  T H R E A D  ---------------

Current thread (0x000001d49f24f5f0):  JavaThread "C2 CompilerThread0" daemon [_thread_in_native, id=2340, stack(0x0000007e50700000,0x0000007e50800000) (1024K)]


Current CompileTask:
C2:431  803       4       java.util.jar.JarFile::getEntry (35 bytes)

Stack: [0x0000007e50700000,0x0000007e50800000]
Native frames: (J=compiled Java code, j=interpreted, Vv=VM code, C=native code)
V  [jvm.dll+0x7dcd79]  (no source info available)
V  [jvm.dll+0x7a98ad]  (no source info available)
V  [jvm.dll+0xa461e0]  (no source info available)
V  [jvm.dll+0xa48631]  (no source info available)
V  [jvm.dll+0xa48d43]  (no source info available)
V  [jvm.dll+0x312fe6]  (no source info available)
V  [jvm.dll+0x120836]  (no source info available)
V  [jvm.dll+0x120b5e]  (no source info available)
V  [jvm.dll+0x1b2d56]  (no source info available)
V  [jvm.dll+0x3d0232]  (no source info available)
V  [jvm.dll+0x7e594f]  (no source info available)
V  [jvm.dll+0x2d5897]  (no source info available)
V  [jvm.dll+0x2d480f]  (no source info available)
V  [jvm.dll+0x249b90]  (no source info available)
V  [jvm.dll+0x2e493c]  (no source info available)
V  [jvm.dll+0x2e2b1d]  (no source info available)
V  [jvm.dll+0x4a9d0e]  (no source info available)
V  [jvm.dll+0x9e4749]  (no source info available)
V  [jvm.dll+0x7de858]  (no source info available)
C  [ucrtbase.dll+0x37b0]  (no source info available)
C  [KERNEL32.DLL+0x2e8d7]  (no source info available)
C  [ntdll.dll+0x8c53c]  (no source info available)

Lock stack of current Java thread (top to bottom):


---------------  P R O C E S S  ---------------

Threads class SMR info:
_java_thread_list=0x000001d4a400f6b0, length=12, elements={
0x000001d4fe2cd100, 0x000001d49f23cd00, 0x000001d49f23d4b0, 0x000001d49f23eef0,
0x000001d49f243290, 0x000001d49f243e50, 0x000001d49f244e20, 0x000001d49f24f5f0,
0x000001d49f24fdf0, 0x000001d49f338430, 0x000001d49f33aaa0, 0x000001d49f6bfad0
}

Java Threads: ( => current thread )
  0x000001d4fe2cd100 JavaThread "main"                              [_thread_blocked, id=21584, stack(0x0000007e4f800000,0x0000007e4f900000) (1024K)]
  0x000001d49f23cd00 JavaThread "Reference Handler"          daemon [_thread_blocked, id=13536, stack(0x0000007e50100000,0x0000007e50200000) (1024K)]
  0x000001d49f23d4b0 JavaThread "Finalizer"                  daemon [_thread_blocked, id=23224, stack(0x0000007e50200000,0x0000007e50300000) (1024K)]
  0x000001d49f23eef0 JavaThread "Signal Dispatcher"          daemon [_thread_blocked, id=18172, stack(0x0000007e50300000,0x0000007e50400000) (1024K)]
  0x000001d49f243290 JavaThread "Attach Listener"            daemon [_thread_blocked, id=17232, stack(0x0000007e50400000,0x0000007e50500000) (1024K)]
  0x000001d49f243e50 JavaThread "Service Thread"             daemon [_thread_blocked, id=8656, stack(0x0000007e50500000,0x0000007e50600000) (1024K)]
  0x000001d49f244e20 JavaThread "Monitor Deflation Thread"   daemon [_thread_blocked, id=2660, stack(0x0000007e50600000,0x0000007e50700000) (1024K)]
=>0x000001d49f24f5f0 JavaThread "C2 CompilerThread0"         daemon [_thread_in_native, id=2340, stack(0x0000007e50700000,0x0000007e50800000) (1024K)]
  0x000001d49f24fdf0 JavaThread "C1 CompilerThread0"         daemon [_thread_blocked, id=14720, stack(0x0000007e50800000,0x0000007e50900000) (1024K)]
  0x000001d49f338430 JavaThread "Notification Thread"        daemon [_thread_blocked, id=15960, stack(0x0000007e50900000,0x0000007e50a00000) (1024K)]
  0x000001d49f33aaa0 JavaThread "Common-Cleaner"             daemon [_thread_blocked, id=14728, stack(0x0000007e50a00000,0x0000007e50b00000) (1024K)]
  0x000001d49f6bfad0 JavaThread "C2 CompilerThread1"         daemon [_thread_blocked, id=16024, stack(0x0000007e50b00000,0x0000007e50c00000) (1024K)]
Total: 12

Other Threads:
  0x000001d49f22c360 VMThread "VM Thread"                           [id=15432, stack(0x0000007e50000000,0x0000007e50100000) (1024K)]
  0x000001d4ffdde830 WatcherThread "VM Periodic Task Thread"        [id=11600, stack(0x0000007e4ff00000,0x0000007e50000000) (1024K)]
  0x000001d4ffdc6d40 WorkerThread "GC Thread#0"                     [id=9388, stack(0x0000007e4f900000,0x0000007e4fa00000) (1024K)]
  0x000001d49f4b2650 WorkerThread "GC Thread#1"                     [id=3968, stack(0x0000007e50d00000,0x0000007e50e00000) (1024K)]
  0x000001d4ffdda950 ConcurrentGCThread "G1 Main Marker"            [id=10512, stack(0x0000007e4fa00000,0x0000007e4fb00000) (1024K)]
  0x000001d4ffddc3c0 WorkerThread "G1 Conc#0"                       [id=23168, stack(0x0000007e4fb00000,0x0000007e4fc00000) (1024K)]
  0x000001d4ffe1ebb0 WorkerThread "G1 Refinement Workers#0"         [id=1984, stack(0x0000007e4fd00000,0x0000007e4fe00000) (1024K)]
  0x000001d49f0d80a0 ConcurrentGCThread "G1 Refine Control"         [id=5988, stack(0x0000007e4fc00000,0x0000007e4fd00000) (1024K)]
  0x000001d49f0d8510 ConcurrentGCThread "G1 Service"                [id=5156, stack(0x0000007e4fe00000,0x0000007e4ff00000) (1024K)]
Total: 9

Threads with active compile tasks:
C2 CompilerThread0  645  803       4       java.util.jar.JarFile::getEntry (35 bytes)
C1 CompilerThread0  645  829       3       java.lang.ClassLoader::postDefineClass (39 bytes)
C2 CompilerThread1  645  823       4       java.util.zip.ZipUtils::CENSIZ (9 bytes)
Total: 3

VM state: at safepoint (normal execution)

VM Mutex/Monitor currently owned by a thread:  ([mutex/lock_event])
[0x00007fffe2751b88] Threads_lock - owner thread: 0x000001d49f22c360
[0x00007fffe2751e08] Heap_lock - owner thread: 0x000001d4fe2cd100

Heap address: 0x0000000743200000, size: 3022 MB, Compressed Oops mode: Zero based, Oop shift amount: 3

CDS archive(s) mapped at: [0x0000000007000000-0x0000000007de0000-0x0000000007de0000), size 14548992, SharedBaseAddress: 0x0000000007000000, ArchiveRelocationMode: 1.
Compressed class space mapped at: 0x0000000008000000-0x0000000048000000, reserved size: 1073741824
UseCompressedClassPointers 1, UseCompactObjectHeaders 0
Narrow klass pointer bits 32, Max shift 3
Narrow klass base: 0x0000000007000000, Narrow klass shift: 0
Encoding Range: [0x0000000007000000 - 0x0000000107000000), (4294967296 bytes)
Klass Range:    [0x0000000007000000 - 0x0000000048000000), (1090519040 bytes)
Klass ID Range:  [8 - 1090519033) (1090519025)
Protection zone: [0x0000000007000000 - 0x0000000007010000), (65536 bytes)

GC Precious Log:
 CardTable entry size: 512
 Card Set container configuration: InlinePtr #cards 4 size 8 Array Of Cards #cards 16 size 48 Howl #buckets 8 coarsen threshold 3686 Howl Bitmap #cards 512 size 80 coarsen threshold 460 Card regions per heap region 1 cards per card region 4096
 CPUs: 8 total, 8 available
 Memory: 12087M
 Large Page Support: Disabled
 NUMA Support: Disabled
 Compressed Oops: Enabled (Zero based)
 Heap Region Size: 2M
 Heap Min Capacity: 8M
 Heap Initial Capacity: 8M
 Heap Max Capacity: 3022M
 Pre-touch: Disabled
 Parallel Workers: 8
 Concurrent Workers: 2
 Concurrent Refinement Workers: 8
 Periodic GC: Disabled

Heap:
 garbage-first heap   total reserved 3094528K, committed 10240K, used 3757K [0x0000000743200000, 0x0000000800000000)
  region size 2M, 0 eden (0M), 1 survivor (2M), 2 old (4M), 0 humongous (0M), 2 free (4M)

Heap Regions: E=young(eden), S=young(survivor), O=old, HS=humongous(starts), HC=humongous(continues), CS=collection set, F=free, TAMS=top-at-mark-start, PB=parsable bottom
|    0|0x0000000743200000, 0x000000074334eae8, 0x0000000743400000| 65%| O|  |TAMS 0x0000000743200000| PB 0x0000000743200000| Untracked |  0
|    1|0x0000000743400000, 0x0000000743400000, 0x0000000743600000|  0%| F|  |TAMS 0x0000000743400000| PB 0x0000000743400000| Untracked |  0
|    2|0x0000000743600000, 0x0000000743735068, 0x0000000743800000| 60%| S|CS|TAMS 0x0000000743600000| PB 0x0000000743600000| Complete  |  0
|    3|0x0000000743800000, 0x0000000743800000, 0x0000000743a00000|  0%| F|  |TAMS 0x0000000743800000| PB 0x0000000743800000| Untracked |  0
| 1510|0x00000007ffe00000, 0x00000007fff27c00, 0x0000000800000000| 57%| O|  |TAMS 0x00000007ffe00000| PB 0x00000007ffe00000| Untracked |  0

Card table byte_map: [0x000001d498cf0000,0x000001d4992e0000] _byte_map_base: 0x000001d4952d7000
Refinement table byte_map: [0x000001d4992e0000,0x000001d4998d0000] _byte_map_base: 0x000001d4958c7000

Marking Bits: (CMBitMap*) 0x000001d4ffdc74c0
 Bits: [0x000001d4998d0000, 0x000001d49c808000)

Polling page: 0x000001d4fe3e0000

Metaspace:
Metaspace        used 2861K, committed 3072K, reserved 1114112K
 class space     used 288K, committed 384K, reserved 1048576K

Usage:
  Non-class:      2.51 MB used.
      Class:    288.12 KB used.
       Both:      2.79 MB used.

Virtual space:
  Non-class space:       64.00 MB reserved,       2.62 MB (  4%) committed,  1 nodes.
      Class space:        1.00 GB reserved,     384.00 KB ( <1%) committed,  1 nodes.
             Both:        1.06 GB reserved,       3.00 MB ( <1%) committed. 

Chunk freelists:
   Non-Class:  10.80 MB
       Class:  15.55 MB
        Both:  26.34 MB

MaxMetaspaceSize: unlimited
CompressedClassSpaceSize: 1.00 GB
Initial GC threshold: 21.00 MB
Current GC threshold: 21.00 MB
CDS: on
 - commit_granule_bytes: 65536.
 - commit_granule_words: 8192.
 - virtual_space_node_default_size: 8388608.
 - enlarge_chunks_in_place: 1.
UseCompressedClassPointers 1, UseCompactObjectHeaders 0
Narrow klass pointer bits 32, Max shift 3
Narrow klass base: 0x0000000007000000, Narrow klass shift: 0
Encoding Range: [0x0000000007000000 - 0x0000000107000000), (4294967296 bytes)
Klass Range:    [0x0000000007000000 - 0x0000000048000000), (1090519040 bytes)
Klass ID Range:  [8 - 1090519033) (1090519025)
Protection zone: [0x0000000007000000 - 0x0000000007010000), (65536 bytes)


Internal statistics:

num_allocs_failed_limit: 0.
num_arena_births: 38.
num_arena_deaths: 0.
num_vsnodes_births: 2.
num_vsnodes_deaths: 0.
num_space_committed: 48.
num_space_uncommitted: 0.
num_chunks_returned_to_freelist: 0.
num_chunks_taken_from_freelist: 120.
num_chunk_merges: 0.
num_chunk_splits: 67.
num_chunks_enlarged: 52.
num_inconsistent_stats: 0.

CodeHeap 'non-profiled nmethods': size=120064Kb used=238Kb max_used=238Kb free=119825Kb
 bounds [0x000001d490930000, 0x000001d490ba0000, 0x000001d497e70000]
CodeHeap 'profiled nmethods': size=120064Kb used=1215Kb max_used=1215Kb free=118848Kb
 bounds [0x000001d488e50000, 0x000001d4890c0000, 0x000001d490390000]
CodeHeap 'non-nmethods': size=5760Kb used=1443Kb max_used=1459Kb free=4316Kb
 bounds [0x000001d490390000, 0x000001d490600000, 0x000001d490930000]
CodeCache: size=245888Kb, used=2896Kb, max_used=2912Kb, free=242989Kb
 total_blobs=1278, nmethods=826, adapters=356, full_count=0
Compilation: enabled, stopped_count=0, restarted_count=0

Compilation events (20 events):
Event: 0.410 Thread 0x000001d49f24fdf0  806       3       java.lang.ClassNotFoundException::<init> (7 bytes)
Event: 0.410 Thread 0x000001d49f24fdf0 nmethod 806 0x000001d488f75a88 code [0x000001d488f75b80, 0x000001d488f75d78]
Event: 0.412 Thread 0x000001d49f24fdf0  807       3       java.nio.Buffer::hasRemaining (17 bytes)
Event: 0.412 Thread 0x000001d49f24fdf0 nmethod 807 0x000001d488f75d88 code [0x000001d488f75e80, 0x000001d488f75fc8]
Event: 0.412 Thread 0x000001d49f24fdf0  808   !   3       java.util.zip.Inflater::needsInput (55 bytes)
Event: 0.413 Thread 0x000001d49f24fdf0 nmethod 808 0x000001d488f76088 code [0x000001d488f76180, 0x000001d488f76608]
Event: 0.413 Thread 0x000001d49f24fdf0  809   !   3       java.util.zip.Inflater::inflate (456 bytes)
Event: 0.414 Thread 0x000001d49f6bfad0 nmethod 804 0x000001d490969808 code [0x000001d490969900, 0x000001d49096a238]
Event: 0.414 Thread 0x000001d49f6bfad0  805   !   4       java.util.zip.ZipFile::getEntry (69 bytes)
Event: 0.414 Thread 0x000001d49f24fdf0 nmethod 809 0x000001d488f76688 code [0x000001d488f76780, 0x000001d488f784e8]
Event: 0.414 Thread 0x000001d49f24fdf0  810       3       java.io.InputStream::<init> (5 bytes)
Event: 0.415 Thread 0x000001d49f24fdf0 nmethod 810 0x000001d488f78508 code [0x000001d488f78600, 0x000001d488f78750]
Event: 0.416 Thread 0x000001d49f24fdf0  811       3       java.lang.Throwable::<init> (53 bytes)
Event: 0.416 Thread 0x000001d49f24fdf0 nmethod 811 0x000001d488f78808 code [0x000001d488f78900, 0x000001d488f78e00]
Event: 0.419 Thread 0x000001d49f24fdf0  812       3       jdk.internal.perf.PerfCounter::addElapsedTimeFrom (10 bytes)
Event: 0.420 Thread 0x000001d49f24fdf0 nmethod 812 0x000001d488f78e08 code [0x000001d488f78f00, 0x000001d488f79090]
Event: 0.425 Thread 0x000001d49f24fdf0  815       3       java.util.zip.Checksum::update (11 bytes)
Event: 0.425 Thread 0x000001d49f24fdf0 nmethod 815 0x000001d488f79108 code [0x000001d488f79200, 0x000001d488f793f8]
Event: 0.425 Thread 0x000001d49f24fdf0  816       3       java.util.zip.CRC32::update (38 bytes)
Event: 0.426 Thread 0x000001d49f24fdf0 nmethod 816 0x000001d488f79408 code [0x000001d488f79500, 0x000001d488f79908]

GC Heap Usage History (6 events):
Event: 0.228 {heap Before GC invocations=0 (full 0):
 garbage-first heap   total reserved 3094528K, committed 10240K, used 5279K [0x0000000743200000, 0x0000000800000000)
  region size 2M, 2 eden (4M), 0 survivor (0M), 1 old (2M), 0 humongous (0M), 2 free (4M)
}
Event: 0.231 {heap After GC invocations=1 (full 0):
 garbage-first heap   total reserved 3094528K, committed 10240K, used 2708K [0x0000000743200000, 0x0000000800000000)
  region size 2M, 0 eden (0M), 1 survivor (2M), 1 old (2M), 0 humongous (0M), 3 free (6M)
}
Event: 0.313 {heap Before GC invocations=1 (full 0):
 garbage-first heap   total reserved 3094528K, committed 10240K, used 4756K [0x0000000743200000, 0x0000000800000000)
  region size 2M, 1 eden (2M), 1 survivor (2M), 1 old (2M), 0 humongous (0M), 2 free (4M)
}
Event: 0.315 {heap After GC invocations=2 (full 0):
 garbage-first heap   total reserved 3094528K, committed 10240K, used 2843K [0x0000000743200000, 0x0000000800000000)
  region size 2M, 0 eden (0M), 1 survivor (2M), 2 old (4M), 0 humongous (0M), 2 free (4M)
}
Event: 0.379 {heap Before GC invocations=2 (full 0):
 garbage-first heap   total reserved 3094528K, committed 10240K, used 4891K [0x0000000743200000, 0x0000000800000000)
  region size 2M, 1 eden (2M), 1 survivor (2M), 2 old (4M), 0 humongous (0M), 1 free (2M)
}
Event: 0.381 {heap After GC invocations=3 (full 0):
 garbage-first heap   total reserved 3094528K, committed 10240K, used 3159K [0x0000000743200000, 0x0000000800000000)
  region size 2M, 0 eden (0M), 1 survivor (2M), 2 old (4M), 0 humongous (0M), 2 free (4M)
}

Metaspace Usage History (6 events):
Event: 0.228 {metaspace Before GC invocations=0 (full 0):
 Metaspace       used 1121K, committed 1280K, reserved 1114112K
  class space    used 89K, committed 128K, reserved 1048576K
}
Event: 0.231 {metaspace After GC invocations=1 (full 0):
 Metaspace       used 1121K, committed 1280K, reserved 1114112K
  class space    used 89K, committed 128K, reserved 1048576K
}
Event: 0.313 {metaspace Before GC invocations=1 (full 0):
 Metaspace       used 1909K, committed 2048K, reserved 1114112K
  class space    used 177K, committed 256K, reserved 1048576K
}
Event: 0.315 {metaspace After GC invocations=2 (full 0):
 Metaspace       used 1909K, committed 2048K, reserved 1114112K
  class space    used 177K, committed 256K, reserved 1048576K
}
Event: 0.379 {metaspace Before GC invocations=2 (full 0):
 Metaspace       used 2484K, committed 2688K, reserved 1114112K
  class space    used 235K, committed 320K, reserved 1048576K
}
Event: 0.381 {metaspace After GC invocations=3 (full 0):
 Metaspace       used 2484K, committed 2688K, reserved 1114112K
  class space    used 235K, committed 320K, reserved 1048576K
}

Dll operation events (14 events):
Event: 0.014 Attempting to load shared library D:\Apache NetBeans\jdk\bin\java.dll
Event: 0.015 Loaded shared library D:\Apache NetBeans\jdk\bin\java.dll
Event: 0.061 Attempting to load shared library D:\Apache NetBeans\jdk\bin\net.dll
Event: 0.061 Loaded shared library D:\Apache NetBeans\jdk\bin\net.dll
Event: 0.064 Attempting to load shared library D:\Apache NetBeans\jdk\bin\nio.dll
Event: 0.064 Loaded shared library D:\Apache NetBeans\jdk\bin\nio.dll
Event: 0.067 Attempting to load shared library D:\Apache NetBeans\jdk\bin\zip.dll
Event: 0.068 Loaded shared library D:\Apache NetBeans\jdk\bin\zip.dll
Event: 0.222 Attempting to load shared library D:\Apache NetBeans\java\maven\lib\jansi-native\Windows\x86_64\jansi.dll
Event: 0.222 Attempting to load shared library D:\Apache NetBeans\jdk\bin\jimage.dll
Event: 0.222 Loaded shared library D:\Apache NetBeans\jdk\bin\jimage.dll
Event: 0.223 Loaded shared library D:\Apache NetBeans\java\maven\lib\jansi-native\Windows\x86_64\jansi.dll
Event: 0.237 Attempting to load shared library D:\Apache NetBeans\jdk\bin\verify.dll
Event: 0.238 Loaded shared library D:\Apache NetBeans\jdk\bin\verify.dll

Deoptimization events (20 events):
Event: 0.363 Thread 0x000001d4fe2cd100 Uncommon trap: trap_request=0xffffff45 fr.pc=0x000001d49093c274 relative=0x0000000000000074
Event: 0.363 Thread 0x000001d4fe2cd100 Uncommon trap: reason=unstable_if action=reinterpret pc=0x000001d49093c274 method=jdk.internal.misc.Unsafe.convEndian(ZI)I @ 4 c2
Event: 0.363 Thread 0x000001d4fe2cd100 DEOPT PACKING pc=0x000001d49093c274 sp=0x0000007e4f8fdfa0
Event: 0.363 Thread 0x000001d4fe2cd100 DEOPT UNPACKING pc=0x000001d4904c2c02 sp=0x0000007e4f8fded0 mode 2
Event: 0.402 Thread 0x000001d4fe2cd100 Uncommon trap: trap_request=0xffffff45 fr.pc=0x000001d49093b09c relative=0x000000000000019c
Event: 0.402 Thread 0x000001d4fe2cd100 Uncommon trap: reason=unstable_if action=reinterpret pc=0x000001d49093b09c method=java.lang.AbstractStringBuilder.needsNewBuffer([BBIB)Z @ 8 c2
Event: 0.402 Thread 0x000001d4fe2cd100 DEOPT PACKING pc=0x000001d49093b09c sp=0x0000007e4f8fe560
Event: 0.402 Thread 0x000001d4fe2cd100 DEOPT UNPACKING pc=0x000001d4904c2c02 sp=0x0000007e4f8fe408 mode 2
Event: 0.402 Thread 0x000001d4fe2cd100 Uncommon trap: trap_request=0xffffff45 fr.pc=0x000001d4909493c4 relative=0x00000000000001c4
Event: 0.402 Thread 0x000001d4fe2cd100 Uncommon trap: reason=unstable_if action=reinterpret pc=0x000001d4909493c4 method=java.lang.AbstractStringBuilder.isLatin1(B)Z @ 7 c2
Event: 0.402 Thread 0x000001d4fe2cd100 DEOPT PACKING pc=0x000001d4909493c4 sp=0x0000007e4f8fe570
Event: 0.402 Thread 0x000001d4fe2cd100 DEOPT UNPACKING pc=0x000001d4904c2c02 sp=0x0000007e4f8fe4b0 mode 2
Event: 0.402 Thread 0x000001d4fe2cd100 Uncommon trap: trap_request=0xffffff45 fr.pc=0x000001d490969000 relative=0x0000000000000380
Event: 0.402 Thread 0x000001d4fe2cd100 Uncommon trap: reason=unstable_if action=reinterpret pc=0x000001d490969000 method=sun.util.locale.BaseLocale.hashCode()I @ 159 c2
Event: 0.402 Thread 0x000001d4fe2cd100 DEOPT PACKING pc=0x000001d490969000 sp=0x0000007e4f8fde70
Event: 0.402 Thread 0x000001d4fe2cd100 DEOPT UNPACKING pc=0x000001d4904c2c02 sp=0x0000007e4f8fde00 mode 2
Event: 0.404 Thread 0x000001d4fe2cd100 Uncommon trap: trap_request=0xffffff45 fr.pc=0x000001d49093a664 relative=0x0000000000000064
Event: 0.404 Thread 0x000001d4fe2cd100 Uncommon trap: reason=unstable_if action=reinterpret pc=0x000001d49093a664 method=java.lang.AbstractStringBuilder.needsNewBuffer([BBIB)Z @ 8 c2
Event: 0.404 Thread 0x000001d4fe2cd100 DEOPT PACKING pc=0x000001d49093a664 sp=0x0000007e4f8fe480
Event: 0.404 Thread 0x000001d4fe2cd100 DEOPT UNPACKING pc=0x000001d4904c2c02 sp=0x0000007e4f8fe408 mode 2

Classes loaded (20 events):
Event: 0.353 Loading class java/util/concurrent/locks/ReentrantReadWriteLock$Sync$ThreadLocalHoldCounter
Event: 0.353 Loading class java/util/concurrent/locks/ReentrantReadWriteLock$Sync$ThreadLocalHoldCounter done
Event: 0.353 Loading class java/util/concurrent/locks/ReentrantReadWriteLock$ReadLock
Event: 0.353 Loading class java/util/concurrent/locks/ReentrantReadWriteLock$ReadLock done
Event: 0.353 Loading class java/util/concurrent/locks/ReentrantReadWriteLock$WriteLock
Event: 0.353 Loading class java/util/concurrent/locks/ReentrantReadWriteLock$WriteLock done
Event: 0.356 Loading class java/text/ParseException
Event: 0.356 Loading class java/text/ParseException done
Event: 0.363 Loading class sun/util/calendar/ZoneInfoFile$Checksum
Event: 0.363 Loading class sun/util/calendar/ZoneInfoFile$Checksum done
Event: 0.365 Loading class jdk/internal/module/ModulePatcher$PatchedModuleReader
Event: 0.365 Loading class jdk/internal/module/ModulePatcher$PatchedModuleReader done
Event: 0.365 Loading class jdk/internal/jimage/ImageReader$Resource
Event: 0.365 Loading class jdk/internal/jimage/ImageReader$Resource done
Event: 0.366 Loading class sun/net/www/protocol/jrt/Handler
Event: 0.366 Loading class sun/net/www/protocol/jrt/Handler done
Event: 0.400 Loading class sun/text/resources/cldr/FormatData_en
Event: 0.400 Loading class sun/text/resources/cldr/FormatData_en done
Event: 0.401 Loading class sun/text/resources/cldr/FormatData_en_US
Event: 0.401 Loading class sun/text/resources/cldr/FormatData_en_US done

Classes unloaded (0 events):
No events

Classes redefined (0 events):
No events

Internal exceptions (20 events):
Event: 0.200 Thread 0x000001d4fe2cd100 Exception <a 'java/lang/NoSuchMethodError'{0x000000074374a0b8}: 'java.lang.Object java.lang.invoke.Invokers$Holder.invokeExact_MT(java.lang.Object, java.lang.Object, java.lang.Object, java.lang.Object, java.lang.Object)'> (0x000000074374a0b8) 
thrown [s\src\hotspot\share\interpreter\linkResolver.cpp, line 804]
Event: 0.206 Thread 0x000001d4fe2cd100 Exception <a 'java/lang/NoSuchMethodError'{0x000000074377a220}: 'java.lang.Object java.lang.invoke.DirectMethodHandle$Holder.invokeStaticInit(java.lang.Object)'> (0x000000074377a220) 
thrown [s\src\hotspot\share\interpreter\linkResolver.cpp, line 804]
Event: 0.214 Thread 0x000001d4fe2cd100 Exception <a 'java/lang/NullPointerException'{0x00000007437affe0}> (0x00000007437affe0) 
thrown [s\src\hotspot\share\interpreter\linkResolver.cpp, line 1428]
Event: 0.226 Thread 0x000001d4fe2cd100 Exception <a 'java/lang/NullPointerException'{0x00000007437e6640}> (0x00000007437e6640) 
thrown [s\src\hotspot\share\interpreter\linkResolver.cpp, line 1428]
Event: 0.226 Thread 0x000001d4fe2cd100 Exception <a 'java/lang/NullPointerException'{0x00000007437e6920}> (0x00000007437e6920) 
thrown [s\src\hotspot\share\interpreter\linkResolver.cpp, line 1428]
Event: 0.226 Thread 0x000001d4fe2cd100 Exception <a 'java/lang/NullPointerException'{0x00000007437e6c00}> (0x00000007437e6c00) 
thrown [s\src\hotspot\share\interpreter\linkResolver.cpp, line 1428]
Event: 0.227 Thread 0x000001d4fe2cd100 Exception <a 'java/lang/NullPointerException'{0x00000007437ec930}> (0x00000007437ec930) 
thrown [s\src\hotspot\share\interpreter\linkResolver.cpp, line 1428]
Event: 0.232 Thread 0x000001d4fe2cd100 Exception <a 'java/lang/NullPointerException'{0x000000074380c268}> (0x000000074380c268) 
thrown [s\src\hotspot\share\interpreter\linkResolver.cpp, line 1428]
Event: 0.232 Thread 0x000001d4fe2cd100 Exception <a 'java/lang/NullPointerException'{0x000000074380c548}> (0x000000074380c548) 
thrown [s\src\hotspot\share\interpreter\linkResolver.cpp, line 1428]
Event: 0.232 Thread 0x000001d4fe2cd100 Exception <a 'java/lang/NullPointerException'{0x000000074380c828}> (0x000000074380c828) 
thrown [s\src\hotspot\share\interpreter\linkResolver.cpp, line 1428]
Event: 0.232 Thread 0x000001d4fe2cd100 Exception <a 'java/lang/NullPointerException'{0x000000074380cb08}> (0x000000074380cb08) 
thrown [s\src\hotspot\share\interpreter\linkResolver.cpp, line 1428]
Event: 0.236 Thread 0x000001d4fe2cd100 Exception <a 'sun/nio/fs/WindowsException'{0x0000000743837da8}> (0x0000000743837da8) 
thrown [s\src\hotspot\share\prims\jni.cpp, line 514]
Event: 0.237 Thread 0x000001d4fe2cd100 Exception <a 'sun/nio/fs/WindowsException'{0x0000000743838290}> (0x0000000743838290) 
thrown [s\src\hotspot\share\prims\jni.cpp, line 514]
Event: 0.237 Thread 0x000001d4fe2cd100 Exception <a 'sun/nio/fs/WindowsException'{0x0000000743838738}> (0x0000000743838738) 
thrown [s\src\hotspot\share\prims\jni.cpp, line 514]
Event: 0.246 Thread 0x000001d4fe2cd100 Exception <a 'java/lang/NoSuchMethodError'{0x0000000743875ca8}: 'void java.lang.invoke.DirectMethodHandle$Holder.invokeVirtual(java.lang.Object, java.lang.Object)'> (0x0000000743875ca8) 
thrown [s\src\hotspot\share\interpreter\linkResolver.cpp, line 804]
Event: 0.249 Thread 0x000001d4fe2cd100 Exception <a 'java/lang/NoSuchMethodError'{0x0000000743897d48}: 'void java.lang.invoke.DirectMethodHandle$Holder.invokeStatic(java.lang.Object, java.lang.Object)'> (0x0000000743897d48) 
thrown [s\src\hotspot\share\interpreter\linkResolver.cpp, line 804]
Event: 0.250 Thread 0x000001d4fe2cd100 Exception <a 'java/lang/NoSuchMethodError'{0x000000074389fd48}: 'void java.lang.invoke.DirectMethodHandle$Holder.invokeStaticInit(java.lang.Object, java.lang.Object)'> (0x000000074389fd48) 
thrown [s\src\hotspot\share\interpreter\linkResolver.cpp, line 804]
Event: 0.256 Thread 0x000001d4fe2cd100 Exception <a 'java/lang/NoSuchMethodError'{0x00000007438d4700}: 'void java.lang.invoke.DirectMethodHandle$Holder.invokeSpecial(java.lang.Object, java.lang.Object, java.lang.Object, java.lang.Object, java.lang.Object)'> (0x00000007438d4700) 
thrown [s\src\hotspot\share\interpreter\linkResolver.cpp, line 804]
Event: 0.269 Thread 0x000001d4fe2cd100 Exception <a 'java/lang/NoSuchMethodError'{0x0000000743919e00}: 'void java.lang.invoke.DirectMethodHandle$Holder.invokeStatic(java.lang.Object, java.lang.Object, java.lang.Object)'> (0x0000000743919e00) 
thrown [s\src\hotspot\share\interpreter\linkResolver.cpp, line 804]
Event: 0.336 Thread 0x000001d4fe2cd100 Exception <a 'java/lang/NoSuchMethodError'{0x00000007438c4bd0}: 'java.lang.Object java.lang.invoke.DirectMethodHandle$Holder.invokeSpecialIFC(java.lang.Object, java.lang.Object, java.lang.Object, java.lang.Object)'> (0x00000007438c4bd0) 
thrown [s\src\hotspot\share\interpreter\linkResolver.cpp, line 804]

VM Operations (10 events):
Event: 0.213 Executing non-safepoint VM operation: HandshakeAllThreads (Deoptimize)
Event: 0.213 Executing non-safepoint VM operation: HandshakeAllThreads (Deoptimize) done
Event: 0.228 Executing non-safepoint VM operation: HandshakeAllThreads (Deoptimize)
Event: 0.228 Executing non-safepoint VM operation: HandshakeAllThreads (Deoptimize) done
Event: 0.228 Executing safepoint VM operation: G1CollectForAllocation (G1 Evacuation Pause)
Event: 0.231 Executing safepoint VM operation: G1CollectForAllocation (G1 Evacuation Pause) done
Event: 0.313 Executing safepoint VM operation: G1CollectForAllocation (G1 Evacuation Pause)
Event: 0.316 Executing safepoint VM operation: G1CollectForAllocation (G1 Evacuation Pause) done
Event: 0.379 Executing safepoint VM operation: G1CollectForAllocation (G1 Evacuation Pause)
Event: 0.381 Executing safepoint VM operation: G1CollectForAllocation (G1 Evacuation Pause) done

Memory protections (0 events):
No events

Nmethod flushes (0 events):
No events

Events (17 events):
Event: 0.031 Thread 0x000001d4fe2cd100 Thread added: 0x000001d4fe2cd100
Event: 0.038 Thread 0x000001d4fe2cd100 JVMTI - enter early start phase
Event: 0.050 Thread 0x000001d4fe2cd100 Thread added: 0x000001d49f23cd00
Event: 0.050 Thread 0x000001d4fe2cd100 Thread added: 0x000001d49f23d4b0
Event: 0.050 Thread 0x000001d4fe2cd100 Thread added: 0x000001d49f23eef0
Event: 0.051 Thread 0x000001d4fe2cd100 Thread added: 0x000001d49f243290
Event: 0.051 Thread 0x000001d4fe2cd100 Thread added: 0x000001d49f243e50
Event: 0.051 Thread 0x000001d4fe2cd100 Thread added: 0x000001d49f244e20
Event: 0.051 Thread 0x000001d4fe2cd100 Thread added: 0x000001d49f24f5f0
Event: 0.051 Thread 0x000001d4fe2cd100 Thread added: 0x000001d49f24fdf0
Event: 0.055 Thread 0x000001d4fe2cd100 JVMTI - enter start phase
Event: 0.055 Thread 0x000001d4fe2cd100 JVMTI - enter live phase
Event: 0.055 Thread 0x000001d4fe2cd100 Thread added: 0x000001d49f338430
Event: 0.057 Thread 0x000001d4fe2cd100 Thread added: 0x000001d49f33aaa0
Event: 0.193 Thread 0x000001d49f24fdf0 Thread added: 0x000001d49f6bfad0
Event: 0.218 Thread 0x000001d4fe2cd100 Thread added: 0x000001d4a400c0a0
Event: 0.233 Thread 0x000001d4a400c0a0 Thread exited: 0x000001d4a400c0a0


Dynamic libraries:
0x00007ff68db70000 - 0x00007ff68db7e000 	D:\Apache NetBeans\jdk\bin\java.exe
0x00007ff86dac0000 - 0x00007ff86dd28000 	C:\WINDOWS\SYSTEM32\ntdll.dll
0x00007ff86c980000 - 0x00007ff86ca49000 	C:\WINDOWS\System32\KERNEL32.DLL
0x00007ff86b270000 - 0x00007ff86b668000 	C:\WINDOWS\System32\KERNELBASE.dll
0x00007ff86b030000 - 0x00007ff86b17b000 	C:\WINDOWS\System32\ucrtbase.dll
0x00007ff82f1c0000 - 0x00007ff82f1de000 	D:\Apache NetBeans\jdk\bin\VCRUNTIME140.dll
0x00007ff81ff60000 - 0x00007ff81ff77000 	D:\Apache NetBeans\jdk\bin\jli.dll
0x00007ff86c6e0000 - 0x00007ff86c8a7000 	C:\WINDOWS\System32\USER32.dll
0x00007ff86b180000 - 0x00007ff86b1a7000 	C:\WINDOWS\System32\win32u.dll
0x00007ff86c500000 - 0x00007ff86c52b000 	C:\WINDOWS\System32\GDI32.dll
0x00007ff86af00000 - 0x00007ff86b02c000 	C:\WINDOWS\System32\gdi32full.dll
0x00007ff86b670000 - 0x00007ff86b713000 	C:\WINDOWS\System32\msvcp_win.dll
0x00007ff8546b0000 - 0x00007ff854944000 	C:\WINDOWS\WinSxS\amd64_microsoft.windows.common-controls_6595b64144ccf1df_6.0.26100.7019_none_3e06ffa0e335b8a8\COMCTL32.dll
0x00007ff86c8b0000 - 0x00007ff86c959000 	C:\WINDOWS\System32\msvcrt.dll
0x00007ff86d0d0000 - 0x00007ff86d101000 	C:\WINDOWS\System32\IMM32.DLL
0x0000000060410000 - 0x000000006041d000 	D:\Program Files (x86)\360\Total Security\safemon\SafeWrapper.dll
0x00007ff86c440000 - 0x00007ff86c4f4000 	C:\WINDOWS\System32\ADVAPI32.dll
0x00007ff86d6a0000 - 0x00007ff86d746000 	C:\WINDOWS\System32\sechost.dll
0x00007ff86d750000 - 0x00007ff86d868000 	C:\WINDOWS\System32\RPCRT4.dll
0x00007ff8684b0000 - 0x00007ff8685b5000 	D:\Program Files (x86)\360\Total Security\safemon\libzdtp64.dll
0x00007ff86bc60000 - 0x00007ff86c3af000 	C:\WINDOWS\System32\SHELL32.dll
0x00007ff86ad90000 - 0x00007ff86aefb000 	C:\WINDOWS\System32\wintypes.dll
0x00007ff86cbd0000 - 0x00007ff86cf5b000 	C:\WINDOWS\System32\combase.dll
0x00007ff86d060000 - 0x00007ff86d0c7000 	C:\WINDOWS\System32\SHLWAPI.dll
0x00007ff86a700000 - 0x00007ff86a70b000 	C:\WINDOWS\SYSTEM32\VERSION.dll
0x00007ff84ab70000 - 0x00007ff84ab7c000 	D:\Apache NetBeans\jdk\bin\vcruntime140_1.dll
0x00007ff8186b0000 - 0x00007ff81873d000 	D:\Apache NetBeans\jdk\bin\msvcp140.dll
0x00007fffe18b0000 - 0x00007fffe284b000 	D:\Apache NetBeans\jdk\bin\server\jvm.dll
0x00007ff86d190000 - 0x00007ff86d204000 	C:\WINDOWS\System32\WS2_32.dll
0x00007ff86aa70000 - 0x00007ff86aace000 	C:\WINDOWS\SYSTEM32\POWRPROF.dll
0x00007ff861eb0000 - 0x00007ff861ee5000 	C:\WINDOWS\SYSTEM32\WINMM.dll
0x00007ff86aa50000 - 0x00007ff86aa64000 	C:\WINDOWS\SYSTEM32\UMPDC.dll
0x00007ff869920000 - 0x00007ff86993b000 	C:\WINDOWS\SYSTEM32\kernel.appcore.dll
0x00007ff83eda0000 - 0x00007ff83edaa000 	D:\Apache NetBeans\jdk\bin\jimage.dll
0x00007ff867d30000 - 0x00007ff867f72000 	C:\WINDOWS\SYSTEM32\DBGHELP.DLL
0x00007ff86cf60000 - 0x00007ff86d037000 	C:\WINDOWS\System32\OLEAUT32.dll
0x00007ff82cf80000 - 0x00007ff82cfbc000 	C:\WINDOWS\SYSTEM32\dbgcore.DLL
0x00007ff86b7b0000 - 0x00007ff86b855000 	C:\WINDOWS\System32\bcryptPrimitives.dll
0x00007ff82a890000 - 0x00007ff82a8ae000 	D:\Apache NetBeans\jdk\bin\java.dll
0x00007ff86c530000 - 0x00007ff86c6c7000 	C:\WINDOWS\System32\ole32.dll
0x00007ff868780000 - 0x00007ff868fdd000 	C:\WINDOWS\SYSTEM32\windows.storage.dll
0x00007ff86d870000 - 0x00007ff86d962000 	C:\WINDOWS\System32\SHCORE.dll
0x00007ff86ab30000 - 0x00007ff86ab59000 	C:\WINDOWS\SYSTEM32\profapi.dll
0x00007ff819580000 - 0x00007ff819591000 	D:\Apache NetBeans\jdk\bin\net.dll
0x00007ff869e70000 - 0x00007ff869edb000 	C:\WINDOWS\system32\mswsock.dll
0x00007ff819040000 - 0x00007ff819056000 	D:\Apache NetBeans\jdk\bin\nio.dll
0x00007ff81fce0000 - 0x00007ff81fcf6000 	D:\Apache NetBeans\jdk\bin\zip.dll
0x00007ff8654d0000 - 0x00007ff8654f4000 	D:\Apache NetBeans\java\maven\lib\jansi-native\Windows\x86_64\jansi.dll
0x00007ff8347b0000 - 0x00007ff8347c0000 	D:\Apache NetBeans\jdk\bin\verify.dll

JVMTI agents: none

dbghelp: loaded successfully - version: 4.0.5 - missing functions: none
symbol engine: initialized successfully - sym options: 0x614 - pdb path: .;D:\Apache NetBeans\jdk\bin;C:\WINDOWS\SYSTEM32;C:\WINDOWS\WinSxS\amd64_microsoft.windows.common-controls_6595b64144ccf1df_6.0.26100.7019_none_3e06ffa0e335b8a8;D:\Program Files (x86)\360\Total Security\safemon;D:\Apache NetBeans\jdk\bin\server;D:\Apache NetBeans\java\maven\lib\jansi-native\Windows\x86_64

VM Arguments:
jvm_args: -Dclassworlds.conf=D:\Apache NetBeans\java\maven\bin\m2.conf -Dmaven.home=D:\Apache NetBeans\java\maven -Dlibrary.jansi.path=D:\Apache NetBeans\java\maven\lib\jansi-native -Dmaven.multiModuleProjectDirectory=D:\PBO\SistemPemesananTiketPesawat 
java_command: org.codehaus.plexus.classworlds.launcher.Launcher -Dexec.vmArgs= -Dexec.args=${exec.vmArgs} -classpath %classpath ${exec.mainClass} ${exec.appArgs} -Dexec.appArgs= -Dexec.mainClass=main.SistemPemesananTiketPesawat -Dexec.executable=D:\Apache NetBeans\jdk\bin\java.exe -Dmaven.ext.class.path=D:\Apache NetBeans\java\maven-nblib\netbeans-eventspy.jar --no-transfer-progress process-classes org.codehaus.mojo:exec-maven-plugin:3.6.3:exec
java_class_path (initial): D:\Apache NetBeans\java\maven\boot\plexus-classworlds-2.11.0.jar
Launcher Type: SUN_STANDARD

[Global flags]
     bool AOTAdapterCaching                        = false                                  {diagnostic} {ergonomic}
     bool AOTInvokeDynamicLinking                  = false                                  {diagnostic} {ergonomic}
     bool AOTRecordTraining                        = false                                  {diagnostic} {ergonomic}
     bool AOTReplayTraining                        = false                                  {diagnostic} {ergonomic}
     bool AOTStubCaching                           = false                                  {diagnostic} {ergonomic}
     intx CICompilerCount                          = 4                                         {product} {ergonomic}
     uint ConcGCThreads                            = 2                                         {product} {ergonomic}
     uint G1ConcRefinementThreads                  = 8                                         {product} {ergonomic}
     uint G1EagerReclaimRemSetThreshold            = 16                                   {experimental} {ergonomic}
   size_t G1HeapRegionSize                         = 2097152                                   {product} {ergonomic}
     uint G1RemSetArrayOfCardsEntries              = 16                                   {experimental} {ergonomic}
     uint G1RemSetHowlMaxNumBuckets                = 8                                    {experimental} {ergonomic}
     uint G1RemSetHowlNumBuckets                   = 8                                    {experimental} {ergonomic}
   size_t InitialHeapSize                          = 8388608                                   {product} {ergonomic}
     bool IntelJccErratumMitigation                = false                             {ARCH diagnostic} {ergonomic}
   size_t MarkStackSize                            = 4194304                                   {product} {ergonomic}
   size_t MarkStackSizeMax                         = 536870912                                 {product} {ergonomic}
   size_t MaxHeapSize                              = 3168796672                                {product} {ergonomic}
   size_t MaxNewSize                               = 1900019712                                {product} {ergonomic}
 uint64_t MaxRAM                                   = 12674457600                               {product} {ergonomic}
   size_t MinHeapDeltaBytes                        = 2097152                                   {product} {ergonomic}
   size_t MinHeapSize                              = 8388608                                   {product} {ergonomic}
   size_t NonNMethodCodeHeapSize                   = 5898240                                {pd product} {ergonomic}
   size_t NonProfiledCodeHeapSize                  = 122945536                              {pd product} {ergonomic}
   size_t ProfiledCodeHeapSize                     = 122945536                              {pd product} {ergonomic}
   size_t ReservedCodeCacheSize                    = 251789312                              {pd product} {ergonomic}
     bool SegmentedCodeCache                       = true                                      {product} {ergonomic}
   size_t SoftMaxHeapSize                          = 3168796672                             {manageable} {ergonomic}
     bool UseCompressedOops                        = true                           {product lp64_product} {ergonomic}
     bool UseCondCardMark                          = true                                      {product} {ergonomic}
     bool UseFastUnorderedTimeStamps               = true                                 {experimental} {ergonomic}
     bool UseG1GC                                  = true                                      {product} {ergonomic}
     bool UseLargePagesIndividualAllocation        = false                                  {pd product} {ergonomic}
      int X86ICacheSync                            = 3                                 {ARCH diagnostic} {ergonomic}

Logging:
Log output configuration:
 #0: stdout all=warning uptime,level,tags foldmultilines=false
 #1: stderr all=off uptime,level,tags foldmultilines=false

Release file:
IMPLEMENTOR="Eclipse Adoptium" 
IMPLEMENTOR_VERSION="Temurin-26.0.2+10" 
JAVA_RUNTIME_VERSION="26.0.2+10" 
JAVA_VERSION="26.0.2" 
JAVA_VERSION_DATE="2026-07-21" 
LIBC="default" 
MODULES="java.base java.compiler java.datatransfer java.xml java.prefs java.desktop java.instrument java.logging java.management java.security.sasl java.naming java.rmi java.management.rmi java.net.http java.scripting java.security.jgss java.transaction.xa java.sql java.sql.rowset java.xml.crypto java.se java.smartcardio jdk.accessibility jdk.internal.jvmstat jdk.attach jdk.charsets jdk.internal.opt jdk.zipfs jdk.compiler jdk.crypto.cryptoki jdk.crypto.ec jdk.crypto.mscapi jdk.dynalink jdk.internal.ed jdk.editpad jdk.internal.vm.ci jdk.graal.compiler jdk.graal.compiler.management jdk.hotspot.agent jdk.httpserver jdk.incubator.vector jdk.internal.le jdk.internal.md jdk.jartool jdk.javadoc jdk.jcmd jdk.management jdk.management.agent jdk.jconsole jdk.jdeps jdk.jdwp.agent jdk.jdi jdk.jfr jdk.jlink jdk.jpackage jdk.jshell jdk.jstatd jdk.localedata jdk.management.jfr jdk.naming.dns jdk.naming.rmi jdk.net jdk.nio.mapmode jdk.sctp jdk.security.auth jdk.security.jgss jdk.unsupported jdk.unsupported.desktop jdk.xml.dom" 
OS_ARCH="x86_64" 
OS_NAME="Windows" 
SOURCE=".:git:8ef08853c5a2" 
BUILD_SOURCE="git:e6ba7dec3d07654074559310376a3ae89da5f4ac"
BUILD_SOURCE_REPO="https://github.com/adoptium/temurin-build.git"
SOURCE_REPO="https://github.com/adoptium/jdk26u.git"
FULL_VERSION="26.0.2+10"
SEMANTIC_VERSION="26.0.2+10"
BUILD_INFO="OS: Windows Server 2022 Version: 10.0"
JVM_VARIANT="Hotspot"
JVM_VERSION="26.0.2+10"
IMAGE_TYPE="JDK"

Environment Variables:
JAVA_HOME=D:\Apache NetBeans\jdk
PATH=C:\Windows\system32;C:\Windows;C:\Windows\System32\Wbem;C:\Windows\System32\WindowsPowerShell\v1.0\;C:\Windows\System32\OpenSSH\;C:\Program Files (x86)\NVIDIA Corporation\PhysX\Common;C:\WINDOWS\system32;C:\WINDOWS;C:\WINDOWS\System32\Wbem;C:\WINDOWS\System32\WindowsPowerShell\v1.0\;C:\WINDOWS\System32\OpenSSH\;C:\Program Files\dotnet\;D:\Git\cmd;C:\Users\Adbang 18\AppData\Local\Programs\Python\Python313\Scripts\;C:\Users\Adbang 18\AppData\Local\Programs\Python\Python313\;C:\Users\Adbang 18\AppData\Local\Microsoft\WindowsApps;C:\Users\Adbang 18\AppData\Local\Packages\PythonSoftwareFoundation.Python.3.12_qbz5n2kfra8p0\LocalCache\local-packages\Python312\site-packages\pip (python 3.12);C:\Users\Adbang 18\AppData\Local\Programs\Microsoft VS Code\bin;D:\Apache NetBeans\bin\
USERNAME=Adbang 18
OS=Windows_NT
PROCESSOR_IDENTIFIER=Intel64 Family 6 Model 140 Stepping 1, GenuineIntel
TMP=C:\Users\ADBANG~1\AppData\Local\Temp
TEMP=C:\Users\ADBANG~1\AppData\Local\Temp




Compilation memory statistics disabled.

Periodic native trim disabled

---------------  S Y S T E M  ---------------

OS:
 Windows 11 , 64 bit Build 26100 (10.0.26100.7019)
OS uptime: 0 days 0:43 hours
Hyper-V role detected

CPU: total 8 (initial active 8) (4 cores per cpu, 2 threads per core) family 6 model 140 stepping 1 microcode 0x66, cx8, cmov, fxsr, ht, mmx, 3dnowpref, sse, sse2, sse3, ssse3, sse4.1, sse4.2, popcnt, lzcnt, tsc, tscinvbit, avx, avx2, aes, erms, clmul, bmi1, bmi2, adx, avx512f, avx512dq, avx512cd, avx512bw, avx512vl, sha, fma, vzeroupper, avx512_vpopcntdq, avx512_vpclmulqdq, avx512_vaes, avx512_vnni, clflush, clflushopt, clwb, avx512_vbmi2, avx512_vbmi, hv, rdtscp, rdpid, fsrm, gfni, avx512_bitalg, f16c, cet_ibt, cet_ss, avx512_ifma
Processor Information for processor 0
  Max Mhz: 2803, Current Mhz: 2803, Mhz Limit: 2803
Processor Information for processor 1
  Max Mhz: 2803, Current Mhz: 2803, Mhz Limit: 2803
Processor Information for processor 2
  Max Mhz: 2803, Current Mhz: 2803, Mhz Limit: 2803
Processor Information for processor 3
  Max Mhz: 2803, Current Mhz: 1001, Mhz Limit: 2803
Processor Information for processor 4
  Max Mhz: 2803, Current Mhz: 2803, Mhz Limit: 2803
Processor Information for processor 5
  Max Mhz: 2803, Current Mhz: 2803, Mhz Limit: 2803
Processor Information for processor 6
  Max Mhz: 2803, Current Mhz: 1001, Mhz Limit: 2803
Processor Information for processor 7
  Max Mhz: 2803, Current Mhz: 1001, Mhz Limit: 2803

Memory: 4k page, system-wide physical 12087M (1372M free)
TotalPageFile size 12933M (AvailPageFile size 4M)
current process WorkingSet (physical memory assigned to process): 64M, peak: 64M
current process commit charge ("private bytes"): 104M, peak: 120M

vm_info: OpenJDK 64-Bit Server VM (26.0.2+10) for windows-amd64 JRE (26.0.2+10), built on 2026-07-21T00:00:00Z with MS VC++ 17.12 (VS2022)

END.
