#
# There is insufficient memory for the Java Runtime Environment to continue.
# Native memory allocation (mmap) failed to map 8388608 bytes. Error detail: G1 virtual space
# Possible reasons:
#   The system is out of physical RAM or swap space
#   This process is running with CompressedOops enabled, and the Java Heap may be blocking the growth of the native heap
# Possible solutions:
#   Reduce memory load on the system
#   Increase physical memory or swap space
#   Check if swap backing store is full
#   Decrease Java heap size (-Xmx/-Xms)
#   Decrease number of Java threads
#   Decrease Java thread stack sizes (-Xss)
#   Set larger code cache with -XX:ReservedCodeCacheSize=
#   JVM is running with Zero Based Compressed Oops mode in which the Java heap is
#     placed in the first 32GB address space. The Java Heap base address is the
#     maximum limit for the native heap growth. Please use -XX:HeapBaseMinAddress
#     to set the Java Heap base and to place the Java Heap above 32GB virtual address.
# This output file may be truncated or incomplete.
#
#  Out of Memory Error (os_windows.cpp:3583), pid=13832, tid=16644
#
# JRE version:  (26.0.2+10) (build )
# Java VM: OpenJDK 64-Bit Server VM (26.0.2+10, mixed mode, sharing, tiered, compressed oops, compressed class ptrs, g1 gc, windows-amd64)
# No core dump will be written. Minidumps are not enabled by default on client versions of Windows
#

---------------  S U M M A R Y ------------

Command Line: --enable-native-access=ALL-UNNAMED 

Host: 11th Gen Intel(R) Core(TM) i7-1165G7 @ 2.80GHz, 8 cores, 11G,  Windows 11 , 64 bit Build 26100 (10.0.26100.7019)
Time: Thu Sep 24 09:48:34 2026 Malay Peninsula Standard Time elapsed time: 0.022429 seconds (0d 0h 0m 0s)

---------------  T H R E A D  ---------------

Current thread (0x0000025f9d15d8d0):  JavaThread "Unknown thread" [_thread_in_vm, id=16644, stack(0x000000b6bef00000,0x000000b6bf000000) (1024K)]

Stack: [0x000000b6bef00000,0x000000b6bf000000]
Native frames: (J=compiled Java code, j=interpreted, Vv=VM code, C=native code)
V  [jvm.dll+0x7dcd79]  (no source info available)
V  [jvm.dll+0x7a98ad]  (no source info available)
V  [jvm.dll+0xa461e0]  (no source info available)
V  [jvm.dll+0xa48631]  (no source info available)
V  [jvm.dll+0xa48d43]  (no source info available)
V  [jvm.dll+0x312fe6]  (no source info available)
V  [jvm.dll+0x7dc245]  (no source info available)
V  [jvm.dll+0x7cf427]  (no source info available)
V  [jvm.dll+0x40dd98]  (no source info available)
V  [jvm.dll+0x416116]  (no source info available)
V  [jvm.dll+0x4024c4]  (no source info available)
V  [jvm.dll+0x4027b5]  (no source info available)
V  [jvm.dll+0x3d961f]  (no source info available)
V  [jvm.dll+0x3da42d]  (no source info available)
V  [jvm.dll+0xa0afe6]  (no source info available)
V  [jvm.dll+0x473862]  (no source info available)
V  [jvm.dll+0x9edfef]  (no source info available)
V  [jvm.dll+0x516fc1]  (no source info available)
V  [jvm.dll+0x518a81]  (no source info available)
C  [jli.dll+0x5462]  (no source info available)
C  [ucrtbase.dll+0x37b0]  (no source info available)
C  [KERNEL32.DLL+0x2e8d7]  (no source info available)
C  [ntdll.dll+0x8c53c]  (no source info available)

Lock stack of current Java thread (top to bottom):


---------------  P R O C E S S  ---------------

Threads class SMR info:
_java_thread_list=0x00007fffe26c4e98, length=0, elements={
}

Java Threads: ( => current thread )
Total: 0

Other Threads:
  0x0000025f9f6b55b0 WorkerThread "GC Thread#0"                     [id=1728, stack(0x000000b6bf000000,0x000000b6bf100000) (1024K)]
  0x0000025f9f6c98b0 ConcurrentGCThread "G1 Main Marker"            [id=5024, stack(0x000000b6bf100000,0x000000b6bf200000) (1024K)]
  0x0000025f9f6ca430 WorkerThread "G1 Conc#0"                       [id=21432, stack(0x000000b6bf200000,0x000000b6bf300000) (1024K)]

[error occurred during error reporting (printing all threads), id 0xc0000005, EXCEPTION_ACCESS_VIOLATION (0xc0000005) at pc=0x00007fffe1c9f0fa]
VM state: not at safepoint (not fully initialized)

VM Mutex/Monitor currently owned by a thread:  ([mutex/lock_event])
[0x00007fffe2751e08] Heap_lock - owner thread: 0x0000025f9d15d8d0

Heap address: 0x0000000743200000, size: 3022 MB, Compressed Oops mode: Zero based, Oop shift amount: 3

CDS archive(s) mapped at: [0x0000000000000000-0x0000000000000000-0x0000000000000000), size 0, SharedBaseAddress: 0x0000000800000000, ArchiveRelocationMode: 1.
UseCompressedClassPointers 1, UseCompactObjectHeaders 0
Narrow klass pointer bits 32, Max shift 3
Narrow klass base: 0xffffffffffffffff, Narrow klass shift: -1
Encoding Range: [0xffffffffffffffff - 0x000000007fffffff), (2147483648 bytes)
Klass Range:    [0x0000000000000000 - 0x0000000000000000), (0 bytes)
Klass ID Range:  [4294967295 - 0) (1)
No protection zone.

GC Precious Log:
 CardTable entry size: 512
 Card Set container configuration: InlinePtr #cards 4 size 8 Array Of Cards #cards 16 size 48 Howl #buckets 8 coarsen threshold 3686 Howl Bitmap #cards 512 size 80 coarsen threshold 460 Card regions per heap region 1 cards per card region 4096

Heap:
 garbage-first heap   total reserved 3094528K, committed 0K, used 0K [0x0000000743200000, 0x0000000800000000)
  region size 2M, 0 eden (0M), 0 survivor (0M), 0 old (0M), 0 humongous (0M), 0 free (0M)

Heap Regions: E=young(eden), S=young(survivor), O=old, HS=humongous(starts), HC=humongous(continues), CS=collection set, F=free, TAMS=top-at-mark-start, PB=parsable bottom

Card table byte_map: [0x0000025fb7ea0000,0x0000025fb8490000] _byte_map_base: 0x0000025fb4487000
Refinement table byte_map: [0x0000025fb8490000,0x0000025fb8a80000] _byte_map_base: 0x0000025fb4a77000

Marking Bits: (CMBitMap*) 0x0000025f9f6b5d30
 Bits: [0x0000025fb8a80000, 0x0000025fbb9b8000)

GC Heap Usage History (0 events):
No events

Metaspace Usage History (0 events):
No events

Dll operation events (2 events):
Event: 0.014 Attempting to load shared library D:\Apache NetBeans\jdk\bin\java.dll
Event: 0.015 Loaded shared library D:\Apache NetBeans\jdk\bin\java.dll

Deoptimization events (0 events):
No events

Classes loaded (0 events):
No events

Classes unloaded (0 events):
No events

Classes redefined (0 events):
No events

Internal exceptions (0 events):
No events

VM Operations (0 events):
No events

Memory protections (0 events):
No events

Nmethod flushes (0 events):
No events

Events (0 events):
No events


Dynamic libraries:
0x00007ff68db70000 - 0x00007ff68db7e000 	D:\Apache NetBeans\jdk\bin\java.exe
0x00007ff86dac0000 - 0x00007ff86dd28000 	C:\WINDOWS\SYSTEM32\ntdll.dll
0x00007ff86c980000 - 0x00007ff86ca49000 	C:\WINDOWS\System32\KERNEL32.DLL
0x00007ff86b270000 - 0x00007ff86b668000 	C:\WINDOWS\System32\KERNELBASE.dll
0x00007ff86b030000 - 0x00007ff86b17b000 	C:\WINDOWS\System32\ucrtbase.dll
0x00007ff81ff60000 - 0x00007ff81ff77000 	D:\Apache NetBeans\jdk\bin\jli.dll
0x00007ff82f1c0000 - 0x00007ff82f1de000 	D:\Apache NetBeans\jdk\bin\VCRUNTIME140.dll
0x00007ff86c6e0000 - 0x00007ff86c8a7000 	C:\WINDOWS\System32\USER32.dll
0x00007ff86b180000 - 0x00007ff86b1a7000 	C:\WINDOWS\System32\win32u.dll
0x00007ff86c500000 - 0x00007ff86c52b000 	C:\WINDOWS\System32\GDI32.dll
0x00007ff8546b0000 - 0x00007ff854944000 	C:\WINDOWS\WinSxS\amd64_microsoft.windows.common-controls_6595b64144ccf1df_6.0.26100.7019_none_3e06ffa0e335b8a8\COMCTL32.dll
0x00007ff86af00000 - 0x00007ff86b02c000 	C:\WINDOWS\System32\gdi32full.dll
0x00007ff86b670000 - 0x00007ff86b713000 	C:\WINDOWS\System32\msvcp_win.dll
0x00007ff86c8b0000 - 0x00007ff86c959000 	C:\WINDOWS\System32\msvcrt.dll
0x00007ff86d0d0000 - 0x00007ff86d101000 	C:\WINDOWS\System32\IMM32.DLL
0x0000000060410000 - 0x000000006041d000 	D:\Program Files (x86)\360\Total Security\safemon\SafeWrapper.dll
0x00007ff86c440000 - 0x00007ff86c4f4000 	C:\WINDOWS\System32\ADVAPI32.dll
0x00007ff86d6a0000 - 0x00007ff86d746000 	C:\WINDOWS\System32\sechost.dll
0x00007ff86d750000 - 0x00007ff86d868000 	C:\WINDOWS\System32\RPCRT4.dll
0x00007ff8684b0000 - 0x00007ff8685b5000 	D:\Program Files (x86)\360\Total Security\safemon\libzdtp64.dll
0x00007ff86bc60000 - 0x00007ff86c3af000 	C:\WINDOWS\System32\SHELL32.dll
0x00007ff86ad90000 - 0x00007ff86aefb000 	C:\WINDOWS\System32\wintypes.dll
0x00007ff86cbd0000 - 0x00007ff86cf5b000 	C:\WINDOWS\System32\combase.dll
0x00007ff86d060000 - 0x00007ff86d0c7000 	C:\WINDOWS\System32\SHLWAPI.dll
0x00007ff86a700000 - 0x00007ff86a70b000 	C:\WINDOWS\SYSTEM32\VERSION.dll
0x00007ff84ab70000 - 0x00007ff84ab7c000 	D:\Apache NetBeans\jdk\bin\vcruntime140_1.dll
0x00007ff8186b0000 - 0x00007ff81873d000 	D:\Apache NetBeans\jdk\bin\msvcp140.dll
0x00007fffe18b0000 - 0x00007fffe284b000 	D:\Apache NetBeans\jdk\bin\server\jvm.dll
0x00007ff86d190000 - 0x00007ff86d204000 	C:\WINDOWS\System32\WS2_32.dll
0x00007ff86aa70000 - 0x00007ff86aace000 	C:\WINDOWS\SYSTEM32\POWRPROF.dll
0x00007ff861eb0000 - 0x00007ff861ee5000 	C:\WINDOWS\SYSTEM32\WINMM.dll
0x00007ff86aa50000 - 0x00007ff86aa64000 	C:\WINDOWS\SYSTEM32\UMPDC.dll
0x00007ff869920000 - 0x00007ff86993b000 	C:\WINDOWS\SYSTEM32\kernel.appcore.dll
0x00007ff83eda0000 - 0x00007ff83edaa000 	D:\Apache NetBeans\jdk\bin\jimage.dll
0x00007ff867d30000 - 0x00007ff867f72000 	C:\WINDOWS\SYSTEM32\DBGHELP.DLL
0x00007ff86cf60000 - 0x00007ff86d037000 	C:\WINDOWS\System32\OLEAUT32.dll
0x00007ff82cf80000 - 0x00007ff82cfbc000 	C:\WINDOWS\SYSTEM32\dbgcore.DLL
0x00007ff86b7b0000 - 0x00007ff86b855000 	C:\WINDOWS\System32\bcryptPrimitives.dll
0x00007ff82a890000 - 0x00007ff82a8ae000 	D:\Apache NetBeans\jdk\bin\java.dll
0x00007ff86c530000 - 0x00007ff86c6c7000 	C:\WINDOWS\System32\ole32.dll

JVMTI agents: none

dbghelp: loaded successfully - version: 4.0.5 - missing functions: none
symbol engine: initialized successfully - sym options: 0x614 - pdb path: .;D:\Apache NetBeans\jdk\bin;C:\WINDOWS\SYSTEM32;C:\WINDOWS\WinSxS\amd64_microsoft.windows.common-controls_6595b64144ccf1df_6.0.26100.7019_none_3e06ffa0e335b8a8;D:\Program Files (x86)\360\Total Security\safemon;D:\Apache NetBeans\jdk\bin\server

VM Arguments:
jvm_args: --enable-native-access=ALL-UNNAMED 
java_command: <unknown>
java_class_path (initial): <not set>
Launcher Type: SUN_STANDARD

[Global flags]
     bool AOTAdapterCaching                        = false                                  {diagnostic} {ergonomic}
     bool AOTInvokeDynamicLinking                  = false                                  {diagnostic} {ergonomic}
     bool AOTRecordTraining                        = false                                  {diagnostic} {ergonomic}
     bool AOTReplayTraining                        = false                                  {diagnostic} {ergonomic}
     bool AOTStubCaching                           = false                                  {diagnostic} {ergonomic}
     intx CICompilerCount                          = 4                                         {product} {ergonomic}
     uint ConcGCThreads                            = 2                                         {product} {ergonomic}
     uint G1ConcRefinementThreads                  = 8                                         {product} {ergonomic}
     uint G1EagerReclaimRemSetThreshold            = 16                                   {experimental} {ergonomic}
   size_t G1HeapRegionSize                         = 2097152                                   {product} {ergonomic}
     uint G1RemSetArrayOfCardsEntries              = 16                                   {experimental} {ergonomic}
     uint G1RemSetHowlMaxNumBuckets                = 8                                    {experimental} {ergonomic}
     uint G1RemSetHowlNumBuckets                   = 8                                    {experimental} {ergonomic}
   size_t InitialHeapSize                          = 8388608                                   {product} {ergonomic}
     bool IntelJccErratumMitigation                = false                             {ARCH diagnostic} {ergonomic}
   size_t MarkStackSize                            = 4194304                                   {product} {ergonomic}
   size_t MarkStackSizeMax                         = 536870912                                 {product} {ergonomic}
   size_t MaxHeapSize                              = 3168796672                                {product} {ergonomic}
 uint64_t MaxRAM                                   = 12674457600                               {product} {ergonomic}
   size_t MinHeapDeltaBytes                        = 2097152                                   {product} {ergonomic}
   size_t MinHeapSize                              = 8388608                                   {product} {ergonomic}
   size_t NonNMethodCodeHeapSize                   = 5898240                                {pd product} {ergonomic}
   size_t NonProfiledCodeHeapSize                  = 122945536                              {pd product} {ergonomic}
   size_t ProfiledCodeHeapSize                     = 122945536                              {pd product} {ergonomic}
   size_t ReservedCodeCacheSize                    = 251789312                              {pd product} {ergonomic}
     bool SegmentedCodeCache                       = true                                      {product} {ergonomic}
   size_t SoftMaxHeapSize                          = 3168796672                             {manageable} {ergonomic}
     bool UseCompressedOops                        = true                           {product lp64_product} {ergonomic}
     bool UseCondCardMark                          = true                                      {product} {ergonomic}
     bool UseFastUnorderedTimeStamps               = true                                 {experimental} {ergonomic}
     bool UseG1GC                                  = true                                      {product} {ergonomic}
     bool UseLargePagesIndividualAllocation        = false                                  {pd product} {ergonomic}
      int X86ICacheSync                            = 3                                 {ARCH diagnostic} {ergonomic}

Logging:
Log output configuration:
 #0: stdout all=warning uptime,level,tags foldmultilines=false
 #1: stderr all=off uptime,level,tags foldmultilines=false

Release file:
<release file has not been read>
Environment Variables:
JAVA_HOME=D:\Apache NetBeans\jdk
PATH=C:\Windows\system32;C:\Windows;C:\Windows\System32\Wbem;C:\Windows\System32\WindowsPowerShell\v1.0\;C:\Windows\System32\OpenSSH\;C:\Program Files (x86)\NVIDIA Corporation\PhysX\Common;C:\WINDOWS\system32;C:\WINDOWS;C:\WINDOWS\System32\Wbem;C:\WINDOWS\System32\WindowsPowerShell\v1.0\;C:\WINDOWS\System32\OpenSSH\;C:\Program Files\dotnet\;D:\Git\cmd;C:\Users\Adbang 18\AppData\Local\Programs\Python\Python313\Scripts\;C:\Users\Adbang 18\AppData\Local\Programs\Python\Python313\;C:\Users\Adbang 18\AppData\Local\Microsoft\WindowsApps;C:\Users\Adbang 18\AppData\Local\Packages\PythonSoftwareFoundation.Python.3.12_qbz5n2kfra8p0\LocalCache\local-packages\Python312\site-packages\pip (python 3.12);C:\Users\Adbang 18\AppData\Local\Programs\Microsoft VS Code\bin;D:\Apache NetBeans\bin\
USERNAME=Adbang 18
OS=Windows_NT
PROCESSOR_IDENTIFIER=Intel64 Family 6 Model 140 Stepping 1, GenuineIntel
TMP=C:\Users\ADBANG~1\AppData\Local\Temp
TEMP=C:\Users\ADBANG~1\AppData\Local\Temp




Compilation memory statistics disabled.

Periodic native trim disabled

---------------  S Y S T E M  ---------------

OS:
 Windows 11 , 64 bit Build 26100 (10.0.26100.7019)
OS uptime: 0 days 0:43 hours
Hyper-V role detected

CPU: total 8 (initial active 8) (4 cores per cpu, 2 threads per core) family 6 model 140 stepping 1 microcode 0x66, cx8, cmov, fxsr, ht, mmx, 3dnowpref, sse, sse2, sse3, ssse3, sse4.1, sse4.2, popcnt, lzcnt, tsc, tscinvbit, avx, avx2, aes, erms, clmul, bmi1, bmi2, adx, avx512f, avx512dq, avx512cd, avx512bw, avx512vl, sha, fma, vzeroupper, avx512_vpopcntdq, avx512_vpclmulqdq, avx512_vaes, avx512_vnni, clflush, clflushopt, clwb, avx512_vbmi2, avx512_vbmi, hv, rdtscp, rdpid, fsrm, gfni, avx512_bitalg, f16c, cet_ibt, cet_ss, avx512_ifma
Processor Information for processor 0
  Max Mhz: 2803, Current Mhz: 1001, Mhz Limit: 2803
Processor Information for processor 1
  Max Mhz: 2803, Current Mhz: 2803, Mhz Limit: 2803
Processor Information for processor 2
  Max Mhz: 2803, Current Mhz: 2803, Mhz Limit: 2803
Processor Information for processor 3
  Max Mhz: 2803, Current Mhz: 2803, Mhz Limit: 2803
Processor Information for processor 4
  Max Mhz: 2803, Current Mhz: 1001, Mhz Limit: 2803
Processor Information for processor 5
  Max Mhz: 2803, Current Mhz: 2803, Mhz Limit: 2803
Processor Information for processor 6
  Max Mhz: 2803, Current Mhz: 2803, Mhz Limit: 2803
Processor Information for processor 7
  Max Mhz: 2803, Current Mhz: 1001, Mhz Limit: 2803

Memory: 4k page, system-wide physical 12087M (1382M free)
TotalPageFile size 12933M (AvailPageFile size 7M)
current process WorkingSet (physical memory assigned to process): 13M, peak: 13M
current process commit charge ("private bytes"): 60M, peak: 68M

vm_info: OpenJDK 64-Bit Server VM (26.0.2+10) for windows-amd64 JRE (26.0.2+10), built on 2026-07-21T00:00:00Z with MS VC++ 17.12 (VS2022)

END.
