#
# There is insufficient memory for the Java Runtime Environment to continue.
# Native memory allocation (malloc) failed to allocate 10135832 bytes. Error detail: Chunk::new
# Possible reasons:
#   The system is out of physical RAM or swap space
#   This process is running with CompressedOops enabled, and the Java Heap may be blocking the growth of the native heap
# Possible solutions:
#   Reduce memory load on the system
#   Increase physical memory or swap space
#   Check if swap backing store is full
#   Decrease Java heap size (-Xmx/-Xms)
#   Decrease number of Java threads
#   Decrease Java thread stack sizes (-Xss)
#   Set larger code cache with -XX:ReservedCodeCacheSize=
#   JVM is running with Zero Based Compressed Oops mode in which the Java heap is
#     placed in the first 32GB address space. The Java Heap base address is the
#     maximum limit for the native heap growth. Please use -XX:HeapBaseMinAddress
#     to set the Java Heap base and to place the Java Heap above 32GB virtual address.
# This output file may be truncated or incomplete.
#
#  Out of Memory Error (arena.cpp:193), pid=22780, tid=20536
#
# JRE version: OpenJDK Runtime Environment Temurin-26.0.2+10 (26.0.2+10) (build 26.0.2+10)
# Java VM: OpenJDK 64-Bit Server VM Temurin-26.0.2+10 (26.0.2+10, mixed mode, sharing, tiered, compressed oops, compressed class ptrs, g1 gc, windows-amd64)
# No core dump will be written. Minidumps are not enabled by default on client versions of Windows
#

---------------  S U M M A R Y ------------

Command Line: --enable-native-access=ALL-UNNAMED -Dclassworlds.conf=D:\Apache NetBeans\java\maven\bin\m2.conf -Dmaven.home=D:\Apache NetBeans\java\maven -Dlibrary.jansi.path=D:\Apache NetBeans\java\maven\lib\jansi-native -Dmaven.multiModuleProjectDirectory=D:\PBO\SistemPemesananTiketPesawat org.codehaus.plexus.classworlds.launcher.Launcher -Dexec.vmArgs= -Dexec.args=${exec.vmArgs} -classpath %classpath ${exec.mainClass} ${exec.appArgs} -Dexec.appArgs= -Dexec.mainClass=main.SistemPemesananTiketPesawat -Dexec.executable=D:\Apache NetBeans\jdk\bin\java.exe -Dmaven.ext.class.path=D:\Apache NetBeans\java\maven-nblib\netbeans-eventspy.jar --no-transfer-progress process-classes org.codehaus.mojo:exec-maven-plugin:3.6.3:exec

Host: 11th Gen Intel(R) Core(TM) i7-1165G7 @ 2.80GHz, 8 cores, 11G,  Windows 11 , 64 bit Build 26100 (10.0.26100.7019)
Time: Thu Sep 24 09:45:52 2026 Malay Peninsula Standard Time elapsed time: 2.443050 seconds (0d 0h 0m 2s)

---------------  T H R E A D  ---------------

Current thread (0x0000027eb0122c20):  JavaThread "C2 CompilerThread1" daemon [_thread_in_native, id=20536, stack(0x000000c465200000,0x000000c465300000) (1024K)]


Current CompileTask:
C2:2443 4090       4       org.codehaus.plexus.util.xml.pull.MXParser::parseAttribute (1438 bytes)

Stack: [0x000000c465200000,0x000000c465300000]
Native frames: (J=compiled Java code, j=interpreted, Vv=VM code, C=native code)
V  [jvm.dll+0x7dcd79]  (no source info available)
V  [jvm.dll+0x7a98ad]  (no source info available)
V  [jvm.dll+0xa461e0]  (no source info available)
V  [jvm.dll+0xa48631]  (no source info available)
V  [jvm.dll+0xa48d43]  (no source info available)
V  [jvm.dll+0x312fe6]  (no source info available)
V  [jvm.dll+0x120836]  (no source info available)
V  [jvm.dll+0x120b5e]  (no source info available)
V  [jvm.dll+0x1b2d56]  (no source info available)
V  [jvm.dll+0x3d0232]  (no source info available)
V  [jvm.dll+0x7e594f]  (no source info available)
V  [jvm.dll+0x2d5897]  (no source info available)
V  [jvm.dll+0x2d480f]  (no source info available)
V  [jvm.dll+0x249b90]  (no source info available)
V  [jvm.dll+0x2e493c]  (no source info available)
V  [jvm.dll+0x2e2b1d]  (no source info available)
V  [jvm.dll+0x4a9d0e]  (no source info available)
V  [jvm.dll+0x9e4749]  (no source info available)
V  [jvm.dll+0x7de858]  (no source info available)
C  [ucrtbase.dll+0x37b0]  (no source info available)
C  [KERNEL32.DLL+0x2e8d7]  (no source info available)
C  [ntdll.dll+0x8c53c]  (no source info available)

Lock stack of current Java thread (top to bottom):


---------------  P R O C E S S  ---------------

Threads class SMR info:
_java_thread_list=0x0000027eb0c50040, length=15, elements={
0x0000027e8a63db10, 0x0000027eab7f9420, 0x0000027eab7f9bd0, 0x0000027eab7fc9c0,
0x0000027eab801180, 0x0000027eab8084d0, 0x0000027eab812dd0, 0x0000027eab81d670,
0x0000027eab825e80, 0x0000027eab993e70, 0x0000027eab99b370, 0x0000027eb0122c20,
0x0000027eb090a2f0, 0x0000027eb1381410, 0x0000027eb180a090
}

Java Threads: ( => current thread )
  0x0000027e8a63db10 JavaThread "main"                              [_thread_in_native, id=4164, stack(0x000000c463f00000,0x000000c464000000) (1024K)]
  0x0000027eab7f9420 JavaThread "Reference Handler"          daemon [_thread_blocked, id=2108, stack(0x000000c464800000,0x000000c464900000) (1024K)]
  0x0000027eab7f9bd0 JavaThread "Finalizer"                  daemon [_thread_blocked, id=19380, stack(0x000000c464900000,0x000000c464a00000) (1024K)]
  0x0000027eab7fc9c0 JavaThread "Signal Dispatcher"          daemon [_thread_blocked, id=9168, stack(0x000000c464a00000,0x000000c464b00000) (1024K)]
  0x0000027eab801180 JavaThread "Attach Listener"            daemon [_thread_blocked, id=5116, stack(0x000000c464b00000,0x000000c464c00000) (1024K)]
  0x0000027eab8084d0 JavaThread "Service Thread"             daemon [_thread_blocked, id=22472, stack(0x000000c464c00000,0x000000c464d00000) (1024K)]
  0x0000027eab812dd0 JavaThread "Monitor Deflation Thread"   daemon [_thread_blocked, id=4828, stack(0x000000c464d00000,0x000000c464e00000) (1024K)]
  0x0000027eab81d670 JavaThread "C2 CompilerThread0"         daemon [_thread_blocked, id=16020, stack(0x000000c464e00000,0x000000c464f00000) (1024K)]
  0x0000027eab825e80 JavaThread "C1 CompilerThread0"         daemon [_thread_blocked, id=16404, stack(0x000000c464f00000,0x000000c465000000) (1024K)]
  0x0000027eab993e70 JavaThread "Notification Thread"        daemon [_thread_blocked, id=20744, stack(0x000000c465000000,0x000000c465100000) (1024K)]
  0x0000027eab99b370 JavaThread "Common-Cleaner"             daemon [_thread_blocked, id=13772, stack(0x000000c465100000,0x000000c465200000) (1024K)]
=>0x0000027eb0122c20 JavaThread "C2 CompilerThread1"         daemon [_thread_in_native, id=20536, stack(0x000000c465200000,0x000000c465300000) (1024K)]
  0x0000027eb090a2f0 JavaThread "CommonsExecStreamPumper-pool-3-thread-2" daemon [_thread_in_native, id=12044, stack(0x000000c465300000,0x000000c465400000) (1024K)]
  0x0000027eb1381410 JavaThread "CommonsExecStreamPumper-pool-3-thread-3" daemon [_thread_in_native, id=6164, stack(0x000000c465b00000,0x000000c465c00000) (1024K)]
  0x0000027eb180a090 JavaThread "CommonsExecStreamPumper-pool-3-thread-1" daemon [_thread_blocked, id=3048, stack(0x000000c465c00000,0x000000c465d00000) (1024K)]
Total: 15

Other Threads:
  0x0000027e8cb5cb60 VMThread "VM Thread"                           [id=23144, stack(0x000000c464700000,0x000000c464800000) (1024K)]
  0x0000027eab7d78f0 WatcherThread "VM Periodic Task Thread"        [id=23160, stack(0x000000c464600000,0x000000c464700000) (1024K)]
  0x0000027e8cb082c0 WorkerThread "GC Thread#0"                     [id=6868, stack(0x000000c464000000,0x000000c464100000) (1024K)]
  0x0000027e8cb5a490 WorkerThread "GC Thread#1"                     [id=8300, stack(0x000000c465400000,0x000000c465500000) (1024K)]
  0x0000027e8cb5c2c0 WorkerThread "GC Thread#2"                     [id=3132, stack(0x000000c465500000,0x000000c465600000) (1024K)]
  0x0000027e8cb5cfb0 WorkerThread "GC Thread#3"                     [id=15620, stack(0x000000c465600000,0x000000c465700000) (1024K)]
  0x0000027e8cb5b5d0 WorkerThread "GC Thread#4"                     [id=3392, stack(0x000000c465700000,0x000000c465800000) (1024K)]
  0x0000027e8cb5ba20 WorkerThread "GC Thread#5"                     [id=21320, stack(0x000000c465800000,0x000000c465900000) (1024K)]
  0x0000027eb119b030 WorkerThread "GC Thread#6"                     [id=22084, stack(0x000000c465900000,0x000000c465a00000) (1024K)]
  0x0000027eb119abe0 WorkerThread "GC Thread#7"                     [id=2784, stack(0x000000c465a00000,0x000000c465b00000) (1024K)]
  0x0000027e8cb1bdb0 ConcurrentGCThread "G1 Main Marker"            [id=20884, stack(0x000000c464100000,0x000000c464200000) (1024K)]
  0x0000027e8cb1f300 WorkerThread "G1 Conc#0"                       [id=16536, stack(0x000000c464200000,0x000000c464300000) (1024K)]
  0x0000027e8cb5be70 WorkerThread "G1 Refinement Workers#0"         [id=13132, stack(0x000000c464400000,0x000000c464500000) (1024K)]
  0x0000027e8cb59430 ConcurrentGCThread "G1 Refine Control"         [id=11080, stack(0x000000c464300000,0x000000c464400000) (1024K)]
  0x0000027e8cb5e8b0 ConcurrentGCThread "G1 Service"                [id=15064, stack(0x000000c464500000,0x000000c464600000) (1024K)]
Total: 15

Threads with active compile tasks:
C2 CompilerThread1  2649 4090       4       org.codehaus.plexus.util.xml.pull.MXParser::parseAttribute (1438 bytes)
Total: 1

VM state: not at safepoint (normal execution)

VM Mutex/Monitor currently owned by a thread: None

Heap address: 0x0000000743200000, size: 3022 MB, Compressed Oops mode: Zero based, Oop shift amount: 3

CDS archive(s) mapped at: [0x0000000088000000-0x0000000088de0000-0x0000000088de0000), size 14548992, SharedBaseAddress: 0x0000000088000000, ArchiveRelocationMode: 1.
Compressed class space mapped at: 0x0000000089000000-0x00000000c9000000, reserved size: 1073741824
UseCompressedClassPointers 1, UseCompactObjectHeaders 0
Narrow klass pointer bits 32, Max shift 3
Narrow klass base: 0x0000000088000000, Narrow klass shift: 0
Encoding Range: [0x0000000088000000 - 0x0000000188000000), (4294967296 bytes)
Klass Range:    [0x0000000088000000 - 0x00000000c9000000), (1090519040 bytes)
Klass ID Range:  [8 - 1090519033) (1090519025)
Protection zone: [0x0000000088000000 - 0x0000000088010000), (65536 bytes)

GC Precious Log:
 CardTable entry size: 512
 Card Set container configuration: InlinePtr #cards 4 size 8 Array Of Cards #cards 16 size 48 Howl #buckets 8 coarsen threshold 3686 Howl Bitmap #cards 512 size 80 coarsen threshold 460 Card regions per heap region 1 cards per card region 4096
 CPUs: 8 total, 8 available
 Memory: 12087M
 Large Page Support: Disabled
 NUMA Support: Disabled
 Compressed Oops: Enabled (Zero based)
 Heap Region Size: 2M
 Heap Min Capacity: 8M
 Heap Initial Capacity: 8M
 Heap Max Capacity: 3022M
 Pre-touch: Disabled
 Parallel Workers: 8
 Concurrent Workers: 2
 Concurrent Refinement Workers: 8
 Periodic GC: Disabled

Heap:
 garbage-first heap   total reserved 3094528K, committed 73728K, used 29820K [0x0000000743200000, 0x0000000800000000)
  region size 2M, 10 eden (20M), 3 survivor (6M), 4 old (8M), 0 humongous (0M), 19 free (38M)

Heap Regions: E=young(eden), S=young(survivor), O=old, HS=humongous(starts), HC=humongous(continues), CS=collection set, F=free, TAMS=top-at-mark-start, PB=parsable bottom
|    0|0x0000000743200000, 0x0000000743400000, 0x0000000743400000|100%| O|  |TAMS 0x0000000743200000| PB 0x0000000743200000| Untracked |  0
|    1|0x0000000743400000, 0x0000000743600000, 0x0000000743600000|100%| O|  |TAMS 0x0000000743400000| PB 0x0000000743400000| Untracked |  0
|    2|0x0000000743600000, 0x00000007436ed370, 0x0000000743800000| 46%| O|  |TAMS 0x0000000743600000| PB 0x0000000743600000| Untracked |  0
|    3|0x0000000743800000, 0x0000000743800000, 0x0000000743a00000|  0%| F|  |TAMS 0x0000000743800000| PB 0x0000000743800000| Untracked |  0
|    4|0x0000000743a00000, 0x0000000743a00000, 0x0000000743c00000|  0%| F|  |TAMS 0x0000000743a00000| PB 0x0000000743a00000| Untracked |  0
|    5|0x0000000743c00000, 0x0000000743c00000, 0x0000000743e00000|  0%| F|  |TAMS 0x0000000743c00000| PB 0x0000000743c00000| Untracked |  0
|    6|0x0000000743e00000, 0x0000000743e00000, 0x0000000744000000|  0%| F|  |TAMS 0x0000000743e00000| PB 0x0000000743e00000| Untracked |  0
|    7|0x0000000744000000, 0x0000000744000000, 0x0000000744200000|  0%| F|  |TAMS 0x0000000744000000| PB 0x0000000744000000| Untracked |  0
|    8|0x0000000744200000, 0x0000000744200000, 0x0000000744400000|  0%| F|  |TAMS 0x0000000744200000| PB 0x0000000744200000| Untracked |  0
|    9|0x0000000744400000, 0x0000000744400000, 0x0000000744600000|  0%| F|  |TAMS 0x0000000744400000| PB 0x0000000744400000| Untracked |  0
|   10|0x0000000744600000, 0x0000000744600000, 0x0000000744800000|  0%| F|  |TAMS 0x0000000744600000| PB 0x0000000744600000| Untracked |  0
|   11|0x0000000744800000, 0x0000000744800000, 0x0000000744a00000|  0%| F|  |TAMS 0x0000000744800000| PB 0x0000000744800000| Untracked |  0
|   12|0x0000000744a00000, 0x0000000744b0a380, 0x0000000744c00000| 51%| S|CS|TAMS 0x0000000744a00000| PB 0x0000000744a00000| Complete  |  0
|   13|0x0000000744c00000, 0x0000000744e00000, 0x0000000744e00000|100%| S|CS|TAMS 0x0000000744c00000| PB 0x0000000744c00000| Complete  |  0
|   14|0x0000000744e00000, 0x0000000745000000, 0x0000000745000000|100%| S|CS|TAMS 0x0000000744e00000| PB 0x0000000744e00000| Complete  |  0
|   15|0x0000000745000000, 0x0000000745000000, 0x0000000745200000|  0%| F|  |TAMS 0x0000000745000000| PB 0x0000000745000000| Untracked |  0
|   16|0x0000000745200000, 0x0000000745200000, 0x0000000745400000|  0%| F|  |TAMS 0x0000000745200000| PB 0x0000000745200000| Untracked |  0
|   17|0x0000000745400000, 0x0000000745400000, 0x0000000745600000|  0%| F|  |TAMS 0x0000000745400000| PB 0x0000000745400000| Untracked |  0
|   18|0x0000000745600000, 0x0000000745600000, 0x0000000745800000|  0%| F|  |TAMS 0x0000000745600000| PB 0x0000000745600000| Untracked |  0
|   19|0x0000000745800000, 0x0000000745800000, 0x0000000745a00000|  0%| F|  |TAMS 0x0000000745800000| PB 0x0000000745800000| Untracked |  0
|   20|0x0000000745a00000, 0x0000000745a00000, 0x0000000745c00000|  0%| F|  |TAMS 0x0000000745a00000| PB 0x0000000745a00000| Untracked |  0
|   21|0x0000000745c00000, 0x0000000745c00000, 0x0000000745e00000|  0%| F|  |TAMS 0x0000000745c00000| PB 0x0000000745c00000| Untracked |  0
|   22|0x0000000745e00000, 0x0000000745e00000, 0x0000000746000000|  0%| F|  |TAMS 0x0000000745e00000| PB 0x0000000745e00000| Untracked |  0
|   23|0x0000000746000000, 0x0000000746000000, 0x0000000746200000|  0%| F|  |TAMS 0x0000000746000000| PB 0x0000000746000000| Untracked |  0
|   24|0x0000000746200000, 0x0000000746200000, 0x0000000746400000|  0%| F|  |TAMS 0x0000000746200000| PB 0x0000000746200000| Untracked |  0
|   25|0x0000000746400000, 0x000000074645c300, 0x0000000746600000| 18%| E|CS|TAMS 0x0000000746400000| PB 0x0000000746400000| Complete  |  0
|   26|0x0000000746600000, 0x0000000746800000, 0x0000000746800000|100%| E|CS|TAMS 0x0000000746600000| PB 0x0000000746600000| Complete  |  0
|   27|0x0000000746800000, 0x0000000746a00000, 0x0000000746a00000|100%| E|CS|TAMS 0x0000000746800000| PB 0x0000000746800000| Complete  |  0
|   28|0x0000000746a00000, 0x0000000746c00000, 0x0000000746c00000|100%| E|CS|TAMS 0x0000000746a00000| PB 0x0000000746a00000| Complete  |  0
|   29|0x0000000746c00000, 0x0000000746e00000, 0x0000000746e00000|100%| E|CS|TAMS 0x0000000746c00000| PB 0x0000000746c00000| Complete  |  0
|   30|0x0000000746e00000, 0x0000000747000000, 0x0000000747000000|100%| E|CS|TAMS 0x0000000746e00000| PB 0x0000000746e00000| Complete  |  0
|   31|0x0000000747000000, 0x0000000747200000, 0x0000000747200000|100%| E|CS|TAMS 0x0000000747000000| PB 0x0000000747000000| Complete  |  0
|   32|0x0000000747200000, 0x0000000747400000, 0x0000000747400000|100%| E|CS|TAMS 0x0000000747200000| PB 0x0000000747200000| Complete  |  0
|   33|0x0000000747400000, 0x0000000747600000, 0x0000000747600000|100%| E|CS|TAMS 0x0000000747400000| PB 0x0000000747400000| Complete  |  0
|   34|0x0000000747600000, 0x0000000747800000, 0x0000000747800000|100%| E|CS|TAMS 0x0000000747600000| PB 0x0000000747600000| Complete  |  0
| 1510|0x00000007ffe00000, 0x00000007fff27c00, 0x0000000800000000| 57%| O|  |TAMS 0x00000007ffe00000| PB 0x00000007ffe00000| Untracked |  0

Card table byte_map: [0x0000027ea52f0000,0x0000027ea58e0000] _byte_map_base: 0x0000027ea18d7000
Refinement table byte_map: [0x0000027ea58e0000,0x0000027ea5ed0000] _byte_map_base: 0x0000027ea1ec7000

Marking Bits: (CMBitMap*) 0x0000027e8cb08a40
 Bits: [0x0000027ea5ed0000, 0x0000027ea8e08000)

Polling page: 0x0000027e8a7f0000

Metaspace:
Metaspace        used 17503K, committed 17792K, reserved 1114112K
 class space     used 2145K, committed 2304K, reserved 1048576K

Usage:
  Non-class:     15.00 MB used.
      Class:      2.10 MB used.
       Both:     17.09 MB used.

Virtual space:
  Non-class space:       64.00 MB reserved,      15.12 MB ( 24%) committed,  1 nodes.
      Class space:        1.00 GB reserved,       2.25 MB ( <1%) committed,  1 nodes.
             Both:        1.06 GB reserved,      17.38 MB (  2%) committed. 

Chunk freelists:
   Non-Class:  872.00 KB
       Class:  13.66 MB
        Both:  14.51 MB

MaxMetaspaceSize: unlimited
CompressedClassSpaceSize: 1.00 GB
Initial GC threshold: 21.00 MB
Current GC threshold: 21.00 MB
CDS: on
 - commit_granule_bytes: 65536.
 - commit_granule_words: 8192.
 - virtual_space_node_default_size: 8388608.
 - enlarge_chunks_in_place: 1.
UseCompressedClassPointers 1, UseCompactObjectHeaders 0
Narrow klass pointer bits 32, Max shift 3
Narrow klass base: 0x0000000088000000, Narrow klass shift: 0
Encoding Range: [0x0000000088000000 - 0x0000000188000000), (4294967296 bytes)
Klass Range:    [0x0000000088000000 - 0x00000000c9000000), (1090519040 bytes)
Klass ID Range:  [8 - 1090519033) (1090519025)
Protection zone: [0x0000000088000000 - 0x0000000088010000), (65536 bytes)


Internal statistics:

num_allocs_failed_limit: 0.
num_arena_births: 160.
num_arena_deaths: 0.
num_vsnodes_births: 2.
num_vsnodes_deaths: 0.
num_space_committed: 278.
num_space_uncommitted: 0.
num_chunks_returned_to_freelist: 0.
num_chunks_taken_from_freelist: 803.
num_chunk_merges: 0.
num_chunk_splits: 529.
num_chunks_enlarged: 413.
num_inconsistent_stats: 0.

CodeHeap 'non-profiled nmethods': size=120064Kb used=1511Kb max_used=1511Kb free=118552Kb
 bounds [0x0000027e9d490000, 0x0000027e9d700000, 0x0000027ea49d0000]
CodeHeap 'profiled nmethods': size=120064Kb used=6590Kb max_used=6590Kb free=113473Kb
 bounds [0x0000027e959b0000, 0x0000027e96020000, 0x0000027e9cef0000]
CodeHeap 'non-nmethods': size=5760Kb used=1542Kb max_used=1580Kb free=4217Kb
 bounds [0x0000027e9cef0000, 0x0000027e9d160000, 0x0000027e9d490000]
CodeCache: size=245888Kb, used=9643Kb, max_used=9681Kb, free=236242Kb
 total_blobs=4746, nmethods=4216, adapters=433, full_count=0
Compilation: enabled, stopped_count=0, restarted_count=0

Compilation events (20 events):
Event: 2.420 Thread 0x0000027eab825e80 4158       3       jdk.internal.ref.PhantomCleanable::clear (16 bytes)
Event: 2.420 Thread 0x0000027eab825e80 nmethod 4158 0x0000027e9600a608 code [0x0000027e9600a700, 0x0000027e9600aa68]
Event: 2.421 Thread 0x0000027eab825e80 4159       3       java.nio.MappedByteBuffer::limit (6 bytes)
Event: 2.421 Thread 0x0000027eab825e80 nmethod 4159 0x0000027e9600aa88 code [0x0000027e9600ab80, 0x0000027e9600ae00]
Event: 2.422 Thread 0x0000027eab81d670 nmethod 4102 0x0000027e9d601288 code [0x0000027e9d601380, 0x0000027e9d602778]
Event: 2.422 Thread 0x0000027eab81d670 4121       4       java.util.regex.Pattern$CharPropertyGreedy::match (160 bytes)
Event: 2.426 Thread 0x0000027eab825e80 4160       3       java.nio.Buffer$2::acquireSession (14 bytes)
Event: 2.426 Thread 0x0000027eab825e80 nmethod 4160 0x0000027e9600ae08 code [0x0000027e9600af00, 0x0000027e9600b350]
Event: 2.426 Thread 0x0000027eab825e80 4161   !   3       java.nio.Buffer$2::releaseSession (28 bytes)
Event: 2.426 Thread 0x0000027eab825e80 nmethod 4161 0x0000027e9600b388 code [0x0000027e9600b480, 0x0000027e9600b9b8]
Event: 2.426 Thread 0x0000027eab825e80 4162       1       org.eclipse.aether.resolution.ArtifactResult::getRequest (5 bytes)
Event: 2.426 Thread 0x0000027eab825e80 nmethod 4162 0x0000027e9d602788 code [0x0000027e9d602880, 0x0000027e9d602938]
Event: 2.427 Thread 0x0000027eab825e80 4163       3       java.net.URI::quote (214 bytes)
Event: 2.429 Thread 0x0000027eab825e80 nmethod 4163 0x0000027e9600ba08 code [0x0000027e9600bb20, 0x0000027e9600d830]
Event: 2.434 Thread 0x0000027eab825e80 4164       3       com.google.inject.internal.ProviderMethodsModule::getAnnotation (104 bytes)
Event: 2.436 Thread 0x0000027eab825e80 nmethod 4164 0x0000027e9600d888 code [0x0000027e9600d980, 0x0000027e9600f108]
Event: 2.436 Thread 0x0000027eab825e80 4165       3       java.util.zip.Inflater::<init> (28 bytes)
Event: 2.436 Thread 0x0000027eab825e80 nmethod 4165 0x0000027e9600f188 code [0x0000027e9600f280, 0x0000027e9600f588]
Event: 2.440 Thread 0x0000027eab81d670 nmethod 4121 0x0000027e9d602a88 code [0x0000027e9d602b80, 0x0000027e9d603a50]
Event: 2.440 Thread 0x0000027eab81d670 4166       4       java.nio.Buffer::<init> (105 bytes)

GC Heap Usage History (20 events):
Event: 0.199 {heap Before GC invocations=0 (full 0):
 garbage-first heap   total reserved 3094528K, committed 10240K, used 5279K [0x0000000743200000, 0x0000000800000000)
  region size 2M, 2 eden (4M), 0 survivor (0M), 1 old (2M), 0 humongous (0M), 2 free (4M)
}
Event: 0.201 {heap After GC invocations=1 (full 0):
 garbage-first heap   total reserved 3094528K, committed 10240K, used 2737K [0x0000000743200000, 0x0000000800000000)
  region size 2M, 0 eden (0M), 1 survivor (2M), 1 old (2M), 0 humongous (0M), 3 free (6M)
}
Event: 0.279 {heap Before GC invocations=1 (full 0):
 garbage-first heap   total reserved 3094528K, committed 10240K, used 4785K [0x0000000743200000, 0x0000000800000000)
  region size 2M, 1 eden (2M), 1 survivor (2M), 1 old (2M), 0 humongous (0M), 2 free (4M)
}
Event: 0.282 {heap After GC invocations=2 (full 0):
 garbage-first heap   total reserved 3094528K, committed 10240K, used 2943K [0x0000000743200000, 0x0000000800000000)
  region size 2M, 0 eden (0M), 1 survivor (2M), 2 old (4M), 0 humongous (0M), 2 free (4M)
}
Event: 0.337 {heap Before GC invocations=2 (full 0):
 garbage-first heap   total reserved 3094528K, committed 10240K, used 4991K [0x0000000743200000, 0x0000000800000000)
  region size 2M, 1 eden (2M), 1 survivor (2M), 2 old (4M), 0 humongous (0M), 1 free (2M)
}
Event: 0.339 {heap After GC invocations=3 (full 0):
 garbage-first heap   total reserved 3094528K, committed 10240K, used 3263K [0x0000000743200000, 0x0000000800000000)
  region size 2M, 0 eden (0M), 1 survivor (2M), 2 old (4M), 0 humongous (0M), 2 free (4M)
}
Event: 0.388 {heap Before GC invocations=3 (full 0):
 garbage-first heap   total reserved 3094528K, committed 10240K, used 5311K [0x0000000743200000, 0x0000000800000000)
  region size 2M, 1 eden (2M), 1 survivor (2M), 2 old (4M), 0 humongous (0M), 1 free (2M)
}
Event: 0.391 {heap After GC invocations=4 (full 0):
 garbage-first heap   total reserved 3094528K, committed 26624K, used 3820K [0x0000000743200000, 0x0000000800000000)
  region size 2M, 0 eden (0M), 1 survivor (2M), 2 old (4M), 0 humongous (0M), 10 free (20M)
}
Event: 0.598 {heap Before GC invocations=4 (full 0):
 garbage-first heap   total reserved 3094528K, committed 26624K, used 12012K [0x0000000743200000, 0x0000000800000000)
  region size 2M, 5 eden (10M), 1 survivor (2M), 2 old (4M), 0 humongous (0M), 5 free (10M)
}
Event: 0.602 {heap After GC invocations=5 (full 0):
 garbage-first heap   total reserved 3094528K, committed 26624K, used 4482K [0x0000000743200000, 0x0000000800000000)
  region size 2M, 0 eden (0M), 1 survivor (2M), 2 old (4M), 0 humongous (0M), 10 free (20M)
}
Event: 0.733 {heap Before GC invocations=5 (full 0):
 garbage-first heap   total reserved 3094528K, committed 26624K, used 14722K [0x0000000743200000, 0x0000000800000000)
  region size 2M, 5 eden (10M), 1 survivor (2M), 2 old (4M), 0 humongous (0M), 5 free (10M)
}
Event: 0.737 {heap After GC invocations=6 (full 0):
 garbage-first heap   total reserved 3094528K, committed 26624K, used 4692K [0x0000000743200000, 0x0000000800000000)
  region size 2M, 0 eden (0M), 1 survivor (2M), 3 old (6M), 0 humongous (0M), 9 free (18M)
}
Event: 0.948 {heap Before GC invocations=6 (full 0):
 garbage-first heap   total reserved 3094528K, committed 26624K, used 16980K [0x0000000743200000, 0x0000000800000000)
  region size 2M, 6 eden (12M), 1 survivor (2M), 3 old (6M), 0 humongous (0M), 3 free (6M)
}
Event: 0.951 {heap After GC invocations=7 (full 0):
 garbage-first heap   total reserved 3094528K, committed 26624K, used 5133K [0x0000000743200000, 0x0000000800000000)
  region size 2M, 0 eden (0M), 1 survivor (2M), 3 old (6M), 0 humongous (0M), 9 free (18M)
}
Event: 1.169 {heap Before GC invocations=7 (full 0):
 garbage-first heap   total reserved 3094528K, committed 26624K, used 17421K [0x0000000743200000, 0x0000000800000000)
  region size 2M, 6 eden (12M), 1 survivor (2M), 3 old (6M), 0 humongous (0M), 3 free (6M)
}
Event: 1.174 {heap After GC invocations=8 (full 0):
 garbage-first heap   total reserved 3094528K, committed 26624K, used 6230K [0x0000000743200000, 0x0000000800000000)
  region size 2M, 0 eden (0M), 1 survivor (2M), 3 old (6M), 0 humongous (0M), 9 free (18M)
}
Event: 1.455 {heap Before GC invocations=8 (full 0):
 garbage-first heap   total reserved 3094528K, committed 26624K, used 18518K [0x0000000743200000, 0x0000000800000000)
  region size 2M, 6 eden (12M), 1 survivor (2M), 3 old (6M), 0 humongous (0M), 3 free (6M)
}
Event: 1.460 {heap After GC invocations=9 (full 0):
 garbage-first heap   total reserved 3094528K, committed 73728K, used 7589K [0x0000000743200000, 0x0000000800000000)
  region size 2M, 0 eden (0M), 1 survivor (2M), 4 old (8M), 0 humongous (0M), 31 free (62M)
}
Event: 2.206 {heap Before GC invocations=9 (full 0):
 garbage-first heap   total reserved 3094528K, committed 73728K, used 46501K [0x0000000743200000, 0x0000000800000000)
  region size 2M, 20 eden (40M), 1 survivor (2M), 4 old (8M), 0 humongous (0M), 11 free (22M)
}
Event: 2.217 {heap After GC invocations=10 (full 0):
 garbage-first heap   total reserved 3094528K, committed 73728K, used 11388K [0x0000000743200000, 0x0000000800000000)
  region size 2M, 0 eden (0M), 3 survivor (6M), 4 old (8M), 0 humongous (0M), 29 free (58M)
}

Metaspace Usage History (20 events):
Event: 0.199 {metaspace Before GC invocations=0 (full 0):
 Metaspace       used 971K, committed 1088K, reserved 1114112K
  class space    used 74K, committed 128K, reserved 1048576K
}
Event: 0.201 {metaspace After GC invocations=1 (full 0):
 Metaspace       used 971K, committed 1088K, reserved 1114112K
  class space    used 74K, committed 128K, reserved 1048576K
}
Event: 0.279 {metaspace Before GC invocations=1 (full 0):
 Metaspace       used 1870K, committed 2048K, reserved 1114112K
  class space    used 172K, committed 256K, reserved 1048576K
}
Event: 0.282 {metaspace After GC invocations=2 (full 0):
 Metaspace       used 1870K, committed 2048K, reserved 1114112K
  class space    used 172K, committed 256K, reserved 1048576K
}
Event: 0.337 {metaspace Before GC invocations=2 (full 0):
 Metaspace       used 2483K, committed 2688K, reserved 1114112K
  class space    used 236K, committed 320K, reserved 1048576K
}
Event: 0.339 {metaspace After GC invocations=3 (full 0):
 Metaspace       used 2483K, committed 2688K, reserved 1114112K
  class space    used 236K, committed 320K, reserved 1048576K
}
Event: 0.388 {metaspace Before GC invocations=3 (full 0):
 Metaspace       used 2827K, committed 2944K, reserved 1114112K
  class space    used 281K, committed 320K, reserved 1048576K
}
Event: 0.391 {metaspace After GC invocations=4 (full 0):
 Metaspace       used 2827K, committed 2944K, reserved 1114112K
  class space    used 281K, committed 320K, reserved 1048576K
}
Event: 0.598 {metaspace Before GC invocations=4 (full 0):
 Metaspace       used 5548K, committed 5760K, reserved 1114112K
  class space    used 669K, committed 768K, reserved 1048576K
}
Event: 0.602 {metaspace After GC invocations=5 (full 0):
 Metaspace       used 5548K, committed 5760K, reserved 1114112K
  class space    used 669K, committed 768K, reserved 1048576K
}
Event: 0.733 {metaspace Before GC invocations=5 (full 0):
 Metaspace       used 6292K, committed 6528K, reserved 1114112K
  class space    used 768K, committed 896K, reserved 1048576K
}
Event: 0.737 {metaspace After GC invocations=6 (full 0):
 Metaspace       used 6292K, committed 6528K, reserved 1114112K
  class space    used 768K, committed 896K, reserved 1048576K
}
Event: 0.948 {metaspace Before GC invocations=6 (full 0):
 Metaspace       used 7543K, committed 7744K, reserved 1114112K
  class space    used 927K, committed 1024K, reserved 1048576K
}
Event: 0.951 {metaspace After GC invocations=7 (full 0):
 Metaspace       used 7543K, committed 7744K, reserved 1114112K
  class space    used 927K, committed 1024K, reserved 1048576K
}
Event: 1.169 {metaspace Before GC invocations=7 (full 0):
 Metaspace       used 10118K, committed 10240K, reserved 1114112K
  class space    used 1271K, committed 1344K, reserved 1048576K
}
Event: 1.174 {metaspace After GC invocations=8 (full 0):
 Metaspace       used 10118K, committed 10240K, reserved 1114112K
  class space    used 1271K, committed 1344K, reserved 1048576K
}
Event: 1.455 {metaspace Before GC invocations=8 (full 0):
 Metaspace       used 12169K, committed 12352K, reserved 1114112K
  class space    used 1575K, committed 1664K, reserved 1048576K
}
Event: 1.460 {metaspace After GC invocations=9 (full 0):
 Metaspace       used 12169K, committed 12352K, reserved 1114112K
  class space    used 1575K, committed 1664K, reserved 1048576K
}
Event: 2.206 {metaspace Before GC invocations=9 (full 0):
 Metaspace       used 16192K, committed 16448K, reserved 1114112K
  class space    used 2020K, committed 2112K, reserved 1048576K
}
Event: 2.217 {metaspace After GC invocations=10 (full 0):
 Metaspace       used 16192K, committed 16448K, reserved 1114112K
  class space    used 2020K, committed 2112K, reserved 1048576K
}

Dll operation events (14 events):
Event: 0.009 Attempting to load shared library D:\Apache NetBeans\jdk\bin\java.dll
Event: 0.010 Loaded shared library D:\Apache NetBeans\jdk\bin\java.dll
Event: 0.049 Attempting to load shared library D:\Apache NetBeans\jdk\bin\net.dll
Event: 0.050 Loaded shared library D:\Apache NetBeans\jdk\bin\net.dll
Event: 0.052 Attempting to load shared library D:\Apache NetBeans\jdk\bin\nio.dll
Event: 0.052 Loaded shared library D:\Apache NetBeans\jdk\bin\nio.dll
Event: 0.055 Attempting to load shared library D:\Apache NetBeans\jdk\bin\zip.dll
Event: 0.055 Loaded shared library D:\Apache NetBeans\jdk\bin\zip.dll
Event: 0.201 Attempting to load shared library D:\Apache NetBeans\java\maven\lib\jansi-native\Windows\x86_64\jansi.dll
Event: 0.202 Loaded shared library D:\Apache NetBeans\java\maven\lib\jansi-native\Windows\x86_64\jansi.dll
Event: 0.203 Attempting to load shared library D:\Apache NetBeans\jdk\bin\jimage.dll
Event: 0.203 Loaded shared library D:\Apache NetBeans\jdk\bin\jimage.dll
Event: 0.214 Attempting to load shared library D:\Apache NetBeans\jdk\bin\verify.dll
Event: 0.215 Loaded shared library D:\Apache NetBeans\jdk\bin\verify.dll

Deoptimization events (20 events):
Event: 2.342 Thread 0x0000027e8a63db10 DEOPT PACKING pc=0x0000027e9d57d388 sp=0x000000c463ffda50
Event: 2.342 Thread 0x0000027e8a63db10 DEOPT UNPACKING pc=0x0000027e9d024402 sp=0x000000c463ffd8f8 mode 2
Event: 2.342 Thread 0x0000027e8a63db10 Uncommon trap: trap_request=0xffffff45 fr.pc=0x0000027e9d581c48 relative=0x0000000000001b48
Event: 2.342 Thread 0x0000027e8a63db10 Uncommon trap: reason=unstable_if action=reinterpret pc=0x0000027e9d581c48 method=sun.net.www.ParseUtil.firstEncodeIndex(Ljava/lang/String;)I @ 73 c2
Event: 2.342 Thread 0x0000027e8a63db10 DEOPT PACKING pc=0x0000027e9d581c48 sp=0x000000c463ffda00
Event: 2.342 Thread 0x0000027e8a63db10 DEOPT UNPACKING pc=0x0000027e9d024402 sp=0x000000c463ffd8f8 mode 2
Event: 2.365 Thread 0x0000027e8a63db10 Uncommon trap: trap_request=0xffffffbe fr.pc=0x0000027e9d55fbac relative=0x0000000000000f2c
Event: 2.365 Thread 0x0000027e8a63db10 Uncommon trap: reason=profile_predicate action=maybe_recompile pc=0x0000027e9d55fbac method=java.util.TimSort.binarySort([Ljava/lang/Object;IIILjava/util/Comparator;)V @ 34 c2
Event: 2.365 Thread 0x0000027e8a63db10 DEOPT PACKING pc=0x0000027e9d55fbac sp=0x000000c463ffe070
Event: 2.365 Thread 0x0000027e8a63db10 DEOPT UNPACKING pc=0x0000027e9d024402 sp=0x000000c463ffe030 mode 2
Event: 2.373 Thread 0x0000027e8a63db10 DEOPT PACKING pc=0x0000027e959ea5d6 sp=0x000000c463ffd890
Event: 2.373 Thread 0x0000027e8a63db10 DEOPT UNPACKING pc=0x0000027e9cf415a2 sp=0x000000c463ffcd90 mode 0
Event: 2.385 Thread 0x0000027e8a63db10 Uncommon trap: trap_request=0xffffff45 fr.pc=0x0000027e9d5c57d8 relative=0x00000000000013d8
Event: 2.385 Thread 0x0000027e8a63db10 Uncommon trap: reason=unstable_if action=reinterpret pc=0x0000027e9d5c57d8 method=org.codehaus.plexus.util.xml.pull.MXParser.nextImpl()I @ 280 c2
Event: 2.385 Thread 0x0000027e8a63db10 DEOPT PACKING pc=0x0000027e9d5c57d8 sp=0x000000c463ffcdd0
Event: 2.385 Thread 0x0000027e8a63db10 DEOPT UNPACKING pc=0x0000027e9d024402 sp=0x000000c463ffcd48 mode 2
Event: 2.411 Thread 0x0000027e8a63db10 Uncommon trap: trap_request=0xffffffde fr.pc=0x0000027e9d4d2cd8 relative=0x0000000000000c58
Event: 2.411 Thread 0x0000027e8a63db10 Uncommon trap: reason=class_check action=maybe_recompile pc=0x0000027e9d4d2cd8 method=java.util.concurrent.ConcurrentHashMap.putVal(Ljava/lang/Object;Ljava/lang/Object;Z)Ljava/lang/Object; @ 242 c2
Event: 2.411 Thread 0x0000027e8a63db10 DEOPT PACKING pc=0x0000027e9d4d2cd8 sp=0x000000c463ffd590
Event: 2.411 Thread 0x0000027e8a63db10 DEOPT UNPACKING pc=0x0000027e9d024402 sp=0x000000c463ffd4f0 mode 2

Classes loaded (20 events):
Event: 2.133 Loading class jdk/internal/reflect/MethodHandleBooleanFieldAccessorImpl
Event: 2.133 Loading class jdk/internal/reflect/MethodHandleBooleanFieldAccessorImpl done
Event: 2.145 Loading class java/lang/Character$UnicodeBlock
Event: 2.145 Loading class java/lang/Character$Subset
Event: 2.145 Loading class java/lang/Character$Subset done
Event: 2.145 Loading class java/lang/Character$UnicodeBlock done
Event: 2.187 Loading class sun/nio/cs/ISO_8859_1$Decoder
Event: 2.187 Loading class sun/nio/cs/ISO_8859_1$Decoder done
Event: 2.323 Loading class java/io/FileWriter
Event: 2.323 Loading class java/io/FileWriter done
Event: 2.345 Loading class jdk/internal/reflect/MethodHandleIntegerFieldAccessorImpl
Event: 2.345 Loading class jdk/internal/reflect/MethodHandleIntegerFieldAccessorImpl done
Event: 2.347 Loading class java/util/concurrent/ConcurrentLinkedDeque
Event: 2.347 Loading class java/util/concurrent/ConcurrentLinkedDeque done
Event: 2.347 Loading class java/util/concurrent/ConcurrentLinkedDeque$Node
Event: 2.347 Loading class java/util/concurrent/ConcurrentLinkedDeque$Node done
Event: 2.348 Loading class java/util/ServiceConfigurationError
Event: 2.348 Loading class java/util/ServiceConfigurationError done
Event: 2.367 Loading class sun/nio/ch/ChannelOutputStream
Event: 2.367 Loading class sun/nio/ch/ChannelOutputStream done

Classes unloaded (0 events):
No events

Classes redefined (0 events):
No events

Internal exceptions (20 events):
Event: 1.215 Thread 0x0000027e8a63db10 Exception <a 'java/lang/NoSuchMethodError'{0x00000007449caa28}: 'void java.lang.invoke.DirectMethodHandle$Holder.invokeStaticInit(java.lang.Object, java.lang.Object, java.lang.Object)'> (0x00000007449caa28) 
thrown [s\src\hotspot\share\interpreter\linkResolver.cpp, line 804]
Event: 1.225 Thread 0x0000027e8a63db10 Implicit null exception at 0x0000027e9d51549d to 0x0000027e9d515624
Event: 1.227 Thread 0x0000027e8a63db10 Exception <a 'java/lang/NoSuchMethodError'{0x00000007446590c8}: 'java.lang.Object java.lang.invoke.Invokers$Holder.invokeExact_MT(java.lang.Object, int, java.lang.Object)'> (0x00000007446590c8) 
thrown [s\src\hotspot\share\interpreter\linkResolver.cpp, line 804]
Event: 1.424 Thread 0x0000027e8a63db10 Exception <a 'java/lang/NoSuchMethodError'{0x0000000743ecc7c8}: 'void java.lang.invoke.Invokers$Holder.invokeExact_MT(java.lang.Object, java.lang.Object, java.lang.Object, java.lang.Object)'> (0x0000000743ecc7c8) 
thrown [s\src\hotspot\share\interpreter\linkResolver.cpp, line 804]
Event: 1.438 Thread 0x0000027e8a63db10 Exception <a 'java/lang/NoClassDefFoundError'{0x0000000743f54ce0}: com/google/inject/servlet/ServletModuleTargetVisitor> (0x0000000743f54ce0) 
thrown [s\src\hotspot\share\classfile\systemDictionary.cpp, line 319]
Event: 1.530 Thread 0x0000027e8a63db10 Exception <a 'java/lang/NoSuchMethodError'{0x000000074749cf60}: 'java.lang.Object java.lang.invoke.DirectMethodHandle$Holder.invokeStaticInit(java.lang.Object, int, int, int, int)'> (0x000000074749cf60) 
thrown [s\src\hotspot\share\interpreter\linkResolver.cpp, line 804]
Event: 1.612 Thread 0x0000027e8a63db10 Exception <a 'java/lang/NoSuchMethodError'{0x0000000747075698}: 'java.lang.Object java.lang.invoke.DirectMethodHandle$Holder.invokeVirtual(java.lang.Object, java.lang.Object, java.lang.Object)'> (0x0000000747075698) 
thrown [s\src\hotspot\share\interpreter\linkResolver.cpp, line 804]
Event: 1.614 Thread 0x0000027e8a63db10 Exception <a 'java/lang/NoSuchMethodError'{0x000000074709ca20}: 'void java.lang.invoke.DirectMethodHandle$Holder.invokeSpecial(java.lang.Object, java.lang.Object, java.lang.Object, java.lang.Object, java.lang.Object, java.lang.Object)'> (0x000000074709ca20) 
thrown [s\src\hotspot\share\interpreter\linkResolver.cpp, line 804]
Event: 1.643 Thread 0x0000027e8a63db10 Exception <a 'java/lang/NoSuchMethodError'{0x00000007471db518}: 'void java.lang.invoke.DirectMethodHandle$Holder.invokeVirtual(java.lang.Object, java.lang.Object, int)'> (0x00000007471db518) 
thrown [s\src\hotspot\share\interpreter\linkResolver.cpp, line 804]
Event: 1.646 Thread 0x0000027e8a63db10 Exception <a 'java/lang/NoSuchMethodError'{0x00000007471f3d48}: 'java.lang.Object java.lang.invoke.DirectMethodHandle$Holder.invokeStatic(java.lang.Object, java.lang.Object, java.lang.Object, java.lang.Object, int)'> (0x00000007471f3d48) 
thrown [s\src\hotspot\share\interpreter\linkResolver.cpp, line 804]
Event: 1.647 Thread 0x0000027e8a63db10 Exception <a 'java/lang/NoSuchMethodError'{0x0000000746e067f8}: 'void java.lang.invoke.DirectMethodHandle$Holder.invokeSpecial(java.lang.Object, java.lang.Object, java.lang.Object, int)'> (0x0000000746e067f8) 
thrown [s\src\hotspot\share\interpreter\linkResolver.cpp, line 804]
Event: 1.647 Thread 0x0000027e8a63db10 Exception <a 'java/lang/NoSuchMethodError'{0x0000000746e0eb90}: 'void java.lang.invoke.DelegatingMethodHandle$Holder.reinvoke_L(java.lang.Object, java.lang.Object, int)'> (0x0000000746e0eb90) 
thrown [s\src\hotspot\share\interpreter\linkResolver.cpp, line 804]
Event: 1.836 Thread 0x0000027e8a63db10 Implicit null exception at 0x0000027e9d53d24b to 0x0000027e9d53d488
Event: 1.836 Thread 0x0000027e8a63db10 Implicit null exception at 0x0000027e9d5a1157 to 0x0000027e9d5a1e38
Event: 1.836 Thread 0x0000027e8a63db10 Implicit null exception at 0x0000027e9d54aa4b to 0x0000027e9d54ac3c
Event: 1.836 Thread 0x0000027e8a63db10 Implicit null exception at 0x0000027e9d58a439 to 0x0000027e9d58aa6c
Event: 1.838 Thread 0x0000027e8a63db10 Exception <a 'java/lang/NoSuchMethodError'{0x000000074646a268}: 'void java.lang.invoke.DirectMethodHandle$Holder.invokeStatic(java.lang.Object, java.lang.Object, java.lang.Object, java.lang.Object)'> (0x000000074646a268) 
thrown [s\src\hotspot\share\interpreter\linkResolver.cpp, line 804]
Event: 1.849 Thread 0x0000027e8a63db10 Exception <a 'java/lang/NoSuchMethodError'{0x0000000746511628}: 'java.lang.Object java.lang.invoke.DirectMethodHandle$Holder.newInvokeSpecial(java.lang.Object, java.lang.Object, java.lang.Object, java.lang.Object, java.lang.Object, java.lang.Object, java.lang.Object)'> (0x0000000746511628) 
thrown [s\src\hotspot\share\interpreter\linkResolver.cpp, line 804]
Event: 2.106 Thread 0x0000027e8a63db10 Exception <a 'java/lang/NoSuchMethodError'{0x0000000745731050}: 'int java.lang.invoke.DirectMethodHandle$Holder.invokeVirtual(java.lang.Object, java.lang.Object)'> (0x0000000745731050) 
thrown [s\src\hotspot\share\interpreter\linkResolver.cpp, line 804]
Event: 2.134 Thread 0x0000027e8a63db10 Exception <a 'java/lang/NoSuchMethodError'{0x0000000745487718}: 'void java.lang.invoke.Invokers$Holder.invokeExact_MT(java.lang.Object, java.lang.Object, int, java.lang.Object)'> (0x0000000745487718) 
thrown [s\src\hotspot\share\interpreter\linkResolver.cpp, line 804]

VM Operations (20 events):
Event: 1.264 Executing non-safepoint VM operation: HandshakeAllThreads (Deoptimize)
Event: 1.264 Executing non-safepoint VM operation: HandshakeAllThreads (Deoptimize) done
Event: 1.419 Executing non-safepoint VM operation: HandshakeAllThreads (Deoptimize)
Event: 1.419 Executing non-safepoint VM operation: HandshakeAllThreads (Deoptimize) done
Event: 1.455 Executing safepoint VM operation: G1CollectForAllocation (G1 Evacuation Pause)
Event: 1.460 Executing safepoint VM operation: G1CollectForAllocation (G1 Evacuation Pause) done
Event: 1.498 Executing non-safepoint VM operation: HandshakeAllThreads (Deoptimize)
Event: 1.498 Executing non-safepoint VM operation: HandshakeAllThreads (Deoptimize) done
Event: 1.519 Executing non-safepoint VM operation: HandshakeAllThreads (Deoptimize)
Event: 1.519 Executing non-safepoint VM operation: HandshakeAllThreads (Deoptimize) done
Event: 1.542 Executing non-safepoint VM operation: HandshakeAllThreads (Deoptimize)
Event: 1.542 Executing non-safepoint VM operation: HandshakeAllThreads (Deoptimize) done
Event: 1.581 Executing non-safepoint VM operation: HandshakeAllThreads (Deoptimize)
Event: 1.581 Executing non-safepoint VM operation: HandshakeAllThreads (Deoptimize) done
Event: 1.581 Executing non-safepoint VM operation: HandshakeAllThreads (Deoptimize)
Event: 1.581 Executing non-safepoint VM operation: HandshakeAllThreads (Deoptimize) done
Event: 2.133 Executing non-safepoint VM operation: HandshakeAllThreads (Deoptimize)
Event: 2.133 Executing non-safepoint VM operation: HandshakeAllThreads (Deoptimize) done
Event: 2.206 Executing safepoint VM operation: G1CollectForAllocation (G1 Evacuation Pause)
Event: 2.217 Executing safepoint VM operation: G1CollectForAllocation (G1 Evacuation Pause) done

Memory protections (0 events):
No events

Nmethod flushes (0 events):
No events

Events (18 events):
Event: 0.023 Thread 0x0000027e8a63db10 Thread added: 0x0000027e8a63db10
Event: 0.027 Thread 0x0000027e8a63db10 JVMTI - enter early start phase
Event: 0.036 Thread 0x0000027e8a63db10 Thread added: 0x0000027eab7f9420
Event: 0.036 Thread 0x0000027e8a63db10 Thread added: 0x0000027eab7f9bd0
Event: 0.036 Thread 0x0000027e8a63db10 Thread added: 0x0000027eab7fc9c0
Event: 0.036 Thread 0x0000027e8a63db10 Thread added: 0x0000027eab801180
Event: 0.036 Thread 0x0000027e8a63db10 Thread added: 0x0000027eab8084d0
Event: 0.036 Thread 0x0000027e8a63db10 Thread added: 0x0000027eab812dd0
Event: 0.036 Thread 0x0000027e8a63db10 Thread added: 0x0000027eab81d670
Event: 0.036 Thread 0x0000027e8a63db10 Thread added: 0x0000027eab825e80
Event: 0.046 Thread 0x0000027e8a63db10 JVMTI - enter start phase
Event: 0.046 Thread 0x0000027e8a63db10 JVMTI - enter live phase
Event: 0.046 Thread 0x0000027e8a63db10 Thread added: 0x0000027eab993e70
Event: 0.047 Thread 0x0000027e8a63db10 Thread added: 0x0000027eab99b370
Event: 0.160 Thread 0x0000027eab825e80 Thread added: 0x0000027eb0122c20
Event: 0.197 Thread 0x0000027e8a63db10 Thread added: 0x0000027eabbcfb70
Event: 0.209 Thread 0x0000027eabbcfb70 Thread exited: 0x0000027eabbcfb70
Event: 0.593 Thread 0x0000027eab825e80 Thread added: 0x0000027eb090a2f0


Dynamic libraries:
0x00007ff68db70000 - 0x00007ff68db7e000 	D:\Apache NetBeans\jdk\bin\java.exe
0x00007ff86dac0000 - 0x00007ff86dd28000 	C:\WINDOWS\SYSTEM32\ntdll.dll
0x00007ff86c980000 - 0x00007ff86ca49000 	C:\WINDOWS\System32\KERNEL32.DLL
0x00007ff86b270000 - 0x00007ff86b668000 	C:\WINDOWS\System32\KERNELBASE.dll
0x00007ff86b030000 - 0x00007ff86b17b000 	C:\WINDOWS\System32\ucrtbase.dll
0x00007ff81ff60000 - 0x00007ff81ff77000 	D:\Apache NetBeans\jdk\bin\jli.dll
0x00007ff82f1c0000 - 0x00007ff82f1de000 	D:\Apache NetBeans\jdk\bin\VCRUNTIME140.dll
0x00007ff86c6e0000 - 0x00007ff86c8a7000 	C:\WINDOWS\System32\USER32.dll
0x00007ff86b180000 - 0x00007ff86b1a7000 	C:\WINDOWS\System32\win32u.dll
0x00007ff86c500000 - 0x00007ff86c52b000 	C:\WINDOWS\System32\GDI32.dll
0x00007ff86af00000 - 0x00007ff86b02c000 	C:\WINDOWS\System32\gdi32full.dll
0x00007ff86b670000 - 0x00007ff86b713000 	C:\WINDOWS\System32\msvcp_win.dll
0x00007ff8546b0000 - 0x00007ff854944000 	C:\WINDOWS\WinSxS\amd64_microsoft.windows.common-controls_6595b64144ccf1df_6.0.26100.7019_none_3e06ffa0e335b8a8\COMCTL32.dll
0x00007ff86c8b0000 - 0x00007ff86c959000 	C:\WINDOWS\System32\msvcrt.dll
0x00007ff86d0d0000 - 0x00007ff86d101000 	C:\WINDOWS\System32\IMM32.DLL
0x0000000060410000 - 0x000000006041d000 	D:\Program Files (x86)\360\Total Security\safemon\SafeWrapper.dll
0x00007ff86c440000 - 0x00007ff86c4f4000 	C:\WINDOWS\System32\ADVAPI32.dll
0x00007ff86d6a0000 - 0x00007ff86d746000 	C:\WINDOWS\System32\sechost.dll
0x00007ff86d750000 - 0x00007ff86d868000 	C:\WINDOWS\System32\RPCRT4.dll
0x00007ff8684b0000 - 0x00007ff8685b5000 	D:\Program Files (x86)\360\Total Security\safemon\libzdtp64.dll
0x00007ff86bc60000 - 0x00007ff86c3af000 	C:\WINDOWS\System32\SHELL32.dll
0x00007ff86ad90000 - 0x00007ff86aefb000 	C:\WINDOWS\System32\wintypes.dll
0x00007ff86cbd0000 - 0x00007ff86cf5b000 	C:\WINDOWS\System32\combase.dll
0x00007ff86d060000 - 0x00007ff86d0c7000 	C:\WINDOWS\System32\SHLWAPI.dll
0x00007ff86a700000 - 0x00007ff86a70b000 	C:\WINDOWS\SYSTEM32\VERSION.dll
0x00007ff84ab70000 - 0x00007ff84ab7c000 	D:\Apache NetBeans\jdk\bin\vcruntime140_1.dll
0x00007ff8186b0000 - 0x00007ff81873d000 	D:\Apache NetBeans\jdk\bin\msvcp140.dll
0x00007fffe18b0000 - 0x00007fffe284b000 	D:\Apache NetBeans\jdk\bin\server\jvm.dll
0x00007ff86d190000 - 0x00007ff86d204000 	C:\WINDOWS\System32\WS2_32.dll
0x00007ff86aa70000 - 0x00007ff86aace000 	C:\WINDOWS\SYSTEM32\POWRPROF.dll
0x00007ff861eb0000 - 0x00007ff861ee5000 	C:\WINDOWS\SYSTEM32\WINMM.dll
0x00007ff86aa50000 - 0x00007ff86aa64000 	C:\WINDOWS\SYSTEM32\UMPDC.dll
0x00007ff869920000 - 0x00007ff86993b000 	C:\WINDOWS\SYSTEM32\kernel.appcore.dll
0x00007ff83eda0000 - 0x00007ff83edaa000 	D:\Apache NetBeans\jdk\bin\jimage.dll
0x00007ff867d30000 - 0x00007ff867f72000 	C:\WINDOWS\SYSTEM32\DBGHELP.DLL
0x00007ff86cf60000 - 0x00007ff86d037000 	C:\WINDOWS\System32\OLEAUT32.dll
0x00007ff82cf80000 - 0x00007ff82cfbc000 	C:\WINDOWS\SYSTEM32\dbgcore.DLL
0x00007ff86b7b0000 - 0x00007ff86b855000 	C:\WINDOWS\System32\bcryptPrimitives.dll
0x00007ff82a890000 - 0x00007ff82a8ae000 	D:\Apache NetBeans\jdk\bin\java.dll
0x00007ff86c530000 - 0x00007ff86c6c7000 	C:\WINDOWS\System32\ole32.dll
0x00007ff868780000 - 0x00007ff868fdd000 	C:\WINDOWS\SYSTEM32\windows.storage.dll
0x00007ff86d870000 - 0x00007ff86d962000 	C:\WINDOWS\System32\SHCORE.dll
0x00007ff86ab30000 - 0x00007ff86ab59000 	C:\WINDOWS\SYSTEM32\profapi.dll
0x00007ff819580000 - 0x00007ff819591000 	D:\Apache NetBeans\jdk\bin\net.dll
0x00007ff869e70000 - 0x00007ff869edb000 	C:\WINDOWS\system32\mswsock.dll
0x00007ff819040000 - 0x00007ff819056000 	D:\Apache NetBeans\jdk\bin\nio.dll
0x00007ff81fce0000 - 0x00007ff81fcf6000 	D:\Apache NetBeans\jdk\bin\zip.dll
0x00007ff8654d0000 - 0x00007ff8654f4000 	D:\Apache NetBeans\java\maven\lib\jansi-native\Windows\x86_64\jansi.dll
0x00007ff8347b0000 - 0x00007ff8347c0000 	D:\Apache NetBeans\jdk\bin\verify.dll

JVMTI agents: none

dbghelp: loaded successfully - version: 4.0.5 - missing functions: none
symbol engine: initialized successfully - sym options: 0x614 - pdb path: .;D:\Apache NetBeans\jdk\bin;C:\WINDOWS\SYSTEM32;C:\WINDOWS\WinSxS\amd64_microsoft.windows.common-controls_6595b64144ccf1df_6.0.26100.7019_none_3e06ffa0e335b8a8;D:\Program Files (x86)\360\Total Security\safemon;D:\Apache NetBeans\jdk\bin\server;D:\Apache NetBeans\java\maven\lib\jansi-native\Windows\x86_64

VM Arguments:
jvm_args: --enable-native-access=ALL-UNNAMED -Dclassworlds.conf=D:\Apache NetBeans\java\maven\bin\m2.conf -Dmaven.home=D:\Apache NetBeans\java\maven -Dlibrary.jansi.path=D:\Apache NetBeans\java\maven\lib\jansi-native -Dmaven.multiModuleProjectDirectory=D:\PBO\SistemPemesananTiketPesawat 
java_command: org.codehaus.plexus.classworlds.launcher.Launcher -Dexec.vmArgs= -Dexec.args=${exec.vmArgs} -classpath %classpath ${exec.mainClass} ${exec.appArgs} -Dexec.appArgs= -Dexec.mainClass=main.SistemPemesananTiketPesawat -Dexec.executable=D:\Apache NetBeans\jdk\bin\java.exe -Dmaven.ext.class.path=D:\Apache NetBeans\java\maven-nblib\netbeans-eventspy.jar --no-transfer-progress process-classes org.codehaus.mojo:exec-maven-plugin:3.6.3:exec
java_class_path (initial): D:\Apache NetBeans\java\maven\boot\plexus-classworlds-2.11.0.jar
Launcher Type: SUN_STANDARD

[Global flags]
     bool AOTAdapterCaching                        = false                                  {diagnostic} {ergonomic}
     bool AOTInvokeDynamicLinking                  = false                                  {diagnostic} {ergonomic}
     bool AOTRecordTraining                        = false                                  {diagnostic} {ergonomic}
     bool AOTReplayTraining                        = false                                  {diagnostic} {ergonomic}
     bool AOTStubCaching                           = false                                  {diagnostic} {ergonomic}
     intx CICompilerCount                          = 4                                         {product} {ergonomic}
     uint ConcGCThreads                            = 2                                         {product} {ergonomic}
     uint G1ConcRefinementThreads                  = 8                                         {product} {ergonomic}
     uint G1EagerReclaimRemSetThreshold            = 16                                   {experimental} {ergonomic}
   size_t G1HeapRegionSize                         = 2097152                                   {product} {ergonomic}
     uint G1RemSetArrayOfCardsEntries              = 16                                   {experimental} {ergonomic}
     uint G1RemSetHowlMaxNumBuckets                = 8                                    {experimental} {ergonomic}
     uint G1RemSetHowlNumBuckets                   = 8                                    {experimental} {ergonomic}
   size_t InitialHeapSize                          = 8388608                                   {product} {ergonomic}
     bool IntelJccErratumMitigation                = false                             {ARCH diagnostic} {ergonomic}
   size_t MarkStackSize                            = 4194304                                   {product} {ergonomic}
   size_t MarkStackSizeMax                         = 536870912                                 {product} {ergonomic}
   size_t MaxHeapSize                              = 3168796672                                {product} {ergonomic}
   size_t MaxNewSize                               = 1900019712                                {product} {ergonomic}
 uint64_t MaxRAM                                   = 12674457600                               {product} {ergonomic}
   size_t MinHeapDeltaBytes                        = 2097152                                   {product} {ergonomic}
   size_t MinHeapSize                              = 8388608                                   {product} {ergonomic}
   size_t NonNMethodCodeHeapSize                   = 5898240                                {pd product} {ergonomic}
   size_t NonProfiledCodeHeapSize                  = 122945536                              {pd product} {ergonomic}
   size_t ProfiledCodeHeapSize                     = 122945536                              {pd product} {ergonomic}
   size_t ReservedCodeCacheSize                    = 251789312                              {pd product} {ergonomic}
     bool SegmentedCodeCache                       = true                                      {product} {ergonomic}
   size_t SoftMaxHeapSize                          = 3168796672                             {manageable} {ergonomic}
     bool UseCompressedOops                        = true                           {product lp64_product} {ergonomic}
     bool UseCondCardMark                          = true                                      {product} {ergonomic}
     bool UseFastUnorderedTimeStamps               = true                                 {experimental} {ergonomic}
     bool UseG1GC                                  = true                                      {product} {ergonomic}
     bool UseLargePagesIndividualAllocation        = false                                  {pd product} {ergonomic}
      int X86ICacheSync                            = 3                                 {ARCH diagnostic} {ergonomic}

Logging:
Log output configuration:
 #0: stdout all=warning uptime,level,tags foldmultilines=false
 #1: stderr all=off uptime,level,tags foldmultilines=false

Release file:
IMPLEMENTOR="Eclipse Adoptium" 
IMPLEMENTOR_VERSION="Temurin-26.0.2+10" 
JAVA_RUNTIME_VERSION="26.0.2+10" 
JAVA_VERSION="26.0.2" 
JAVA_VERSION_DATE="2026-07-21" 
LIBC="default" 
MODULES="java.base java.compiler java.datatransfer java.xml java.prefs java.desktop java.instrument java.logging java.management java.security.sasl java.naming java.rmi java.management.rmi java.net.http java.scripting java.security.jgss java.transaction.xa java.sql java.sql.rowset java.xml.crypto java.se java.smartcardio jdk.accessibility jdk.internal.jvmstat jdk.attach jdk.charsets jdk.internal.opt jdk.zipfs jdk.compiler jdk.crypto.cryptoki jdk.crypto.ec jdk.crypto.mscapi jdk.dynalink jdk.internal.ed jdk.editpad jdk.internal.vm.ci jdk.graal.compiler jdk.graal.compiler.management jdk.hotspot.agent jdk.httpserver jdk.incubator.vector jdk.internal.le jdk.internal.md jdk.jartool jdk.javadoc jdk.jcmd jdk.management jdk.management.agent jdk.jconsole jdk.jdeps jdk.jdwp.agent jdk.jdi jdk.jfr jdk.jlink jdk.jpackage jdk.jshell jdk.jstatd jdk.localedata jdk.management.jfr jdk.naming.dns jdk.naming.rmi jdk.net jdk.nio.mapmode jdk.sctp jdk.security.auth jdk.security.jgss jdk.unsupported jdk.unsupported.desktop jdk.xml.dom" 
OS_ARCH="x86_64" 
OS_NAME="Windows" 
SOURCE=".:git:8ef08853c5a2" 
BUILD_SOURCE="git:e6ba7dec3d07654074559310376a3ae89da5f4ac"
BUILD_SOURCE_REPO="https://github.com/adoptium/temurin-build.git"
SOURCE_REPO="https://github.com/adoptium/jdk26u.git"
FULL_VERSION="26.0.2+10"
SEMANTIC_VERSION="26.0.2+10"
BUILD_INFO="OS: Windows Server 2022 Version: 10.0"
JVM_VARIANT="Hotspot"
JVM_VERSION="26.0.2+10"
IMAGE_TYPE="JDK"

Environment Variables:
JAVA_HOME=D:\Apache NetBeans\jdk
PATH=C:\Windows\system32;C:\Windows;C:\Windows\System32\Wbem;C:\Windows\System32\WindowsPowerShell\v1.0\;C:\Windows\System32\OpenSSH\;C:\Program Files (x86)\NVIDIA Corporation\PhysX\Common;C:\WINDOWS\system32;C:\WINDOWS;C:\WINDOWS\System32\Wbem;C:\WINDOWS\System32\WindowsPowerShell\v1.0\;C:\WINDOWS\System32\OpenSSH\;C:\Program Files\dotnet\;D:\Git\cmd;C:\Users\Adbang 18\AppData\Local\Programs\Python\Python313\Scripts\;C:\Users\Adbang 18\AppData\Local\Programs\Python\Python313\;C:\Users\Adbang 18\AppData\Local\Microsoft\WindowsApps;C:\Users\Adbang 18\AppData\Local\Packages\PythonSoftwareFoundation.Python.3.12_qbz5n2kfra8p0\LocalCache\local-packages\Python312\site-packages\pip (python 3.12);C:\Users\Adbang 18\AppData\Local\Programs\Microsoft VS Code\bin;D:\Apache NetBeans\bin\
USERNAME=Adbang 18
OS=Windows_NT
PROCESSOR_IDENTIFIER=Intel64 Family 6 Model 140 Stepping 1, GenuineIntel
TMP=C:\Users\ADBANG~1\AppData\Local\Temp
TEMP=C:\Users\ADBANG~1\AppData\Local\Temp




Compilation memory statistics disabled.

Periodic native trim disabled

---------------  S Y S T E M  ---------------

OS:
 Windows 11 , 64 bit Build 26100 (10.0.26100.7019)
OS uptime: 0 days 0:40 hours
Hyper-V role detected

CPU: total 8 (initial active 8) (4 cores per cpu, 2 threads per core) family 6 model 140 stepping 1 microcode 0x66, cx8, cmov, fxsr, ht, mmx, 3dnowpref, sse, sse2, sse3, ssse3, sse4.1, sse4.2, popcnt, lzcnt, tsc, tscinvbit, avx, avx2, aes, erms, clmul, bmi1, bmi2, adx, avx512f, avx512dq, avx512cd, avx512bw, avx512vl, sha, fma, vzeroupper, avx512_vpopcntdq, avx512_vpclmulqdq, avx512_vaes, avx512_vnni, clflush, clflushopt, clwb, avx512_vbmi2, avx512_vbmi, hv, rdtscp, rdpid, fsrm, gfni, avx512_bitalg, f16c, cet_ibt, cet_ss, avx512_ifma
Processor Information for processor 0
  Max Mhz: 2803, Current Mhz: 1001, Mhz Limit: 2803
Processor Information for processor 1
  Max Mhz: 2803, Current Mhz: 2803, Mhz Limit: 2803
Processor Information for processor 2
  Max Mhz: 2803, Current Mhz: 2803, Mhz Limit: 2803
Processor Information for processor 3
  Max Mhz: 2803, Current Mhz: 2803, Mhz Limit: 2803
Processor Information for processor 4
  Max Mhz: 2803, Current Mhz: 1001, Mhz Limit: 2803
Processor Information for processor 5
  Max Mhz: 2803, Current Mhz: 2803, Mhz Limit: 2803
Processor Information for processor 6
  Max Mhz: 2803, Current Mhz: 2803, Mhz Limit: 2803
Processor Information for processor 7
  Max Mhz: 2803, Current Mhz: 1001, Mhz Limit: 2803

Memory: 4k page, system-wide physical 12087M (1248M free)
TotalPageFile size 12933M (AvailPageFile size 10M)
current process WorkingSet (physical memory assigned to process): 163M, peak: 165M
current process commit charge ("private bytes"): 202M, peak: 212M

vm_info: OpenJDK 64-Bit Server VM (26.0.2+10) for windows-amd64 JRE (26.0.2+10), built on 2026-07-21T00:00:00Z with MS VC++ 17.12 (VS2022)

END.
